Archive member included to satisfy reference by file (symbol)

../app/libapp.a(main.c.obj)   (--whole-archive)
../app/libapp.a(zephyr_motor.c.obj)
                              (--whole-archive)
../app/libapp.a(zephyr_encoder.c.obj)
                              (--whole-archive)
../app/libapp.a(zephyr_accelmotor.c.obj)
                              (--whole-archive)
../app/libapp.a(zephyr_ps2.c.obj)
                              (--whole-archive)
libzephyr.a(cbprintf.c.obj)   (--whole-archive)
libzephyr.a(cbprintf_packaged.c.obj)
                              (--whole-archive)
libzephyr.a(crc32c_sw.c.obj)  (--whole-archive)
libzephyr.a(crc32_sw.c.obj)   (--whole-archive)
libzephyr.a(crc16_sw.c.obj)   (--whole-archive)
libzephyr.a(crc8_sw.c.obj)    (--whole-archive)
libzephyr.a(crc7_sw.c.obj)    (--whole-archive)
libzephyr.a(dec.c.obj)        (--whole-archive)
libzephyr.a(fdtable.c.obj)    (--whole-archive)
libzephyr.a(hex.c.obj)        (--whole-archive)
libzephyr.a(notify.c.obj)     (--whole-archive)
libzephyr.a(printk.c.obj)     (--whole-archive)
libzephyr.a(onoff.c.obj)      (--whole-archive)
libzephyr.a(rb.c.obj)         (--whole-archive)
libzephyr.a(sem.c.obj)        (--whole-archive)
libzephyr.a(thread_entry.c.obj)
                              (--whole-archive)
libzephyr.a(timeutil.c.obj)   (--whole-archive)
libzephyr.a(heap.c.obj)       (--whole-archive)
libzephyr.a(heap-validate.c.obj)
                              (--whole-archive)
libzephyr.a(bitarray.c.obj)   (--whole-archive)
libzephyr.a(multi_heap.c.obj)
                              (--whole-archive)
libzephyr.a(cbprintf_complete.c.obj)
                              (--whole-archive)
libzephyr.a(assert.c.obj)     (--whole-archive)
libzephyr.a(mpsc_pbuf.c.obj)  (--whole-archive)
libzephyr.a(configs.c.obj)    (--whole-archive)
libzephyr.a(soc.c.obj)        (--whole-archive)
libzephyr.a(stm32cube_hal.c.obj)
                              (--whole-archive)
libzephyr.a(soc_config.c.obj)
                              (--whole-archive)
libzephyr.a(log_list.c.obj)   (--whole-archive)
libzephyr.a(log_core.c.obj)   (--whole-archive)
libzephyr.a(log_mgmt.c.obj)   (--whole-archive)
libzephyr.a(log_msg.c.obj)    (--whole-archive)
libzephyr.a(log_output.c.obj)
                              (--whole-archive)
libzephyr.a(log_msg2.c.obj)   (--whole-archive)
libzephyr.a(log_backend_uart.c.obj)
                              (--whole-archive)
libzephyr.a(tracing_none.c.obj)
                              (--whole-archive)
arch/common/libarch__common.a(sw_isr_common.c.obj)
                              (--whole-archive)
arch/arch/arm/core/aarch32/libarch__arm__core__aarch32.a(cpu_idle.S.obj)
                              (--whole-archive)
arch/arch/arm/core/aarch32/libarch__arm__core__aarch32.a(fatal.c.obj)
                              (--whole-archive)
arch/arch/arm/core/aarch32/libarch__arm__core__aarch32.a(irq_manage.c.obj)
                              (--whole-archive)
arch/arch/arm/core/aarch32/libarch__arm__core__aarch32.a(nmi.c.obj)
                              (--whole-archive)
arch/arch/arm/core/aarch32/libarch__arm__core__aarch32.a(nmi_on_reset.S.obj)
                              (--whole-archive)
arch/arch/arm/core/aarch32/libarch__arm__core__aarch32.a(prep_c.c.obj)
                              (--whole-archive)
arch/arch/arm/core/aarch32/libarch__arm__core__aarch32.a(swap.c.obj)
                              (--whole-archive)
arch/arch/arm/core/aarch32/libarch__arm__core__aarch32.a(swap_helper.S.obj)
                              (--whole-archive)
arch/arch/arm/core/aarch32/libarch__arm__core__aarch32.a(thread.c.obj)
                              (--whole-archive)
arch/arch/arm/core/aarch32/libarch__arm__core__aarch32.a(isr_wrapper.S.obj)
                              (--whole-archive)
arch/arch/arm/core/aarch32/cortex_m/libarch__arm__core__aarch32__cortex_m.a(exc_exit.S.obj)
                              (--whole-archive)
arch/arch/arm/core/aarch32/cortex_m/libarch__arm__core__aarch32__cortex_m.a(fault.c.obj)
                              (--whole-archive)
arch/arch/arm/core/aarch32/cortex_m/libarch__arm__core__aarch32__cortex_m.a(fault_s.S.obj)
                              (--whole-archive)
arch/arch/arm/core/aarch32/cortex_m/libarch__arm__core__aarch32__cortex_m.a(fpu.c.obj)
                              (--whole-archive)
arch/arch/arm/core/aarch32/cortex_m/libarch__arm__core__aarch32__cortex_m.a(irq_init.c.obj)
                              (--whole-archive)
arch/arch/arm/core/aarch32/cortex_m/libarch__arm__core__aarch32__cortex_m.a(reset.S.obj)
                              (--whole-archive)
arch/arch/arm/core/aarch32/cortex_m/libarch__arm__core__aarch32__cortex_m.a(scb.c.obj)
                              (--whole-archive)
arch/arch/arm/core/aarch32/cortex_m/libarch__arm__core__aarch32__cortex_m.a(thread_abort.c.obj)
                              (--whole-archive)
[...]
Memory Configuration

Name             Origin             Length             Attributes
FLASH            0x0000000008000000 0x0000000000100000 xr
SRAM             0x0000000020000000 0x0000000000050000 xw
IDT_LIST         0x00000000fffff7ff 0x0000000000000800 xw
*default*        0x0000000000000000 0xffffffffffffffff

Linker script and memory map

LOAD CMakeFiles/zephyr_final.dir/misc/empty_file.c.obj
LOAD CMakeFiles/zephyr_final.dir/dev_handles.c.obj
LOAD CMakeFiles/zephyr_final.dir/isr_tables.c.obj
LOAD CMakeFiles/offsets.dir/arch/arm/core/offsets/offsets.c.obj
                0x0000000000000020                _region_min_align = 0x20

.rel.plt        0x0000000008000000        0x0
 *(SORT_BY_ALIGNMENT(.rel.plt))
                [!provide]                        PROVIDE (__rel_iplt_start = .)
 *(SORT_BY_ALIGNMENT(.rel.iplt))
 .rel.iplt      0x0000000008000000        0x0 CMakeFiles/zephyr_final.dir/isr_tables.c.obj
                [!provide]                        PROVIDE (__rel_iplt_end = .)

.rela.plt       0x0000000000000000        0x0
 *(SORT_BY_ALIGNMENT(.rela.plt))
                [!provide]                        PROVIDE (__rela_iplt_start = .)
 *(SORT_BY_ALIGNMENT(.rela.iplt))
                [!provide]                        PROVIDE (__rela_iplt_end = .)

.rel.dyn
 *(SORT_BY_ALIGNMENT(.rel.*))

.rela.dyn
 *(SORT_BY_ALIGNMENT(.rela.*))

/DISCARD/
 *(SORT_BY_ALIGNMENT(.plt))

/DISCARD/
 *(SORT_BY_ALIGNMENT(.iplt))
                0x0000000008000000                __rom_region_start = 0x8000000

rom_start       0x0000000008000000      0x1ac
                0x0000000000000000                . = 0x0
                0x0000000000000000                . = ALIGN (0x4)
                0x0000000000000000                . = ALIGN (0x80)
                0x0000000000000000                . = ALIGN (0x200)
                0x0000000008000000                _vector_start = .
 *(SORT_BY_ALIGNMENT(.exc_vector_table))
 *(SORT_BY_ALIGNMENT(.exc_vector_table.*))
 .exc_vector_table._vector_table_section
                0x0000000008000000       0x40 arch/arch/arm/core/aarch32/cortex_m/libarch__arm__core__aarch32__cortex_m.a(vector_table.S.obj)
                0x0000000008000000                _vector_table
 *(SORT_BY_ALIGNMENT(.gnu.linkonce.irq_vector_table*))
 .gnu.linkonce.irq_vector_table
                0x0000000008000040      0x16c CMakeFiles/zephyr_final.dir/isr_tables.c.obj
                0x0000000008000040                _irq_vector_table
 *(SORT_BY_ALIGNMENT(.vectors))
                0x00000000080001ac                _vector_end = .

text            0x00000000080001b0     0x6640
                0x00000000080001b0                __text_region_start = .
 *(SORT_BY_ALIGNMENT(.text))
 .text          0x00000000080001b0       0xa0 /home/test/zephyr-sdk-0.17.4/arm-zephyr-eabi/bin/../lib/gcc/arm-zephyr-eabi/12.2.0/thumb/v7e-m+fp/hard/libgcc.a(_aeabi_ldivmod.o)
                0x00000000080001b0                __aeabi_ldivmod
 .text          0x0000000008000250       0x30 /home/test/zephyr-sdk-0.17.4/arm-zephyr-eabi/bin/../lib/gcc/arm-zephyr-eabi/12.2.0/thumb/v7e-m+fp/hard/libgcc.a(_aeabi_uldivmod.o)
                0x0000000008000250                __aeabi_uldivmod
 .text          0x0000000008000280        0x4 /home/test/zephyr-sdk-0.17.4/arm-zephyr-eabi/bin/../lib/gcc/arm-zephyr-eabi/12.2.0/thumb/v7e-m+fp/hard/libgcc.a(_dvmd_tls.o)
                0x0000000008000280                __aeabi_ldiv0
                0x0000000008000280                __aeabi_idiv0
 .text          0x0000000008000284      0x2a0 /home/test/zephyr-sdk-0.17.4/arm-zephyr-eabi/bin/../lib/gcc/arm-zephyr-eabi/12.2.0/thumb/v7e-m+fp/hard/libgcc.a(_udivmoddi4.o)
                0x0000000008000284                __udivmoddi4
 *(SORT_BY_ALIGNMENT(.text.*))
 *fill*         0x0000000008000524        0x4 
 .text.set_pwm  0x0000000008000528       0xb0 ../app/libapp.a(zephyr_motor.c.obj)
 .text.cbvprintf
                0x00000000080005d8      0xcd8 libzephyr.a(cbprintf_complete.c.obj)
                0x00000000080005d8                cbvprintf
 .text.ps2_thread
                0x00000000080012b0      0x14c ../app/libapp.a(main.c.obj)
                0x00000000080012b0                ps2_thread
 .text.motor_control_thread
                0x00000000080013fc       0x2c ../app/libapp.a(main.c.obj)
                0x00000000080013fc                motor_control_thread
 .text.main     0x0000000008001428      0x25c ../app/libapp.a(main.c.obj)
                0x0000000008001428                main
 .text.zephyr_motor_init
                0x0000000008001684       0xb0 ../app/libapp.a(zephyr_motor.c.obj)
                0x0000000008001684                zephyr_motor_init
 .text.cbvprintf_package
                0x0000000008001734      0x3f4 libzephyr.a(cbprintf_packaged.c.obj)
                0x0000000008001734                cbvprintf_package
 .text.char_out
                0x0000000008001b28       0x10 libzephyr.a(printk.c.obj)
 .text.__printk_hook_install
                0x0000000008001b38        0xc libzephyr.a(printk.c.obj)
                0x0000000008001b38                __printk_hook_install
 .text.vprintk  0x0000000008001b44       0x1c libzephyr.a(printk.c.obj)
                0x0000000008001b44                vprintk
 .text.timeutil_timegm64
                0x0000000008001b60       0xf0 libzephyr.a(timeutil.c.obj)
                0x0000000008001b60                timeutil_timegm64
 .text.stm32l4_init
                0x0000000008001c50       0x2c libzephyr.a(soc.c.obj)
 .text.msg_process
                0x0000000008001c7c       0x34 libzephyr.a(log_core.c.obj)
 .text.log_format_func_t_get
                0x0000000008001cb0        0xc libzephyr.a(log_core.c.obj)
                0x0000000008001cb0                log_format_func_t_get
 .text.log_core_init
                0x0000000008001cbc       0x28 libzephyr.a(log_core.c.obj)
                0x0000000008001cbc                log_core_init
 .text.log_init
                0x0000000008001ce4       0x58 libzephyr.a(log_core.c.obj)
                0x0000000008001ce4                log_init
 .text.z_impl_log_panic
                0x0000000008001d3c       0x40 libzephyr.a(log_core.c.obj)
                0x0000000008001d3c                z_impl_log_panic
 .text.z_log_notify_backend_enabled
                0x0000000008001d7c        0xc libzephyr.a(log_core.c.obj)
                0x0000000008001d7c                z_log_notify_backend_enabled
 .text.z_log_dropped
                0x0000000008001d88       0x3c libzephyr.a(log_core.c.obj)
                0x0000000008001d88                z_log_dropped
 .text.z_log_msg2_commit
                0x0000000008001dc4       0x1c libzephyr.a(log_core.c.obj)
                0x0000000008001dc4                z_log_msg2_commit
 .text.log_source_name_get
                0x0000000008001de0       0x1c libzephyr.a(log_mgmt.c.obj)
                0x0000000008001de0                log_source_name_get
 .text.log_backend_enable
                0x0000000008001dfc       0x1c libzephyr.a(log_mgmt.c.obj)
                0x0000000008001dfc                log_backend_enable
 .text.print_formatted
                0x0000000008001e18       0x24 libzephyr.a(log_output.c.obj)
 .text.prefix_print
                0x0000000008001e3c      0x13c libzephyr.a(log_output.c.obj)
 .text.newline_print
                0x0000000008001f78       0x1c libzephyr.a(log_output.c.obj)
 .text.hexdump_line_print
                0x0000000008001f94       0xd8 libzephyr.a(log_output.c.obj)
 .text.postfix_print
                0x000000000800206c       0x28 libzephyr.a(log_output.c.obj)
 .text.log_output_msg2_process
                0x0000000008002094       0xdc libzephyr.a(log_output.c.obj)
                0x0000000008002094                log_output_msg2_process
 .text.log_output_timestamp_freq_set
                0x0000000008002170       0x2c libzephyr.a(log_output.c.obj)
                0x0000000008002170                log_output_timestamp_freq_set
 .text.z_impl_z_log_msg2_runtime_vcreate
                0x000000000800219c       0x94 libzephyr.a(log_msg2.c.obj)
                0x000000000800219c                z_impl_z_log_msg2_runtime_vcreate
 .text.char_out
                0x0000000008002230       0x24 libzephyr.a(log_backend_uart.c.obj)
 .text.format_set
                0x0000000008002254        0xc libzephyr.a(log_backend_uart.c.obj)
 .text.log_backend_uart_init
                0x0000000008002260       0x10 libzephyr.a(log_backend_uart.c.obj)
 .text.panic    0x0000000008002270       0x14 libzephyr.a(log_backend_uart.c.obj)
 .text.process  0x0000000008002284       0x24 libzephyr.a(log_backend_uart.c.obj)
 .text.z_arm_cpu_idle_init
                0x00000000080022a8        0xc arch/arch/arm/core/aarch32/libarch__arm__core__aarch32.a(cpu_idle.S.obj)
                0x00000000080022a8                z_arm_cpu_idle_init
 .text.arch_cpu_idle
                0x00000000080022b4       0x1c arch/arch/arm/core/aarch32/libarch__arm__core__aarch32.a(cpu_idle.S.obj)
                0x00000000080022b4                arch_cpu_idle
 .text.z_arm_fatal_error
                0x00000000080022d0      0x128 arch/arch/arm/core/aarch32/libarch__arm__core__aarch32.a(fatal.c.obj)
                0x00000000080022d0                z_arm_fatal_error
 .text.arch_irq_enable
                0x00000000080023f8       0x1c arch/arch/arm/core/aarch32/libarch__arm__core__aarch32.a(irq_manage.c.obj)
                0x00000000080023f8                arch_irq_enable
 .text.z_arm_irq_priority_set
                0x0000000008002414       0x30 arch/arch/arm/core/aarch32/libarch__arm__core__aarch32.a(irq_manage.c.obj)
                0x0000000008002414                z_arm_irq_priority_set
 .text.z_SysNmiOnReset
                0x0000000008002444        0x8 arch/arch/arm/core/aarch32/libarch__arm__core__aarch32.a(nmi_on_reset.S.obj)
                0x0000000008002444                z_SysNmiOnReset
 .text.z_arm_prep_c
                0x000000000800244c       0x5c arch/arch/arm/core/aarch32/libarch__arm__core__aarch32.a(prep_c.c.obj)
                0x000000000800244c                z_arm_prep_c
 .text.arch_swap
                0x00000000080024a8       0x38 arch/arch/arm/core/aarch32/libarch__arm__core__aarch32.a(swap.c.obj)
                0x00000000080024a8                arch_swap
 .text.z_arm_pendsv
                0x00000000080024e0       0x94 arch/arch/arm/core/aarch32/libarch__arm__core__aarch32.a(swap_helper.S.obj)
                0x00000000080024e0                z_arm_pendsv
 .text.z_arm_svc
                0x0000000008002574       0x20 arch/arch/arm/core/aarch32/libarch__arm__core__aarch32.a(swap_helper.S.obj)
                0x0000000008002574                z_arm_svc
 .text.arch_new_thread
                0x0000000008002594       0x60 arch/arch/arm/core/aarch32/libarch__arm__core__aarch32.a(thread.c.obj)
                0x0000000008002594                arch_new_thread
 .text.z_arm_mpu_stack_guard_and_fpu_adjust
                0x00000000080025f4       0x6c arch/arch/arm/core/aarch32/libarch__arm__core__aarch32.a(thread.c.obj)
                0x00000000080025f4                z_arm_mpu_stack_guard_and_fpu_adjust
 .text.z_check_thread_stack_fail
                0x0000000008002660       0x38 arch/arch/arm/core/aarch32/libarch__arm__core__aarch32.a(thread.c.obj)
                0x0000000008002660                z_check_thread_stack_fail
 .text.arch_switch_to_main_thread
                0x0000000008002698       0x48 arch/arch/arm/core/aarch32/libarch__arm__core__aarch32.a(thread.c.obj)
                0x0000000008002698                arch_switch_to_main_thread
 .text._isr_wrapper
                0x00000000080026e0       0x28 arch/arch/arm/core/aarch32/libarch__arm__core__aarch32.a(isr_wrapper.S.obj)
                0x00000000080026e0                _isr_wrapper
 .text._HandlerModeExit
                0x0000000008002708       0x1c arch/arch/arm/core/aarch32/cortex_m/libarch__arm__core__aarch32__cortex_m.a(exc_exit.S.obj)
                0x0000000008002708                z_arm_exc_exit
                0x0000000008002708                z_arm_int_exit
 .text.bus_fault.constprop.0
                0x0000000008002724      0x11c arch/arch/arm/core/aarch32/cortex_m/libarch__arm__core__aarch32__cortex_m.a(fault.c.obj)
 .text.usage_fault.constprop.0
                0x0000000008002840       0xf8 arch/arch/arm/core/aarch32/cortex_m/libarch__arm__core__aarch32__cortex_m.a(fault.c.obj)
 .text.mem_manage_fault
                0x0000000008002938      0x154 arch/arch/arm/core/aarch32/cortex_m/libarch__arm__core__aarch32__cortex_m.a(fault.c.obj)
 .text.z_arm_fault
                0x0000000008002a8c      0x1dc arch/arch/arm/core/aarch32/cortex_m/libarch__arm__core__aarch32__cortex_m.a(fault.c.obj)
                0x0000000008002a8c                z_arm_fault
 .text.z_arm_fault_init
                0x0000000008002c68       0x10 arch/arch/arm/core/aarch32/cortex_m/libarch__arm__core__aarch32__cortex_m.a(fault.c.obj)
                0x0000000008002c68                z_arm_fault_init
 .text.__fault  0x0000000008002c78       0x14 arch/arch/arm/core/aarch32/cortex_m/libarch__arm__core__aarch32__cortex_m.a(fault_s.S.obj)
                0x0000000008002c78                z_arm_bus_fault
                0x0000000008002c78                z_arm_usage_fault
                0x0000000008002c78                z_arm_mpu_fault
                0x0000000008002c78                z_arm_exc_spurious
                0x0000000008002c78                z_arm_debug_monitor
                0x0000000008002c78                z_arm_hard_fault
 .text.z_arm_interrupt_init
                0x0000000008002c8c       0x18 arch/arch/arm/core/aarch32/cortex_m/libarch__arm__core__aarch32__cortex_m.a(irq_init.c.obj)
                0x0000000008002c8c                z_arm_interrupt_init
 .text._reset_section
                0x0000000008002ca4       0x2c arch/arch/arm/core/aarch32/cortex_m/libarch__arm__core__aarch32__cortex_m.a(reset.S.obj)
                0x0000000008002ca4                z_arm_reset
                0x0000000008002ca4                __start
 .text.z_impl_k_thread_abort
                0x0000000008002cd0       0x2c arch/arch/arm/core/aarch32/cortex_m/libarch__arm__core__aarch32__cortex_m.a(thread_abort.c.obj)
                0x0000000008002cd0                z_impl_k_thread_abort
 .text.z_arm_configure_static_mpu_regions
                0x0000000008002cfc       0x18 arch/arch/arm/core/aarch32/mpu/libarch__arm__core__aarch32__mpu.a(arm_core_mpu.c.obj)
                0x0000000008002cfc                z_arm_configure_static_mpu_regions
 .text.z_arm_configure_dynamic_mpu_regions
                0x0000000008002d14       0x2c arch/arch/arm/core/aarch32/mpu/libarch__arm__core__aarch32__mpu.a(arm_core_mpu.c.obj)
                0x0000000008002d14                z_arm_configure_dynamic_mpu_regions
 .text.mpu_configure_regions
                0x0000000008002d40       0xb4 arch/arch/arm/core/aarch32/mpu/libarch__arm__core__aarch32__mpu.a(arm_mpu.c.obj)
 .text.arm_core_mpu_enable
                0x0000000008002df4       0x18 arch/arch/arm/core/aarch32/mpu/libarch__arm__core__aarch32__mpu.a(arm_mpu.c.obj)
                0x0000000008002df4                arm_core_mpu_enable
 .text.arm_core_mpu_disable
                0x0000000008002e0c       0x14 arch/arch/arm/core/aarch32/mpu/libarch__arm__core__aarch32__mpu.a(arm_mpu.c.obj)
                0x0000000008002e0c                arm_core_mpu_disable
 .text.arm_core_mpu_configure_static_mpu_regions
                0x0000000008002e20       0x14 arch/arch/arm/core/aarch32/mpu/libarch__arm__core__aarch32__mpu.a(arm_mpu.c.obj)
                0x0000000008002e20                arm_core_mpu_configure_static_mpu_regions
 .text.arm_core_mpu_configure_dynamic_mpu_regions
                0x0000000008002e34       0x30 arch/arch/arm/core/aarch32/mpu/libarch__arm__core__aarch32__mpu.a(arm_mpu.c.obj)
                0x0000000008002e34                arm_core_mpu_configure_dynamic_mpu_regions
 .text.z_arm_mpu_init
                0x0000000008002e64       0x60 arch/arch/arm/core/aarch32/mpu/libarch__arm__core__aarch32__mpu.a(arm_mpu.c.obj)
                0x0000000008002e64                z_arm_mpu_init
 .text.__stdout_hook_install
                0x0000000008002ec4        0xc lib/libc/minimal/liblib__libc__minimal.a(stdout_console.c.obj)
                0x0000000008002ec4                __stdout_hook_install
 .text.gmtime_r
                0x0000000008002ed0      0x1d0 lib/libc/minimal/liblib__libc__minimal.a(gmtime.c.obj)
                0x0000000008002ed0                gmtime_r
 .text.__stm32_exti_isr.isra.0
                0x00000000080030a0       0x40 drivers/interrupt_controller/libdrivers__interrupt_controller.a(intc_exti_stm32.c.obj)
 .text.stm32_exti_enable
                0x00000000080030e0       0x1c drivers/interrupt_controller/libdrivers__interrupt_controller.a(intc_exti_stm32.c.obj)
                0x00000000080030e0                stm32_exti_enable
 .text.stm32_exti_disable
                0x00000000080030fc       0x18 drivers/interrupt_controller/libdrivers__interrupt_controller.a(intc_exti_stm32.c.obj)
                0x00000000080030fc                stm32_exti_disable
 .text.stm32_exti_trigger
                0x0000000008003114       0x60 drivers/interrupt_controller/libdrivers__interrupt_controller.a(intc_exti_stm32.c.obj)
                0x0000000008003114                stm32_exti_trigger
 .text.stm32_exti_set_callback
                0x0000000008003174       0x24 drivers/interrupt_controller/libdrivers__interrupt_controller.a(intc_exti_stm32.c.obj)
                0x0000000008003174                stm32_exti_set_callback
 .text.stm32_exti_unset_callback
                0x0000000008003198       0x14 drivers/interrupt_controller/libdrivers__interrupt_controller.a(intc_exti_stm32.c.obj)
                0x0000000008003198                stm32_exti_unset_callback
 .text.LL_RCC_HSI_IsReady
                0x00000000080031ac       0x10 drivers/clock_control/libdrivers__clock_control.a(clock_stm32_ll_common.c.obj)
 .text.stm32_clock_control_get_subsys_rate
                0x00000000080031bc       0x6c drivers/clock_control/libdrivers__clock_control.a(clock_stm32_ll_common.c.obj)
 .text.stm32_clock_control_init
                0x0000000008003228       0xf8 drivers/clock_control/libdrivers__clock_control.a(clock_stm32_ll_common.c.obj)
                0x0000000008003228                stm32_clock_control_init
 .text.config_pll_sysclock
                0x0000000008003320       0x24 drivers/clock_control/libdrivers__clock_control.a(clock_stm32l4_l5_wb_wl.c.obj)
                0x0000000008003320                config_pll_sysclock
 .text.config_enable_default_clocks
                0x0000000008003344       0x20 drivers/clock_control/libdrivers__clock_control.a(clock_stm32l4_l5_wb_wl.c.obj)
                0x0000000008003344                config_enable_default_clocks
 .text.rtc_stm32_stop
                0x0000000008003364       0x18 drivers/counter/libdrivers__counter.a(counter_ll_stm32_rtc.c.obj)
 .text.rtc_stm32_get_pending_int
                0x000000000800337c       0x10 drivers/counter/libdrivers__counter.a(counter_ll_stm32_rtc.c.obj)
 .text.z_log_msg2_runtime_create.constprop.0
                0x000000000800338c       0x24 drivers/counter/libdrivers__counter.a(counter_ll_stm32_rtc.c.obj)
 .text.rtc_stm32_read
                0x00000000080033b0       0xdc drivers/counter/libdrivers__counter.a(counter_ll_stm32_rtc.c.obj)
 .text.rtc_stm32_isr
                0x000000000800348c       0x5c drivers/counter/libdrivers__counter.a(counter_ll_stm32_rtc.c.obj)
                0x000000000800348c                rtc_stm32_isr
 .text.rtc_stm32_init
                0x00000000080034e8      0x108 drivers/counter/libdrivers__counter.a(counter_ll_stm32_rtc.c.obj)
 .text.rtc_stm32_start
                0x00000000080035f0       0x18 drivers/counter/libdrivers__counter.a(counter_ll_stm32_rtc.c.obj)
 .text.rtc_stm32_cancel_alarm
                0x0000000008003608       0x34 drivers/counter/libdrivers__counter.a(counter_ll_stm32_rtc.c.obj)
 .text.rtc_stm32_set_alarm
                0x000000000800363c      0x104 drivers/counter/libdrivers__counter.a(counter_ll_stm32_rtc.c.obj)
 .text.uart_console_init
                0x0000000008003740       0x30 drivers/console/libdrivers__console.a(uart_console.c.obj)
 .text.console_out
                0x0000000008003770       0x28 drivers/console/libdrivers__console.a(uart_console.c.obj)
 .text.clock_control_on.constprop.0
                0x0000000008003798       0x28 drivers/gpio/libdrivers__gpio.a(gpio_stm32.c.obj)
 .text.gpio_stm32_init
                0x00000000080037c0       0x24 drivers/gpio/libdrivers__gpio.a(gpio_stm32.c.obj)
 .text.gpio_stm32_pin_interrupt_configure
                0x00000000080037e4       0xfc drivers/gpio/libdrivers__gpio.a(gpio_stm32.c.obj)
 .text.pwm_stm32_set_cycles
                0x00000000080038e0      0x224 drivers/pwm/libdrivers__pwm.a(pwm_stm32.c.obj)
 .text.pwm_stm32_init
                0x0000000008003b04      0x138 drivers/pwm/libdrivers__pwm.a(pwm_stm32.c.obj)
 .text.uart_stm32_irq_err_enable
                0x0000000008003c3c       0x60 drivers/serial/libdrivers__serial.a(uart_stm32.c.obj)
 .text.uart_stm32_irq_err_disable
                0x0000000008003c9c       0x60 drivers/serial/libdrivers__serial.a(uart_stm32.c.obj)
 .text.uart_stm32_set_baudrate
                0x0000000008003cfc       0xc4 drivers/serial/libdrivers__serial.a(uart_stm32.c.obj)
 .text.uart_stm32_init
                0x0000000008003dc0      0x154 drivers/serial/libdrivers__serial.a(uart_stm32.c.obj)
 .text.uart_stm32_configure
                0x0000000008003f14      0x1f0 drivers/serial/libdrivers__serial.a(uart_stm32.c.obj)
 .text.elapsed  0x0000000008004104       0x3c drivers/timer/libdrivers__timer.a(cortex_m_systick.c.obj)
 .text.sys_clock_driver_init
                0x0000000008004140       0x34 drivers/timer/libdrivers__timer.a(cortex_m_systick.c.obj)
 .text.sys_clock_isr
                0x0000000008004174       0x44 drivers/timer/libdrivers__timer.a(cortex_m_systick.c.obj)
                0x0000000008004174                sys_clock_isr
 .text.sys_clock_set_timeout
                0x00000000080041b8       0xe4 drivers/timer/libdrivers__timer.a(cortex_m_systick.c.obj)
                0x00000000080041b8                sys_clock_set_timeout
 .text.sys_clock_elapsed
                0x000000000800429c       0x3c drivers/timer/libdrivers__timer.a(cortex_m_systick.c.obj)
                0x000000000800429c                sys_clock_elapsed
 .text.sys_clock_cycle_get_32
                0x00000000080042d8       0x2c drivers/timer/libdrivers__timer.a(cortex_m_systick.c.obj)
                0x00000000080042d8                sys_clock_cycle_get_32
 .text.pinctrl_configure_pins
                0x0000000008004304       0x8c drivers/pinctrl/libdrivers__pinctrl.a(pinctrl_stm32.c.obj)
                0x0000000008004304                pinctrl_configure_pins
 .text.HAL_RCC_GetSysClockFreq
                0x0000000008004390       0x9c ../modules/stm32/stm32cube/lib..__modules__hal__stm32__stm32cube.a(stm32l4xx_hal_rcc.c.obj)
                0x0000000008004390                HAL_RCC_GetSysClockFreq
 .text.LL_RTC_DeInit
                0x000000000800442c       0x50 ../modules/stm32/stm32cube/lib..__modules__hal__stm32__stm32cube.a(stm32l4xx_ll_rtc.c.obj)
                0x000000000800442c                LL_RTC_DeInit
 .text.LL_TIM_Init
                0x000000000800447c       0xac ../modules/stm32/stm32cube/lib..__modules__hal__stm32__stm32cube.a(stm32l4xx_ll_tim.c.obj)
                0x000000000800447c                LL_TIM_Init
 .text.LL_TIM_OC_Init
                0x0000000008004528      0x304 ../modules/stm32/stm32cube/lib..__modules__hal__stm32__stm32cube.a(stm32l4xx_ll_tim.c.obj)
                0x0000000008004528                LL_TIM_OC_Init
 .text.LL_SetFlashLatency
                0x000000000800482c       0xa8 ../modules/stm32/stm32cube/lib..__modules__hal__stm32__stm32cube.a(stm32l4xx_ll_utils.c.obj)
                0x000000000800482c                LL_SetFlashLatency
 .text.z_sys_init_run_level
                0x00000000080048d4       0x40 kernel/libkernel.a(device.c.obj)
                0x00000000080048d4                z_sys_init_run_level
 .text.z_impl_z_errno
                0x0000000008004914        0xc kernel/libkernel.a(errno.c.obj)
                0x0000000008004914                z_impl_z_errno
 .text.k_sys_fatal_error_handler
                0x0000000008004920       0x2c kernel/libkernel.a(fatal.c.obj)
                0x0000000008004920                k_sys_fatal_error_handler
 .text.z_fatal_error
                0x000000000800494c       0xc8 kernel/libkernel.a(fatal.c.obj)
                0x000000000800494c                z_fatal_error
 .text.bg_thread_main
                0x0000000008004a14       0x34 kernel/libkernel.a(init.c.obj)
 .text.z_bss_zero
                0x0000000008004a48       0x18 kernel/libkernel.a(init.c.obj)
                0x0000000008004a48                z_bss_zero
 .text.z_init_cpu
                0x0000000008004a60       0x70 kernel/libkernel.a(init.c.obj)
                0x0000000008004a60                z_init_cpu
 .text.z_cstart
                0x0000000008004ad0       0xd4 kernel/libkernel.a(init.c.obj)
                0x0000000008004ad0                z_cstart
 .text.init_mem_slab_module
                0x0000000008004ba4       0x44 kernel/libkernel.a(mem_slab.c.obj)
 .text.z_thread_monitor_exit
                0x0000000008004be8       0x3c kernel/libkernel.a(thread.c.obj)
                0x0000000008004be8                z_thread_monitor_exit
 .text.z_setup_new_thread
                0x0000000008004c24       0x98 kernel/libkernel.a(thread.c.obj)
                0x0000000008004c24                z_setup_new_thread
 .text.z_impl_k_thread_create
                0x0000000008004cbc       0x58 kernel/libkernel.a(thread.c.obj)
                0x0000000008004cbc                z_impl_k_thread_create
 .text.z_init_static_threads
                0x0000000008004d14       0x98 kernel/libkernel.a(thread.c.obj)
                0x0000000008004d14                z_init_static_threads
 .text.z_impl_k_mutex_lock
                0x0000000008004dac       0xf0 kernel/libkernel.a(mutex.c.obj)
                0x0000000008004dac                z_impl_k_mutex_lock
 .text.z_impl_k_mutex_unlock
                0x0000000008004e9c       0x7c kernel/libkernel.a(mutex.c.obj)
                0x0000000008004e9c                z_impl_k_mutex_unlock
 .text.z_reset_time_slice
                0x0000000008004f18       0x28 kernel/libkernel.a(sched.c.obj)
                0x0000000008004f18                z_reset_time_slice
 .text.update_cache
                0x0000000008004f40       0x3c kernel/libkernel.a(sched.c.obj)
 .text.move_thread_to_end_of_prio_q
                0x0000000008004f7c       0x74 kernel/libkernel.a(sched.c.obj)
 .text.ready_thread
                0x0000000008004ff0       0x68 kernel/libkernel.a(sched.c.obj)
 .text.unready_thread
                0x0000000008005058       0x30 kernel/libkernel.a(sched.c.obj)
 .text.pend     0x0000000008005088       0x4c kernel/libkernel.a(sched.c.obj)
 .text.k_sched_time_slice_set
                0x00000000080050d4       0x4c kernel/libkernel.a(sched.c.obj)
                0x00000000080050d4                k_sched_time_slice_set
 .text.z_time_slice
                0x0000000008005120       0x84 kernel/libkernel.a(sched.c.obj)
                0x0000000008005120                z_time_slice
 .text.z_pend_curr
                0x00000000080051a4       0x28 kernel/libkernel.a(sched.c.obj)
                0x00000000080051a4                z_pend_curr
 .text.z_set_prio
                0x00000000080051cc       0x8c kernel/libkernel.a(sched.c.obj)
                0x00000000080051cc                z_set_prio
 .text.z_reschedule
                0x0000000008005258       0x24 kernel/libkernel.a(sched.c.obj)
                0x0000000008005258                z_reschedule
 .text.z_sched_start
                0x000000000800527c       0x3c kernel/libkernel.a(sched.c.obj)
                0x000000000800527c                z_sched_start
 .text.z_impl_k_thread_suspend
                0x00000000080052b8       0x64 kernel/libkernel.a(sched.c.obj)
                0x00000000080052b8                z_impl_k_thread_suspend
 .text.k_sched_lock
                0x000000000800531c       0x28 kernel/libkernel.a(sched.c.obj)
                0x000000000800531c                k_sched_lock
 .text.k_sched_unlock
                0x0000000008005344       0x38 kernel/libkernel.a(sched.c.obj)
                0x0000000008005344                k_sched_unlock
 .text.z_sched_init
                0x000000000800537c       0x18 kernel/libkernel.a(sched.c.obj)
                0x000000000800537c                z_sched_init
 .text.z_impl_k_yield
                0x0000000008005394       0x7c kernel/libkernel.a(sched.c.obj)
                0x0000000008005394                z_impl_k_yield
 .text.z_tick_sleep
                0x0000000008005410       0x88 kernel/libkernel.a(sched.c.obj)
 .text.z_impl_k_sleep
                0x0000000008005498       0x30 kernel/libkernel.a(sched.c.obj)
                0x0000000008005498                z_impl_k_sleep
 .text.z_impl_z_current_get
                0x00000000080054c8        0xc kernel/libkernel.a(sched.c.obj)
                0x00000000080054c8                z_impl_z_current_get
 .text.z_thread_abort
                0x00000000080054d4       0xc8 kernel/libkernel.a(sched.c.obj)
                0x00000000080054d4                z_thread_abort
 .text.z_data_copy
                0x000000000800559c       0x34 kernel/libkernel.a(xip.c.obj)
                0x000000000800559c                z_data_copy
 .text.elapsed  0x00000000080055d0       0x14 kernel/libkernel.a(timeout.c.obj)
 .text.next_timeout
                0x00000000080055e4       0x50 kernel/libkernel.a(timeout.c.obj)
 .text.remove_timeout
                0x0000000008005634       0x34 kernel/libkernel.a(timeout.c.obj)
 .text.z_add_timeout
                0x0000000008005668       0xfc kernel/libkernel.a(timeout.c.obj)
                0x0000000008005668                z_add_timeout
 .text.sys_clock_announce
                0x0000000008005764       0xb8 kernel/libkernel.a(timeout.c.obj)
                0x0000000008005764                sys_clock_announce
 .text.sys_clock_tick_get
                0x000000000800581c       0x30 kernel/libkernel.a(timeout.c.obj)
                0x000000000800581c                sys_clock_tick_get
 .text.z_impl_k_busy_wait
                0x000000000800584c       0x30 kernel/libkernel.a(timeout.c.obj)
                0x000000000800584c                z_impl_k_busy_wait
 .text.boot_banner
                0x000000000800587c       0x18 kernel/libkernel.a(banner.c.obj)
                0x000000000800587c                boot_banner
 .text._OffsetAbsSyms
                0x0000000008005894        0x2 CMakeFiles/offsets.dir/arch/arm/core/offsets/offsets.c.obj
                0x0000000008005894                _OffsetAbsSyms
 .text.device_is_ready
                0x0000000008005896        0x4 ../app/libapp.a(main.c.obj)
 .text.z_log_msg2_runtime_create.constprop.0
                0x000000000800589a       0x1e ../app/libapp.a(main.c.obj)
 .text.z_log_msg2_runtime_create.constprop.0
                0x00000000080058b8       0x1e ../app/libapp.a(zephyr_motor.c.obj)
 .text.set_direction
                0x00000000080058d6       0x28 ../app/libapp.a(zephyr_motor.c.obj)
 .text.zephyr_motor_run
                0x00000000080058fe       0xc4 ../app/libapp.a(zephyr_motor.c.obj)
                0x00000000080058fe                zephyr_motor_run
 .text.zephyr_motor_set_speed
                0x00000000080059c2       0x14 ../app/libapp.a(zephyr_motor.c.obj)
                0x00000000080059c2                zephyr_motor_set_speed
 .text.zephyr_motor_set_min_duty
                0x00000000080059d6        0x4 ../app/libapp.a(zephyr_motor.c.obj)
                0x00000000080059d6                zephyr_motor_set_min_duty
 .text.zephyr_motor_set_max_duty
                0x00000000080059da        0x4 ../app/libapp.a(zephyr_motor.c.obj)
                0x00000000080059da                zephyr_motor_set_max_duty
 .text.cbpprintf_external
                0x00000000080059de       0x5a libzephyr.a(cbprintf_packaged.c.obj)
                0x00000000080059de                cbpprintf_external
 .text.arch_printk_char_out
                0x0000000008005a38        0x4 libzephyr.a(printk.c.obj)
                0x0000000008005a38                arch_printk_char_out
 .text.printk   0x0000000008005a3c       0x1a libzephyr.a(printk.c.obj)
                0x0000000008005a3c                printk
 .text.z_thread_entry
                0x0000000008005a56       0x14 libzephyr.a(thread_entry.c.obj)
                0x0000000008005a56                z_thread_entry
 .text.timeutil_timegm
                0x0000000008005a6a       0x18 libzephyr.a(timeutil.c.obj)
                0x0000000008005a6a                timeutil_timegm
 .text._ldiv5   0x0000000008005a82       0x30 libzephyr.a(cbprintf_complete.c.obj)
 .text._get_digit
                0x0000000008005ab2       0x2e libzephyr.a(cbprintf_complete.c.obj)
 .text.encode_uint
                0x0000000008005ae0       0x8c libzephyr.a(cbprintf_complete.c.obj)
 .text.outs     0x0000000008005b6c       0x2e libzephyr.a(cbprintf_complete.c.obj)
 .text._ConfigAbsSyms
                0x0000000008005b9a        0x2 libzephyr.a(configs.c.obj)
                0x0000000008005b9a                _ConfigAbsSyms
 .text.st_stm32_common_config
                0x0000000008005b9c        0x4 libzephyr.a(soc_config.c.obj)
 .text.default_lf_get_timestamp
                0x0000000008005ba0       0x10 libzephyr.a(log_core.c.obj)
 .text.dummy_timestamp
                0x0000000008005bb0        0x4 libzephyr.a(log_core.c.obj)
 .text.enable_logger
                0x0000000008005bb4        0xa libzephyr.a(log_core.c.obj)
 .text.z_log_get_tag
                0x0000000008005bbe        0x4 libzephyr.a(log_core.c.obj)
                0x0000000008005bbe                z_log_get_tag
 .text.out_func
                0x0000000008005bc2       0x1c libzephyr.a(log_output.c.obj)
 .text.cr_out_func
                0x0000000008005bde       0x1a libzephyr.a(log_output.c.obj)
 .text.buffer_write
                0x0000000008005bf8       0x1a libzephyr.a(log_output.c.obj)
 .text.log_output_flush
                0x0000000008005c12       0x1a libzephyr.a(log_output.c.obj)
                0x0000000008005c12                log_output_flush
 .text.z_log_msg2_finalize
                0x0000000008005c2c       0x34 libzephyr.a(log_msg2.c.obj)
                0x0000000008005c2c                z_log_msg2_finalize
 .text.z_log_msg2_runtime_create.constprop.0
                0x0000000008005c60       0x20 arch/arch/arm/core/aarch32/libarch__arm__core__aarch32.a(fatal.c.obj)
 .text.z_do_kernel_oops
                0x0000000008005c80        0x8 arch/arch/arm/core/aarch32/libarch__arm__core__aarch32.a(fatal.c.obj)
                0x0000000008005c80                z_do_kernel_oops
 .text.z_irq_spurious
                0x0000000008005c88        0x8 arch/arch/arm/core/aarch32/libarch__arm__core__aarch32.a(irq_manage.c.obj)
                0x0000000008005c88                z_irq_spurious
 .text.z_arm_nmi
                0x0000000008005c90        0xe arch/arch/arm/core/aarch32/libarch__arm__core__aarch32.a(nmi.c.obj)
                0x0000000008005c90                z_arm_nmi
 .text.z_log_msg2_runtime_create.constprop.0
                0x0000000008005c9e       0x20 arch/arch/arm/core/aarch32/cortex_m/libarch__arm__core__aarch32__cortex_m.a(fault.c.obj)
 .text.z_log_msg2_runtime_create.constprop.0
                0x0000000008005cbe       0x20 arch/arch/arm/core/aarch32/mpu/libarch__arm__core__aarch32__mpu.a(arm_mpu.c.obj)
 .text.strlen   0x0000000008005cde        0xe lib/libc/minimal/liblib__libc__minimal.a(string.c.obj)
                0x0000000008005cde                strlen
 .text.strnlen  0x0000000008005cec       0x12 lib/libc/minimal/liblib__libc__minimal.a(string.c.obj)
                0x0000000008005cec                strnlen
 .text.memcpy   0x0000000008005cfe       0x16 lib/libc/minimal/liblib__libc__minimal.a(string.c.obj)
                0x0000000008005cfe                memcpy
 .text.memset   0x0000000008005d14       0x12 lib/libc/minimal/liblib__libc__minimal.a(string.c.obj)
                0x0000000008005d14                memset
 .text._stdout_hook_default
                0x0000000008005d26        0x6 lib/libc/minimal/liblib__libc__minimal.a(stdout_console.c.obj)
 .text.stm32_exti_init
                0x0000000008005d2c       0x4c drivers/interrupt_controller/libdrivers__interrupt_controller.a(intc_exti_stm32.c.obj)
 .text.__stm32_exti_isr_15_10
                0x0000000008005d78        0xa drivers/interrupt_controller/libdrivers__interrupt_controller.a(intc_exti_stm32.c.obj)
 .text.__stm32_exti_isr_9_5
                0x0000000008005d82        0xa drivers/interrupt_controller/libdrivers__interrupt_controller.a(intc_exti_stm32.c.obj)
 .text.__stm32_exti_isr_4
                0x0000000008005d8c        0xa drivers/interrupt_controller/libdrivers__interrupt_controller.a(intc_exti_stm32.c.obj)
 .text.__stm32_exti_isr_3
                0x0000000008005d96        0xa drivers/interrupt_controller/libdrivers__interrupt_controller.a(intc_exti_stm32.c.obj)
 .text.__stm32_exti_isr_2
                0x0000000008005da0        0xa drivers/interrupt_controller/libdrivers__interrupt_controller.a(intc_exti_stm32.c.obj)
 .text.__stm32_exti_isr_1
                0x0000000008005daa        0xa drivers/interrupt_controller/libdrivers__interrupt_controller.a(intc_exti_stm32.c.obj)
 .text.__stm32_exti_isr_0
                0x0000000008005db4        0xa drivers/interrupt_controller/libdrivers__interrupt_controller.a(intc_exti_stm32.c.obj)
 .text.stm32_clock_control_on
                0x0000000008005dbe       0x16 drivers/clock_control/libdrivers__clock_control.a(clock_stm32_ll_common.c.obj)
 .text.stm32_clock_control_off
                0x0000000008005dd4       0x24 drivers/clock_control/libdrivers__clock_control.a(clock_stm32_ll_common.c.obj)
 .text.stm32_clock_control_configure
                0x0000000008005df8       0x32 drivers/clock_control/libdrivers__clock_control.a(clock_stm32_ll_common.c.obj)
 .text.get_pllout_frequency
                0x0000000008005e2a        0x4 drivers/clock_control/libdrivers__clock_control.a(clock_stm32l4_l5_wb_wl.c.obj)
                0x0000000008005e2a                get_pllout_frequency
 .text.z_impl_counter_get_frequency
                0x0000000008005e2e        0xe drivers/counter/libdrivers__counter.a(counter_ll_stm32_rtc.c.obj)
 .text.rtc_stm32_get_top_value
                0x0000000008005e3c        0x6 drivers/counter/libdrivers__counter.a(counter_ll_stm32_rtc.c.obj)
 .text.rtc_stm32_set_top_value
                0x0000000008005e42       0x20 drivers/counter/libdrivers__counter.a(counter_ll_stm32_rtc.c.obj)
 .text.rtc_stm32_get_value
                0x0000000008005e62        0xe drivers/counter/libdrivers__counter.a(counter_ll_stm32_rtc.c.obj)
 .text.gpio_stm32_port_get_raw
                0x0000000008005e70        0xc drivers/gpio/libdrivers__gpio.a(gpio_stm32.c.obj)
 .text.gpio_stm32_port_set_masked_raw
                0x0000000008005e7c       0x12 drivers/gpio/libdrivers__gpio.a(gpio_stm32.c.obj)
 .text.gpio_stm32_port_set_bits_raw
                0x0000000008005e8e        0xa drivers/gpio/libdrivers__gpio.a(gpio_stm32.c.obj)
 .text.gpio_stm32_port_clear_bits_raw
                0x0000000008005e98        0xa drivers/gpio/libdrivers__gpio.a(gpio_stm32.c.obj)
 .text.gpio_stm32_port_toggle_bits
                0x0000000008005ea2        0xe drivers/gpio/libdrivers__gpio.a(gpio_stm32.c.obj)
 .text.gpio_stm32_manage_callback
                0x0000000008005eb0       0x54 drivers/gpio/libdrivers__gpio.a(gpio_stm32.c.obj)
 .text.gpio_stm32_configure_raw.isra.0
                0x0000000008005f04      0x106 drivers/gpio/libdrivers__gpio.a(gpio_stm32.c.obj)
 .text.gpio_stm32_config
                0x000000000800600a       0x72 drivers/gpio/libdrivers__gpio.a(gpio_stm32.c.obj)
 .text.gpio_stm32_isr
                0x000000000800607c       0x2e drivers/gpio/libdrivers__gpio.a(gpio_stm32.c.obj)
 .text.gpio_stm32_configure
                0x00000000080060aa       0x28 drivers/gpio/libdrivers__gpio.a(gpio_stm32.c.obj)
                0x00000000080060aa                gpio_stm32_configure
 .text.LL_TIM_OC_SetCompareCH1
                0x00000000080060d2        0x4 drivers/pwm/libdrivers__pwm.a(pwm_stm32.c.obj)
 .text.LL_TIM_OC_SetCompareCH2
                0x00000000080060d6        0x4 drivers/pwm/libdrivers__pwm.a(pwm_stm32.c.obj)
 .text.LL_TIM_OC_SetCompareCH3
                0x00000000080060da        0x4 drivers/pwm/libdrivers__pwm.a(pwm_stm32.c.obj)
 .text.LL_TIM_OC_SetCompareCH4
                0x00000000080060de        0x4 drivers/pwm/libdrivers__pwm.a(pwm_stm32.c.obj)
 .text.LL_TIM_OC_SetCompareCH5
                0x00000000080060e2        0x6 drivers/pwm/libdrivers__pwm.a(pwm_stm32.c.obj)
 .text.LL_TIM_OC_SetCompareCH6
                0x00000000080060e8        0x4 drivers/pwm/libdrivers__pwm.a(pwm_stm32.c.obj)
 .text.pwm_stm32_get_cycles_per_sec
                0x00000000080060ec       0x16 drivers/pwm/libdrivers__pwm.a(pwm_stm32.c.obj)
 .text.z_log_msg2_runtime_create.constprop.0
                0x0000000008006102       0x20 drivers/pwm/libdrivers__pwm.a(pwm_stm32.c.obj)
 .text.uart_stm32_poll_in
                0x0000000008006122       0x20 drivers/serial/libdrivers__serial.a(uart_stm32.c.obj)
 .text.uart_stm32_irq_tx_enable
                0x0000000008006142       0x16 drivers/serial/libdrivers__serial.a(uart_stm32.c.obj)
 .text.uart_stm32_irq_tx_disable
                0x0000000008006158       0x16 drivers/serial/libdrivers__serial.a(uart_stm32.c.obj)
 .text.uart_stm32_irq_rx_enable
                0x000000000800616e       0x16 drivers/serial/libdrivers__serial.a(uart_stm32.c.obj)
 .text.uart_stm32_irq_rx_disable
                0x0000000008006184       0x16 drivers/serial/libdrivers__serial.a(uart_stm32.c.obj)
 .text.uart_stm32_irq_update
                0x000000000800619a        0x4 drivers/serial/libdrivers__serial.a(uart_stm32.c.obj)
 .text.uart_stm32_irq_callback_set
                0x000000000800619e        0x8 drivers/serial/libdrivers__serial.a(uart_stm32.c.obj)
 .text.uart_stm32_isr
                0x00000000080061a6        0xc drivers/serial/libdrivers__serial.a(uart_stm32.c.obj)
 .text.uart_stm32_irq_config_func_0
                0x00000000080061b2       0x16 drivers/serial/libdrivers__serial.a(uart_stm32.c.obj)
 .text.uart_stm32_irq_config_func_1
                0x00000000080061c8       0x16 drivers/serial/libdrivers__serial.a(uart_stm32.c.obj)
 .text.uart_stm32_irq_config_func_2
                0x00000000080061de       0x16 drivers/serial/libdrivers__serial.a(uart_stm32.c.obj)
 .text.z_log_msg2_runtime_create.constprop.0
                0x00000000080061f4       0x1e drivers/serial/libdrivers__serial.a(uart_stm32.c.obj)
 .text.uart_stm32_irq_tx_complete
                0x0000000008006212        0xc drivers/serial/libdrivers__serial.a(uart_stm32.c.obj)
 .text.uart_stm32_config_get
                0x000000000800621e       0x92 drivers/serial/libdrivers__serial.a(uart_stm32.c.obj)
 .text.uart_stm32_irq_tx_ready
                0x00000000080062b0       0x14 drivers/serial/libdrivers__serial.a(uart_stm32.c.obj)
 .text.uart_stm32_fifo_fill
                0x00000000080062c4       0x48 drivers/serial/libdrivers__serial.a(uart_stm32.c.obj)
 .text.uart_stm32_poll_out
                0x000000000800630c       0x3a drivers/serial/libdrivers__serial.a(uart_stm32.c.obj)
 .text.uart_stm32_irq_is_pending
                0x0000000008006346       0x24 drivers/serial/libdrivers__serial.a(uart_stm32.c.obj)
 .text.uart_stm32_irq_rx_ready
                0x000000000800636a        0xc drivers/serial/libdrivers__serial.a(uart_stm32.c.obj)
 .text.uart_stm32_fifo_read
                0x0000000008006376       0x2a drivers/serial/libdrivers__serial.a(uart_stm32.c.obj)
 .text.uart_stm32_err_check
                0x00000000080063a0       0x4c drivers/serial/libdrivers__serial.a(uart_stm32.c.obj)
 .text.pinctrl_lookup_state
                0x00000000080063ec       0x30 drivers/pinctrl/libdrivers__pinctrl.a(common.c.obj)
                0x00000000080063ec                pinctrl_lookup_state
 .text.LL_RTC_ALMA_Init
                0x000000000800641c       0xe4 ../modules/stm32/stm32cube/lib..__modules__hal__stm32__stm32cube.a(stm32l4xx_ll_rtc.c.obj)
                0x000000000800641c                LL_RTC_ALMA_Init
 .text.LL_RTC_EnterInitMode
                0x0000000008006500       0x4e ../modules/stm32/stm32cube/lib..__modules__hal__stm32__stm32cube.a(stm32l4xx_ll_rtc.c.obj)
                0x0000000008006500                LL_RTC_EnterInitMode
 .text.LL_RTC_Init
                0x000000000800654e       0x4e ../modules/stm32/stm32cube/lib..__modules__hal__stm32__stm32cube.a(stm32l4xx_ll_rtc.c.obj)
                0x000000000800654e                LL_RTC_Init
 .text.LL_TIM_StructInit
                0x000000000800659c       0x12 ../modules/stm32/stm32cube/lib..__modules__hal__stm32__stm32cube.a(stm32l4xx_ll_tim.c.obj)
                0x000000000800659c                LL_TIM_StructInit
 .text.LL_TIM_OC_StructInit
                0x00000000080065ae       0x14 ../modules/stm32/stm32cube/lib..__modules__hal__stm32__stm32cube.a(stm32l4xx_ll_tim.c.obj)
                0x00000000080065ae                LL_TIM_OC_StructInit
 .text.z_device_state_init
                0x00000000080065c2        0x2 kernel/libkernel.a(device.c.obj)
                0x00000000080065c2                z_device_state_init
 .text.z_device_is_ready
                0x00000000080065c4       0x14 kernel/libkernel.a(device.c.obj)
                0x00000000080065c4                z_device_is_ready
 .text.z_log_msg2_runtime_create.constprop.0
                0x00000000080065d8       0x20 kernel/libkernel.a(fatal.c.obj)
 .text.arch_system_halt
                0x00000000080065f8       0x12 kernel/libkernel.a(fatal.c.obj)
                0x00000000080065f8                arch_system_halt
 .text.z_early_memset
                0x000000000800660a        0x4 kernel/libkernel.a(init.c.obj)
                0x000000000800660a                z_early_memset
 .text.z_early_memcpy
                0x000000000800660e        0x4 kernel/libkernel.a(init.c.obj)
                0x000000000800660e                z_early_memcpy
 .text.z_impl_k_thread_name_set
                0x0000000008006612        0x6 kernel/libkernel.a(thread.c.obj)
                0x0000000008006612                z_impl_k_thread_name_set
 .text.k_thread_name_get
                0x0000000008006618        0x4 kernel/libkernel.a(thread.c.obj)
                0x0000000008006618                k_thread_name_get
 .text.idle     0x000000000800661c       0x18 kernel/libkernel.a(idle.c.obj)
                0x000000000800661c                idle
 .text.adjust_owner_prio.isra.0
                0x0000000008006634       0x10 kernel/libkernel.a(mutex.c.obj)
 .text.sys_dlist_remove
                0x0000000008006644       0x10 kernel/libkernel.a(sched.c.obj)
 .text.unpend_thread_no_timeout
                0x0000000008006654       0x14 kernel/libkernel.a(sched.c.obj)
 .text.z_thread_timeout
                0x0000000008006668       0x44 kernel/libkernel.a(sched.c.obj)
                0x0000000008006668                z_thread_timeout
 .text.add_to_waitq_locked
                0x00000000080066ac       0x50 kernel/libkernel.a(sched.c.obj)
 .text.z_ready_thread
                0x00000000080066fc       0x20 kernel/libkernel.a(sched.c.obj)
                0x00000000080066fc                z_ready_thread
 .text.z_unpend_first_thread
                0x000000000800671c       0x38 kernel/libkernel.a(sched.c.obj)
                0x000000000800671c                z_unpend_first_thread
 .text.z_reschedule_irqlock
                0x0000000008006754       0x18 kernel/libkernel.a(sched.c.obj)
                0x0000000008006754                z_reschedule_irqlock
 .text.z_reschedule_unlocked
                0x000000000800676c       0x14 kernel/libkernel.a(sched.c.obj)
 .text.z_abort_timeout
                0x0000000008006780       0x2c kernel/libkernel.a(timeout.c.obj)
                0x0000000008006780                z_abort_timeout
 .text.z_set_timeout_expiry
                0x00000000080067ac       0x38 kernel/libkernel.a(timeout.c.obj)
                0x00000000080067ac                z_set_timeout_expiry
 .text.sys_clock_tick_get_32
                0x00000000080067e4        0x8 kernel/libkernel.a(timeout.c.obj)
                0x00000000080067e4                sys_clock_tick_get_32
 .text.z_impl_k_uptime_ticks
                0x00000000080067ec        0x4 kernel/libkernel.a(timeout.c.obj)
                0x00000000080067ec                z_impl_k_uptime_ticks
 *(SORT_BY_ALIGNMENT(.TEXT.*))
 *(SORT_BY_ALIGNMENT(.gnu.linkonce.t.*))
 *(SORT_BY_ALIGNMENT(.glue_7t))
 .glue_7t       0x00000000080067f0        0x0 linker stubs
 *(SORT_BY_ALIGNMENT(.glue_7))
 .glue_7        0x00000000080067f0        0x0 linker stubs
 *(SORT_BY_ALIGNMENT(.vfp11_veneer))
 .vfp11_veneer  0x00000000080067f0        0x0 linker stubs
 *(SORT_BY_ALIGNMENT(.v4_bx))
 .v4_bx         0x00000000080067f0        0x0 linker stubs
                0x00000000080067f0                __text_region_end = .

.ARM.exidx      0x00000000080067f0        0x8
                0x00000000080067f0                __exidx_start = .
 *(SORT_BY_ALIGNMENT(.ARM.exidx*) SORT_BY_ALIGNMENT(gnu.linkonce.armexidx.*))
 .ARM.exidx     0x00000000080067f0        0x8 /home/test/zephyr-sdk-0.17.4/arm-zephyr-eabi/bin/../lib/gcc/arm-zephyr-eabi/12.2.0/thumb/v7e-m+fp/hard/libgcc.a(_udivmoddi4.o)
                0x00000000080067f8                __exidx_end = .
                0x00000000080067f8                __rodata_region_start = .

initlevel       0x00000000080067f8       0xc8
                0x00000000080067f8                __init_start = .
                0x00000000080067f8                __init_PRE_KERNEL_1_start = .
 *(SORT_BY_NAME(SORT_BY_ALIGNMENT(.z_init_PRE_KERNEL_1[0-9]_*)))
 .z_init_PRE_KERNEL_10_
                0x00000000080067f8        0x8 libzephyr.a(soc.c.obj)
 .z_init_PRE_KERNEL_11_
                0x0000000008006800        0x8 libzephyr.a(soc_config.c.obj)
 .z_init_PRE_KERNEL_11_
                0x0000000008006808        0x8 drivers/clock_control/libdrivers__clock_control.a(clock_stm32_ll_common.c.obj)
 *(SORT_BY_NAME(SORT_BY_ALIGNMENT(.z_init_PRE_KERNEL_1[1-9][0-9]_*)))
 .z_init_PRE_KERNEL_130_
                0x0000000008006810        0x8 kernel/libkernel.a(mem_slab.c.obj)
 .z_init_PRE_KERNEL_140_
                0x0000000008006818        0x8 drivers/interrupt_controller/libdrivers__interrupt_controller.a(intc_exti_stm32.c.obj)
 .z_init_PRE_KERNEL_140_
                0x0000000008006820       0x48 drivers/gpio/libdrivers__gpio.a(gpio_stm32.c.obj)
 .z_init_PRE_KERNEL_150_
                0x0000000008006868        0x8 drivers/counter/libdrivers__counter.a(counter_ll_stm32_rtc.c.obj)
 .z_init_PRE_KERNEL_155_
                0x0000000008006870       0x18 drivers/serial/libdrivers__serial.a(uart_stm32.c.obj)
 .z_init_PRE_KERNEL_160_
                0x0000000008006888        0x8 drivers/console/libdrivers__console.a(uart_console.c.obj)
                0x0000000008006890                __init_PRE_KERNEL_2_start = .
 *(SORT_BY_NAME(SORT_BY_ALIGNMENT(.z_init_PRE_KERNEL_2[0-9]_*)))
 .z_init_PRE_KERNEL_20_
                0x0000000008006890        0x8 drivers/timer/libdrivers__timer.a(cortex_m_systick.c.obj)
 *(SORT_BY_NAME(SORT_BY_ALIGNMENT(.z_init_PRE_KERNEL_2[1-9][0-9]_*)))
                0x0000000008006898                __init_POST_KERNEL_start = .
 *(SORT_BY_NAME(SORT_BY_ALIGNMENT(.z_init_POST_KERNEL[0-9]_*)))
 .z_init_POST_KERNEL0_
                0x0000000008006898        0x8 libzephyr.a(log_core.c.obj)
 *(SORT_BY_NAME(SORT_BY_ALIGNMENT(.z_init_POST_KERNEL[1-9][0-9]_*)))
 .z_init_POST_KERNEL50_
                0x00000000080068a0       0x20 drivers/pwm/libdrivers__pwm.a(pwm_stm32.c.obj)
                0x00000000080068c0                __init_APPLICATION_start = .
 *(SORT_BY_NAME(SORT_BY_ALIGNMENT(.z_init_APPLICATION[0-9]_*)))
 *(SORT_BY_NAME(SORT_BY_ALIGNMENT(.z_init_APPLICATION[1-9][0-9]_*)))
                0x00000000080068c0                __init_SMP_start = .
 *(SORT_BY_NAME(SORT_BY_ALIGNMENT(.z_init_SMP[0-9]_*)))
 *(SORT_BY_NAME(SORT_BY_ALIGNMENT(.z_init_SMP[1-9][0-9]_*)))
                0x00000000080068c0                __init_end = .

devices         0x00000000080068c0      0x1c8
                0x00000000080068c0                __device_start = .
                0x00000000080068c0                __device_PRE_KERNEL_1_start = .
 *(SORT_BY_NAME(SORT_BY_ALIGNMENT(.z_device_PRE_KERNEL_1[0-9]_*)))
 .z_device_PRE_KERNEL_11_
                0x00000000080068c0       0x18 drivers/clock_control/libdrivers__clock_control.a(clock_stm32_ll_common.c.obj)
                0x00000000080068c0                __device_dts_ord_17
 *(SORT_BY_NAME(SORT_BY_ALIGNMENT(.z_device_PRE_KERNEL_1[1-9][0-9]_*)))
 .z_device_PRE_KERNEL_140_
                0x00000000080068d8       0x18 drivers/interrupt_controller/libdrivers__interrupt_controller.a(intc_exti_stm32.c.obj)
                0x00000000080068d8                __device_dts_ord_44
 .z_device_PRE_KERNEL_140_
                0x00000000080068f0       0xd8 drivers/gpio/libdrivers__gpio.a(gpio_stm32.c.obj)
                0x00000000080068f0                __device_dts_ord_83
                0x0000000008006908                __device_dts_ord_82
                0x0000000008006920                __device_dts_ord_81
                0x0000000008006938                __device_dts_ord_80
                0x0000000008006950                __device_dts_ord_79
                0x0000000008006968                __device_dts_ord_65
                0x0000000008006980                __device_dts_ord_18
                0x0000000008006998                __device_dts_ord_22
                0x00000000080069b0                __device_dts_ord_78
 .z_device_PRE_KERNEL_150_
                0x00000000080069c8       0x18 drivers/counter/libdrivers__counter.a(counter_ll_stm32_rtc.c.obj)
                0x00000000080069c8                __device_dts_ord_49
 .z_device_PRE_KERNEL_155_
                0x00000000080069e0       0x48 drivers/serial/libdrivers__serial.a(uart_stm32.c.obj)
                0x00000000080069e0                __device_dts_ord_56
                0x00000000080069f8                __device_dts_ord_61
                0x0000000008006a10                __device_dts_ord_53
                0x0000000008006a28                __device_PRE_KERNEL_2_start = .
 *(SORT_BY_NAME(SORT_BY_ALIGNMENT(.z_device_PRE_KERNEL_2[0-9]_*)))
 *(SORT_BY_NAME(SORT_BY_ALIGNMENT(.z_device_PRE_KERNEL_2[1-9][0-9]_*)))
                0x0000000008006a28                __device_POST_KERNEL_start = .
 *(SORT_BY_NAME(SORT_BY_ALIGNMENT(.z_device_POST_KERNEL[0-9]_*)))
 *(SORT_BY_NAME(SORT_BY_ALIGNMENT(.z_device_POST_KERNEL[1-9][0-9]_*)))
 .z_device_POST_KERNEL50_
                0x0000000008006a28       0x60 drivers/pwm/libdrivers__pwm.a(pwm_stm32.c.obj)
                0x0000000008006a28                __device_dts_ord_104
                0x0000000008006a40                __device_dts_ord_29
                0x0000000008006a58                __device_dts_ord_86
                0x0000000008006a70                __device_dts_ord_97
                0x0000000008006a88                __device_APPLICATION_start = .
 *(SORT_BY_NAME(SORT_BY_ALIGNMENT(.z_device_APPLICATION[0-9]_*)))
 *(SORT_BY_NAME(SORT_BY_ALIGNMENT(.z_device_APPLICATION[1-9][0-9]_*)))
                0x0000000008006a88                __device_SMP_start = .
 *(SORT_BY_NAME(SORT_BY_ALIGNMENT(.z_device_SMP[0-9]_*)))
 *(SORT_BY_NAME(SORT_BY_ALIGNMENT(.z_device_SMP[1-9][0-9]_*)))
                0x0000000008006a88                __device_end = .

sw_isr_table    0x0000000008006a88      0x2d8
                0x0000000008006a88                . = ALIGN (0x0)
 *(SORT_BY_ALIGNMENT(.gnu.linkonce.sw_isr_table*))
 .gnu.linkonce.sw_isr_table
                0x0000000008006a88      0x2d8 CMakeFiles/zephyr_final.dir/isr_tables.c.obj
                0x0000000008006a88                _sw_isr_table

initlevel_error
                0x00000000080067f8        0x0
 *(SORT_BY_NAME(SORT_BY_ALIGNMENT(.z_init_[_A-Z0-9]*)))
                0x0000000000000001                ASSERT ((SIZEOF (initlevel_error) == 0x0), Undefined initialization levels used.)

app_shmem_regions
                0x0000000008006d60        0x0
                0x0000000008006d60                __app_shmem_regions_start = .
 *(SORT_BY_NAME(SORT_BY_ALIGNMENT(.app_regions.*)))
                0x0000000008006d60                __app_shmem_regions_end = .

k_p4wq_initparam_area
                0x0000000008006d60        0x0
                0x0000000008006d60                _k_p4wq_initparam_list_start = .
 *(SORT_BY_NAME(SORT_BY_ALIGNMENT(._k_p4wq_initparam.static.*)))
                0x0000000008006d60                _k_p4wq_initparam_list_end = .

device_handles  0x0000000008006d60       0xb6
                0x0000000008006d60                __device_handles_start = .
 *(SORT_BY_NAME(SORT_BY_ALIGNMENT(.__device_handles_pass2*)))
 .__device_handles_pass2
                0x0000000008006d60       0xb6 CMakeFiles/zephyr_final.dir/dev_handles.c.obj
                0x0000000008006d60                __devicehdl_DT_N_S_soc_S_timers_40012c00_S_pwm
                0x0000000008006d68                __devicehdl_DT_N_S_soc_S_timers_40000000_S_pwm
                0x0000000008006d70                __devicehdl_DT_N_S_soc_S_timers_40014000_S_pwm
                0x0000000008006d78                __devicehdl_DT_N_S_soc_S_timers_40014800_S_pwm
                0x0000000008006d80                __devicehdl_DT_N_S_soc_S_serial_40004400
                0x0000000008006d88                __devicehdl_DT_N_S_soc_S_serial_40008000
                0x0000000008006d90                __devicehdl_DT_N_S_soc_S_serial_40004800
                0x0000000008006d98                __devicehdl_DT_N_S_soc_S_rtc_40002800
                0x0000000008006da0                __devicehdl_DT_N_S_soc_S_pin_controller_48000000_S_gpio_48000000
                0x0000000008006da8                __devicehdl_DT_N_S_soc_S_pin_controller_48000000_S_gpio_48000400
                0x0000000008006db0                __devicehdl_DT_N_S_soc_S_pin_controller_48000000_S_gpio_48000800
                0x0000000008006db8                __devicehdl_DT_N_S_soc_S_pin_controller_48000000_S_gpio_48000c00
                0x0000000008006dc0                __devicehdl_DT_N_S_soc_S_pin_controller_48000000_S_gpio_48001000
                0x0000000008006dc8                __devicehdl_DT_N_S_soc_S_pin_controller_48000000_S_gpio_48001400
                0x0000000008006dd0                __devicehdl_DT_N_S_soc_S_pin_controller_48000000_S_gpio_48001800
                0x0000000008006dd8                __devicehdl_DT_N_S_soc_S_pin_controller_48000000_S_gpio_48001c00
                0x0000000008006de0                __devicehdl_DT_N_S_soc_S_pin_controller_48000000_S_gpio_48002000
                0x0000000008006de8                __devicehdl_DT_N_S_soc_S_interrupt_controller_40010400
                0x0000000008006dee                __devicehdl_DT_N_S_soc_S_rcc_40021000
                0x0000000008006e16                __device_handles_end = .

ztest           0x0000000008006e16        0x0
                0x0000000008006e16                _ztest_suite_node_list_start = .
 *(SORT_BY_NAME(SORT_BY_ALIGNMENT(._ztest_suite_node.static.*)))
                0x0000000008006e16                _ztest_suite_node_list_end = .
                0x0000000008006e16                _ztest_unit_test_list_start = .
 *(SORT_BY_NAME(SORT_BY_ALIGNMENT(._ztest_unit_test.static.*)))
                0x0000000008006e16                _ztest_unit_test_list_end = .
                0x0000000008006e16                _ztest_test_rule_list_start = .
 *(SORT_BY_NAME(SORT_BY_ALIGNMENT(._ztest_test_rule.static.*)))
                0x0000000008006e16                _ztest_test_rule_list_end = .

bt_l2cap_fixed_chan_area
                0x0000000008006e16        0x0
                0x0000000008006e16                _bt_l2cap_fixed_chan_list_start = .
 *(SORT_BY_NAME(SORT_BY_ALIGNMENT(._bt_l2cap_fixed_chan.static.*)))
                0x0000000008006e16                _bt_l2cap_fixed_chan_list_end = .

bt_gatt_service_static_area
                0x0000000008006e16        0x0
                0x0000000008006e16                _bt_gatt_service_static_list_start = .
 *(SORT_BY_NAME(SORT_BY_ALIGNMENT(._bt_gatt_service_static.static.*)))
                0x0000000008006e16                _bt_gatt_service_static_list_end = .

log_strings_sections
                0x0000000008006e16        0x0
                0x0000000008006e16                __log_strings_start = .
 *(SORT_BY_NAME(SORT_BY_ALIGNMENT(.log_strings*)))
                0x0000000008006e16                __log_strings_end = .

log_const_sections
                0x0000000008006e18       0x68
                0x0000000008006e18                __log_const_start = .
 *(SORT_BY_NAME(SORT_BY_ALIGNMENT(.log_const_*)))
 .log_const_accelmotor
                0x0000000008006e18        0x8 ../app/libapp.a(zephyr_accelmotor.c.obj)
                0x0000000008006e18                log_const_accelmotor
 .log_const_counter_rtc_stm32
                0x0000000008006e20        0x8 drivers/counter/libdrivers__counter.a(counter_ll_stm32_rtc.c.obj)
                0x0000000008006e20                log_const_counter_rtc_stm32
 .log_const_encoder
                0x0000000008006e28        0x8 ../app/libapp.a(zephyr_encoder.c.obj)
                0x0000000008006e28                log_const_encoder
 .log_const_log
                0x0000000008006e30        0x8 libzephyr.a(log_core.c.obj)
                0x0000000008006e30                log_const_log
 .log_const_log_uart
                0x0000000008006e38        0x8 libzephyr.a(log_backend_uart.c.obj)
                0x0000000008006e38                log_const_log_uart
 .log_const_main
                0x0000000008006e40        0x8 ../app/libapp.a(main.c.obj)
                0x0000000008006e40                log_const_main
 .log_const_motor
                0x0000000008006e48        0x8 ../app/libapp.a(zephyr_motor.c.obj)
                0x0000000008006e48                log_const_motor
 .log_const_mpu
                0x0000000008006e50        0x8 arch/arch/arm/core/aarch32/mpu/libarch__arm__core__aarch32__mpu.a(arm_core_mpu.c.obj)
                0x0000000008006e50                log_const_mpu
 .log_const_os  0x0000000008006e58        0x8 kernel/libkernel.a(init.c.obj)
                0x0000000008006e58                log_const_os
 .log_const_ps2
                0x0000000008006e60        0x8 ../app/libapp.a(zephyr_ps2.c.obj)
                0x0000000008006e60                log_const_ps2
 .log_const_pwm_stm32
                0x0000000008006e68        0x8 drivers/pwm/libdrivers__pwm.a(pwm_stm32.c.obj)
                0x0000000008006e68                log_const_pwm_stm32
 .log_const_soc
                0x0000000008006e70        0x8 libzephyr.a(soc.c.obj)
                0x0000000008006e70                log_const_soc
 .log_const_uart_stm32
                0x0000000008006e78        0x8 drivers/serial/libdrivers__serial.a(uart_stm32.c.obj)
                0x0000000008006e78                log_const_uart_stm32
                0x0000000008006e80                __log_const_end = .

log_backends_sections
                0x0000000008006e80       0x10
                0x0000000008006e80                __log_backends_start = .
 *(SORT_BY_ALIGNMENT(._log_backend.*))
 ._log_backend.static.log_backend_uart
                0x0000000008006e80       0x10 libzephyr.a(log_backend_uart.c.obj)
                0x0000000008006e90                __log_backends_end = .

tracing_backend_area
                0x0000000008006e90        0x0
                0x0000000008006e90                _tracing_backend_list_start = .
 *(SORT_BY_NAME(SORT_BY_ALIGNMENT(._tracing_backend.static.*)))
                0x0000000008006e90                _tracing_backend_list_end = .

zephyr_dbg_info
 *(SORT_BY_ALIGNMENT(.dbg_thread_info))

shell_area      0x0000000008006e90        0x0
                0x0000000008006e90                _shell_list_start = .
 *(SORT_BY_NAME(SORT_BY_ALIGNMENT(._shell.static.*)))
                0x0000000008006e90                _shell_list_end = .

shell_root_cmds_sections
                0x0000000008006e90        0x0
                0x0000000008006e90                __shell_root_cmds_start = .
 *(SORT_BY_NAME(SORT_BY_ALIGNMENT(.shell_root_cmd_*)))
                0x0000000008006e90                __shell_root_cmds_end = .

shell_subcmds_sections
                0x0000000008006e90        0x0
                0x0000000008006e90                __shell_subcmds_start = .
 *(SORT_BY_NAME(SORT_BY_ALIGNMENT(.shell_subcmd_*)))
                0x0000000008006e90                __shell_subcmds_end = .

shell_dynamic_subcmds_sections
                0x0000000008006e90        0x0
                0x0000000008006e90                __shell_dynamic_subcmds_start = .
 *(SORT_BY_NAME(SORT_BY_ALIGNMENT(.shell_dynamic_subcmd_*)))
                0x0000000008006e90                __shell_dynamic_subcmds_end = .

font_entry_sections
                0x0000000008006e90        0x0
                0x0000000008006e90                __font_entry_start = .
 *(SORT_BY_NAME(SORT_BY_ALIGNMENT(._cfb_font.*)))
                0x0000000008006e90                __font_entry_end = .

rodata          0x0000000008006e90      0xf40
 *(SORT_BY_ALIGNMENT(.rodata))
 .rodata        0x0000000008006e90        0x8 drivers/gpio/libdrivers__gpio.a(gpio_stm32.c.obj)
 *(SORT_BY_ALIGNMENT(.rodata.*))
 .rodata.format_table
                0x0000000008006e98        0xc libzephyr.a(log_core.c.obj)
 .rodata.colors
                0x0000000008006ea4       0x14 libzephyr.a(log_output.c.obj)
 .rodata.severity
                0x0000000008006eb8       0x14 libzephyr.a(log_output.c.obj)
 .rodata.log_backend_uart_api
                0x0000000008006ecc       0x20 libzephyr.a(log_backend_uart.c.obj)
                0x0000000008006ecc                log_backend_uart_api
 .rodata.log_output_uart
                0x0000000008006eec       0x10 libzephyr.a(log_backend_uart.c.obj)
 .rodata.static_regions
                0x0000000008006efc        0xc arch/arch/arm/core/aarch32/mpu/libarch__arm__core__aarch32__mpu.a(arm_core_mpu.c.obj)
 .rodata.mpu_config
                0x0000000008006f08        0x8 soc/arm/common/cortex_m/libsoc__arm__common__cortex_m.a(arm_mpu_regions.c.obj)
                0x0000000008006f08                mpu_config
 .rodata.mpu_regions
                0x0000000008006f10       0x18 soc/arm/common/cortex_m/libsoc__arm__common__cortex_m.a(arm_mpu_regions.c.obj)
 .rodata.rtc_stm32_driver_api
                0x0000000008006f28       0x2c drivers/counter/libdrivers__counter.a(counter_ll_stm32_rtc.c.obj)
 .rodata.rtc_config
                0x0000000008006f54       0x20 drivers/counter/libdrivers__counter.a(counter_ll_stm32_rtc.c.obj)
 .rodata.gpio_stm32_cfg_i
                0x0000000008006f74       0x14 drivers/gpio/libdrivers__gpio.a(gpio_stm32.c.obj)
 .rodata.gpio_stm32_cfg_h
                0x0000000008006f88       0x14 drivers/gpio/libdrivers__gpio.a(gpio_stm32.c.obj)
 .rodata.gpio_stm32_cfg_g
                0x0000000008006f9c       0x14 drivers/gpio/libdrivers__gpio.a(gpio_stm32.c.obj)
 .rodata.gpio_stm32_cfg_f
                0x0000000008006fb0       0x14 drivers/gpio/libdrivers__gpio.a(gpio_stm32.c.obj)
 .rodata.gpio_stm32_cfg_e
                0x0000000008006fc4       0x14 drivers/gpio/libdrivers__gpio.a(gpio_stm32.c.obj)
 .rodata.gpio_stm32_cfg_d
                0x0000000008006fd8       0x14 drivers/gpio/libdrivers__gpio.a(gpio_stm32.c.obj)
 .rodata.gpio_stm32_cfg_c
                0x0000000008006fec       0x14 drivers/gpio/libdrivers__gpio.a(gpio_stm32.c.obj)
 .rodata.gpio_stm32_cfg_b
                0x0000000008007000       0x14 drivers/gpio/libdrivers__gpio.a(gpio_stm32.c.obj)
 .rodata.gpio_stm32_cfg_a
                0x0000000008007014       0x14 drivers/gpio/libdrivers__gpio.a(gpio_stm32.c.obj)
 .rodata.gpio_stm32_driver
                0x0000000008007028       0x24 drivers/gpio/libdrivers__gpio.a(gpio_stm32.c.obj)
 .rodata.pwm_stm32_config_3
                0x000000000800704c       0x18 drivers/pwm/libdrivers__pwm.a(pwm_stm32.c.obj)
 .rodata.__pinctrl_dev_config__device_dts_ord_104
                0x0000000008007064        0x8 drivers/pwm/libdrivers__pwm.a(pwm_stm32.c.obj)
 .rodata.__pinctrl_states__device_dts_ord_104
                0x000000000800706c        0x8 drivers/pwm/libdrivers__pwm.a(pwm_stm32.c.obj)
 .rodata.__pinctrl_state_pins_0__device_dts_ord_104
                0x0000000008007074        0x8 drivers/pwm/libdrivers__pwm.a(pwm_stm32.c.obj)
 .rodata.pwm_stm32_config_2
                0x000000000800707c       0x18 drivers/pwm/libdrivers__pwm.a(pwm_stm32.c.obj)
 .rodata.__pinctrl_dev_config__device_dts_ord_29
                0x0000000008007094        0x8 drivers/pwm/libdrivers__pwm.a(pwm_stm32.c.obj)
 .rodata.__pinctrl_states__device_dts_ord_29
                0x000000000800709c        0x8 drivers/pwm/libdrivers__pwm.a(pwm_stm32.c.obj)
 .rodata.__pinctrl_state_pins_0__device_dts_ord_29
                0x00000000080070a4        0x8 drivers/pwm/libdrivers__pwm.a(pwm_stm32.c.obj)
 .rodata.pwm_stm32_config_1
                0x00000000080070ac       0x18 drivers/pwm/libdrivers__pwm.a(pwm_stm32.c.obj)
 .rodata.__pinctrl_dev_config__device_dts_ord_86
                0x00000000080070c4        0x8 drivers/pwm/libdrivers__pwm.a(pwm_stm32.c.obj)
 .rodata.__pinctrl_states__device_dts_ord_86
                0x00000000080070cc        0x8 drivers/pwm/libdrivers__pwm.a(pwm_stm32.c.obj)
 .rodata.__pinctrl_state_pins_0__device_dts_ord_86
                0x00000000080070d4        0x8 drivers/pwm/libdrivers__pwm.a(pwm_stm32.c.obj)
 .rodata.pwm_stm32_config_0
                0x00000000080070dc       0x18 drivers/pwm/libdrivers__pwm.a(pwm_stm32.c.obj)
 .rodata.__pinctrl_dev_config__device_dts_ord_97
                0x00000000080070f4        0x8 drivers/pwm/libdrivers__pwm.a(pwm_stm32.c.obj)
 .rodata.__pinctrl_states__device_dts_ord_97
                0x00000000080070fc        0x8 drivers/pwm/libdrivers__pwm.a(pwm_stm32.c.obj)
 .rodata.__pinctrl_state_pins_0__device_dts_ord_97
                0x0000000008007104       0x18 drivers/pwm/libdrivers__pwm.a(pwm_stm32.c.obj)
 .rodata.pwm_stm32_driver_api
                0x000000000800711c        0x8 drivers/pwm/libdrivers__pwm.a(pwm_stm32.c.obj)
 .rodata.set_timer_compare
                0x0000000008007124       0x18 drivers/pwm/libdrivers__pwm.a(pwm_stm32.c.obj)
 .rodata.ch2ll_n
                0x000000000800713c        0xc drivers/pwm/libdrivers__pwm.a(pwm_stm32.c.obj)
 .rodata.ch2ll  0x0000000008007148       0x18 drivers/pwm/libdrivers__pwm.a(pwm_stm32.c.obj)
 .rodata.uart_stm32_cfg_2
                0x0000000008007160       0x20 drivers/serial/libdrivers__serial.a(uart_stm32.c.obj)
 .rodata.pclken_2
                0x0000000008007180        0x8 drivers/serial/libdrivers__serial.a(uart_stm32.c.obj)
 .rodata.__pinctrl_dev_config__device_dts_ord_56
                0x0000000008007188        0x8 drivers/serial/libdrivers__serial.a(uart_stm32.c.obj)
 .rodata.__pinctrl_states__device_dts_ord_56
                0x0000000008007190        0x8 drivers/serial/libdrivers__serial.a(uart_stm32.c.obj)
 .rodata.__pinctrl_state_pins_0__device_dts_ord_56
                0x0000000008007198       0x10 drivers/serial/libdrivers__serial.a(uart_stm32.c.obj)
 .rodata.uart_stm32_cfg_1
                0x00000000080071a8       0x20 drivers/serial/libdrivers__serial.a(uart_stm32.c.obj)
 .rodata.pclken_1
                0x00000000080071c8        0x8 drivers/serial/libdrivers__serial.a(uart_stm32.c.obj)
 .rodata.__pinctrl_dev_config__device_dts_ord_61
                0x00000000080071d0        0x8 drivers/serial/libdrivers__serial.a(uart_stm32.c.obj)
 .rodata.__pinctrl_states__device_dts_ord_61
                0x00000000080071d8        0x8 drivers/serial/libdrivers__serial.a(uart_stm32.c.obj)
 .rodata.__pinctrl_state_pins_0__device_dts_ord_61
                0x00000000080071e0       0x10 drivers/serial/libdrivers__serial.a(uart_stm32.c.obj)
 .rodata.uart_stm32_cfg_0
                0x00000000080071f0       0x20 drivers/serial/libdrivers__serial.a(uart_stm32.c.obj)
 .rodata.pclken_0
                0x0000000008007210        0x8 drivers/serial/libdrivers__serial.a(uart_stm32.c.obj)
 .rodata.__pinctrl_dev_config__device_dts_ord_53
                0x0000000008007218        0x8 drivers/serial/libdrivers__serial.a(uart_stm32.c.obj)
 .rodata.__pinctrl_states__device_dts_ord_53
                0x0000000008007220        0x8 drivers/serial/libdrivers__serial.a(uart_stm32.c.obj)
 .rodata.__pinctrl_state_pins_0__device_dts_ord_53
                0x0000000008007228       0x10 drivers/serial/libdrivers__serial.a(uart_stm32.c.obj)
 .rodata.uart_stm32_driver_api
                0x0000000008007238       0x4c drivers/serial/libdrivers__serial.a(uart_stm32.c.obj)
 .rodata.gpio_ports
                0x0000000008007284       0x2c drivers/pinctrl/libdrivers__pinctrl.a(pinctrl_stm32.c.obj)
 .rodata.MSIRangeTable
                0x00000000080072b0       0x30 ../modules/stm32/stm32cube/lib..__modules__hal__stm32__stm32cube.a(system_stm32l4xx.c.obj)
                0x00000000080072b0                MSIRangeTable
 .rodata.levels.0
                0x00000000080072e0       0x14 kernel/libkernel.a(device.c.obj)
 .rodata._k_neg_eagain
                0x00000000080072f4        0x4 kernel/libkernel.a(errno.c.obj)
                0x00000000080072f4                _k_neg_eagain
 .rodata.CSWTCH.16
                0x00000000080072f8       0x14 kernel/libkernel.a(fatal.c.obj)
 .rodata.CSWTCH.97
                0x000000000800730c        0x6 drivers/serial/libdrivers__serial.a(uart_stm32.c.obj)
 .rodata.ps2_thread.str1.1
                0x0000000008007312       0x47 ../app/libapp.a(main.c.obj)
 .rodata.motor_control_thread.str1.1
                0x0000000008007359       0x1d ../app/libapp.a(main.c.obj)
 .rodata.main.str1.1
                0x0000000008007376      0x140 ../app/libapp.a(main.c.obj)
 .rodata.str1.1
                0x00000000080074b6        0x5 ../app/libapp.a(main.c.obj)
 .rodata.zephyr_motor_init.str1.1
                0x00000000080074bb       0x4f ../app/libapp.a(zephyr_motor.c.obj)
 .rodata.str1.1
                0x000000000800750a       0x4f ../app/libapp.a(zephyr_motor.c.obj)
                                          0x6 (size before relaxing)
 .rodata.str1.1
                0x000000000800750a        0x8 ../app/libapp.a(zephyr_encoder.c.obj)
 .rodata.str1.1
                0x0000000008007512        0xb ../app/libapp.a(zephyr_accelmotor.c.obj)
 .rodata.str1.1
                0x000000000800751d        0x4 ../app/libapp.a(zephyr_ps2.c.obj)
 .rodata.cbvprintf.str1.1
                0x0000000008007521        0x6 libzephyr.a(cbprintf_complete.c.obj)
 .rodata.str1.1
                0x0000000008007527        0x4 libzephyr.a(soc.c.obj)
 .rodata.str1.1
                0x000000000800752b        0x4 libzephyr.a(log_core.c.obj)
 .rodata.prefix_print.str1.1
                0x000000000800752f       0x40 libzephyr.a(log_output.c.obj)
 .rodata.newline_print.str1.1
                0x000000000800756f        0x3 libzephyr.a(log_output.c.obj)
                                          0x5 (size before relaxing)
 .rodata.hexdump_line_print.str1.1
                0x0000000008007572        0xf libzephyr.a(log_output.c.obj)
                                         0x11 (size before relaxing)
 .rodata.str1.1
                0x0000000008007581       0x20 libzephyr.a(log_output.c.obj)
 .rodata.str1.1
                0x00000000080075a1       0x1a libzephyr.a(log_backend_uart.c.obj)
 .rodata.z_arm_fatal_error.str1.1
                0x00000000080075bb       0xed arch/arch/arm/core/aarch32/libarch__arm__core__aarch32.a(fatal.c.obj)
 .rodata.bus_fault.constprop.0.str1.1
                0x00000000080076a8       0xca arch/arch/arm/core/aarch32/cortex_m/libarch__arm__core__aarch32__cortex_m.a(fault.c.obj)
 .rodata.usage_fault.constprop.0.str1.1
                0x0000000008007772       0xcd arch/arch/arm/core/aarch32/cortex_m/libarch__arm__core__aarch32__cortex_m.a(fault.c.obj)
 .rodata.mem_manage_fault.str1.1
                0x000000000800783f       0x96 arch/arch/arm/core/aarch32/cortex_m/libarch__arm__core__aarch32__cortex_m.a(fault.c.obj)
 .rodata.z_arm_fault.str1.1
                0x00000000080078d5      0x111 arch/arch/arm/core/aarch32/cortex_m/libarch__arm__core__aarch32__cortex_m.a(fault.c.obj)
 .rodata.str1.1
                0x00000000080079e6        0x4 arch/arch/arm/core/aarch32/mpu/libarch__arm__core__aarch32__mpu.a(arm_core_mpu.c.obj)
 .rodata.mpu_configure_regions.str1.1
                0x00000000080079ea       0x49 arch/arch/arm/core/aarch32/mpu/libarch__arm__core__aarch32__mpu.a(arm_mpu.c.obj)
 .rodata.str1.1
                0x0000000008007a33        0xf soc/arm/common/cortex_m/libsoc__arm__common__cortex_m.a(arm_mpu_regions.c.obj)
 .rodata.str1.1
                0x0000000008007a42       0x1e drivers/interrupt_controller/libdrivers__interrupt_controller.a(intc_exti_stm32.c.obj)
 .rodata.exti_irq_table
                0x0000000008007a60       0x10 drivers/interrupt_controller/libdrivers__interrupt_controller.a(intc_exti_stm32.c.obj)
                0x0000000008007a60                exti_irq_table
 .rodata.str1.1
                0x0000000008007a70        0xd drivers/clock_control/libdrivers__clock_control.a(clock_stm32_ll_common.c.obj)
 .rodata.z_log_msg2_runtime_create.constprop.0.str1.1
                0x0000000008007a7d       0x11 drivers/counter/libdrivers__counter.a(counter_ll_stm32_rtc.c.obj)
 .rodata.str1.1
                0x0000000008007a8e       0x18 drivers/counter/libdrivers__counter.a(counter_ll_stm32_rtc.c.obj)
 .rodata.str1.1
                0x0000000008007aa6       0x36 drivers/gpio/libdrivers__gpio.a(gpio_stm32.c.obj)
 .rodata.pwm_stm32_set_cycles.str1.1
                0x0000000008007adc       0x66 drivers/pwm/libdrivers__pwm.a(pwm_stm32.c.obj)
 .rodata.pwm_stm32_init.str1.1
                0x0000000008007b42       0x7b drivers/pwm/libdrivers__pwm.a(pwm_stm32.c.obj)
 .rodata.str1.1
                0x0000000008007bbd       0x24 drivers/pwm/libdrivers__pwm.a(pwm_stm32.c.obj)
 .rodata.SHIFT_TAB_CCxP
                0x0000000008007be1        0x9 drivers/pwm/libdrivers__pwm.a(pwm_stm32.c.obj)
 .rodata.SHIFT_TAB_OCxx
                0x0000000008007bea        0x9 drivers/pwm/libdrivers__pwm.a(pwm_stm32.c.obj)
 .rodata.OFFSET_TAB_CCMRx
                0x0000000008007bf3        0x9 drivers/pwm/libdrivers__pwm.a(pwm_stm32.c.obj)
 .rodata.uart_stm32_set_baudrate.str1.1
                0x0000000008007bfc       0x45 drivers/serial/libdrivers__serial.a(uart_stm32.c.obj)
 .rodata.uart_stm32_init.str1.1
                0x0000000008007c41       0x52 drivers/serial/libdrivers__serial.a(uart_stm32.c.obj)
 .rodata.str1.1
                0x0000000008007c93       0x22 drivers/serial/libdrivers__serial.a(uart_stm32.c.obj)
 .rodata.AHBPrescTable
                0x0000000008007cb5       0x10 ../modules/stm32/stm32cube/lib..__modules__hal__stm32__stm32cube.a(system_stm32l4xx.c.obj)
                0x0000000008007cb5                AHBPrescTable
 .rodata.k_sys_fatal_error_handler.str1.1
                0x0000000008007cc5        0xf kernel/libkernel.a(fatal.c.obj)
 .rodata.z_fatal_error.str1.1
                0x0000000008007cd4       0x77 kernel/libkernel.a(fatal.c.obj)
 .rodata.str1.1
                0x0000000008007d4b       0x4a kernel/libkernel.a(fatal.c.obj)
 .rodata.z_cstart.str1.1
                0x0000000008007d95        0x5 kernel/libkernel.a(init.c.obj)
 .rodata.str1.1
                0x0000000008007d95        0x3 kernel/libkernel.a(init.c.obj)
 .rodata.boot_banner.str1.1
                0x0000000008007d98       0x35 kernel/libkernel.a(banner.c.obj)
                                         0x36 (size before relaxing)
 *(SORT_BY_ALIGNMENT(.gnu.linkonce.r.*))
                0x0000000008007dd0                . = ALIGN (0x4)
 *fill*         0x0000000008007dcd        0x3 
                0x0000000008007dd0                __rodata_region_end = .
                0x0000000008007de0                . = ALIGN (_region_min_align)
                0x0000000008008000                . = ALIGN ((0x1 << ((__rodata_region_end - __rom_region_start) <= 0x4)?0x2:((__rodata_region_end - __rom_region_start) <= 0x8)?0x3:((__rodata_region_end - __rom_region_start) <= 0x10)?0x4:((__rodata_region_end - __rom_region_start) <= 0x20)?0x5:((__rodata_region_end - __rom_region_start) <= 0x40)?0x6:((__rodata_region_end - __rom_region_start) <= 0x80)?0x7:((__rodata_region_end - __rom_region_start) <= 0x100)?0x8:((__rodata_region_end - __rom_region_start) <= 0x200)?0x9:((__rodata_region_end - __rom_region_start) <= 0x400)?0xa:((__rodata_region_end - __rom_region_start) <= 0x800)?0xb:((__rodata_region_end - __rom_region_start) <= 0x1000)?0xc:((__rodata_region_end - __rom_region_start) <= 0x2000)?0xd:((__rodata_region_end - __rom_region_start) <= 0x4000)?0xe:((__rodata_region_end - __rom_region_start) <= 0x8000)?0xf:((__rodata_region_end - __rom_region_start) <= 0x10000)?0x10:((__rodata_region_end - __rom_region_start) <= 0x20000)?0x11:((__rodata_region_end - __rom_region_start) <= 0x40000)?0x12:((__rodata_region_end - __rom_region_start) <= 0x80000)?0x13:((__rodata_region_end - __rom_region_start) <= 0x100000)?0x14:((__rodata_region_end - __rom_region_start) <= 0x200000)?0x15:((__rodata_region_end - __rom_region_start) <= 0x400000)?0x16:((__rodata_region_end - __rom_region_start) <= 0x800000)?0x17:((__rodata_region_end - __rom_region_start) <= 0x1000000)?0x18:((__rodata_region_end - __rom_region_start) <= 0x2000000)?0x19:((__rodata_region_end - __rom_region_start) <= 0x4000000)?0x1a:((__rodata_region_end - __rom_region_start) <= 0x8000000)?0x1b:((__rodata_region_end - __rom_region_start) <= 0x10000000)?0x1c:((__rodata_region_end - __rom_region_start) <= 0x20000000)?0x1d:((__rodata_region_end - __rom_region_start) <= 0x40000000)?0x1e:((__rodata_region_end - __rom_region_start) <= 0x80000000)?0x1f:0x20))
                0x0000000008008000                __rom_region_end = .

/DISCARD/
 *(SORT_BY_ALIGNMENT(.got.plt))
 *(SORT_BY_ALIGNMENT(.igot.plt))
 *(SORT_BY_ALIGNMENT(.got))
 *(SORT_BY_ALIGNMENT(.igot))
                0x0000000020000000                . = 0x20000000
                0x0000000020000000                . = ALIGN (_region_min_align)
                0x0000000020000000                _image_ram_start = .

.ramfunc        0x0000000020000000        0x0 load address 0x0000000008007dd0
                0x0000000020000000                . = ALIGN (_region_min_align)
                0x0000000020000000                . = ALIGN ((0x1 << (__ramfunc_size <= 0x4)?0x2:(__ramfunc_size <= 0x8)?0x3:(__ramfunc_size <= 0x10)?0x4:(__ramfunc_size <= 0x20)?0x5:(__ramfunc_size <= 0x40)?0x6:(__ramfunc_size <= 0x80)?0x7:(__ramfunc_size <= 0x100)?0x8:(__ramfunc_size <= 0x200)?0x9:(__ramfunc_size <= 0x400)?0xa:(__ramfunc_size <= 0x800)?0xb:(__ramfunc_size <= 0x1000)?0xc:(__ramfunc_size <= 0x2000)?0xd:(__ramfunc_size <= 0x4000)?0xe:(__ramfunc_size <= 0x8000)?0xf:(__ramfunc_size <= 0x10000)?0x10:(__ramfunc_size <= 0x20000)?0x11:(__ramfunc_size <= 0x40000)?0x12:(__ramfunc_size <= 0x80000)?0x13:(__ramfunc_size <= 0x100000)?0x14:(__ramfunc_size <= 0x200000)?0x15:(__ramfunc_size <= 0x400000)?0x16:(__ramfunc_size <= 0x800000)?0x17:(__ramfunc_size <= 0x1000000)?0x18:(__ramfunc_size <= 0x2000000)?0x19:(__ramfunc_size <= 0x4000000)?0x1a:(__ramfunc_size <= 0x8000000)?0x1b:(__ramfunc_size <= 0x10000000)?0x1c:(__ramfunc_size <= 0x20000000)?0x1d:(__ramfunc_size <= 0x40000000)?0x1e:(__ramfunc_size <= 0x80000000)?0x1f:0x20))
                0x0000000020000000                __ramfunc_start = .
 *(SORT_BY_ALIGNMENT(.ramfunc))
 *(SORT_BY_ALIGNMENT(.ramfunc.*))
                0x0000000020000000                . = ALIGN (_region_min_align)
                0x0000000020000000                . = ALIGN ((0x1 << (__ramfunc_size <= 0x4)?0x2:(__ramfunc_size <= 0x8)?0x3:(__ramfunc_size <= 0x10)?0x4:(__ramfunc_size <= 0x20)?0x5:(__ramfunc_size <= 0x40)?0x6:(__ramfunc_size <= 0x80)?0x7:(__ramfunc_size <= 0x100)?0x8:(__ramfunc_size <= 0x200)?0x9:(__ramfunc_size <= 0x400)?0xa:(__ramfunc_size <= 0x800)?0xb:(__ramfunc_size <= 0x1000)?0xc:(__ramfunc_size <= 0x2000)?0xd:(__ramfunc_size <= 0x4000)?0xe:(__ramfunc_size <= 0x8000)?0xf:(__ramfunc_size <= 0x10000)?0x10:(__ramfunc_size <= 0x20000)?0x11:(__ramfunc_size <= 0x40000)?0x12:(__ramfunc_size <= 0x80000)?0x13:(__ramfunc_size <= 0x100000)?0x14:(__ramfunc_size <= 0x200000)?0x15:(__ramfunc_size <= 0x400000)?0x16:(__ramfunc_size <= 0x800000)?0x17:(__ramfunc_size <= 0x1000000)?0x18:(__ramfunc_size <= 0x2000000)?0x19:(__ramfunc_size <= 0x4000000)?0x1a:(__ramfunc_size <= 0x8000000)?0x1b:(__ramfunc_size <= 0x10000000)?0x1c:(__ramfunc_size <= 0x20000000)?0x1d:(__ramfunc_size <= 0x40000000)?0x1e:(__ramfunc_size <= 0x80000000)?0x1f:0x20))
                0x0000000020000000                __ramfunc_end = .
                0x0000000000000000                __ramfunc_size = (__ramfunc_end - __ramfunc_start)
                0x0000000008007dd0                __ramfunc_load_start = LOADADDR (.ramfunc)

datas           0x0000000020000000       0x68 load address 0x0000000008007dd0
                0x0000000020000000                __data_region_start = .
                0x0000000020000000                __data_start = .
 *(SORT_BY_ALIGNMENT(.data))
 *(SORT_BY_ALIGNMENT(.data.*))
 .data.last_phase.0
                0x0000000020000000        0x4 ../app/libapp.a(main.c.obj)
 .data._char_out
                0x0000000020000004        0x4 libzephyr.a(printk.c.obj)
                0x0000000020000004                _char_out
 .data.timestamp_func
                0x0000000020000008        0x4 libzephyr.a(log_core.c.obj)
 .data._stdout_hook
                0x000000002000000c        0x4 lib/libc/minimal/liblib__libc__minimal.a(stdout_console.c.obj)
 .data.stm32_clock_control_api
                0x0000000020000010       0x1c drivers/clock_control/libdrivers__clock_control.a(clock_stm32_ll_common.c.obj)
 .data.uart_stm32_data_2
                0x000000002000002c       0x10 drivers/serial/libdrivers__serial.a(uart_stm32.c.obj)
 .data.uart_stm32_data_1
                0x000000002000003c       0x10 drivers/serial/libdrivers__serial.a(uart_stm32.c.obj)
 .data.uart_stm32_data_0
                0x000000002000004c       0x10 drivers/serial/libdrivers__serial.a(uart_stm32.c.obj)
 .data.SystemCoreClock
                0x000000002000005c        0x4 ../modules/stm32/stm32cube/lib..__modules__hal__stm32__stm32cube.a(system_stm32l4xx.c.obj)
                0x000000002000005c                SystemCoreClock
 .data.timeout_list
                0x0000000020000060        0x8 kernel/libkernel.a(timeout.c.obj)
 *(SORT_BY_ALIGNMENT(.kernel.*))
                0x0000000020000068                __data_end = .
                0x0000000000000068                __data_size = (__data_end - __data_start)
                0x0000000008007dd0                __data_load_start = LOADADDR (datas)
                0x0000000008007dd0                __data_region_load_start = LOADADDR (datas)

device_states   0x0000000020000068       0x4c load address 0x0000000008007e38
                0x0000000020000068                __device_states_start = .
 *(SORT_BY_ALIGNMENT(.z_devstate))
 .z_devstate    0x0000000020000068        0x4 drivers/interrupt_controller/libdrivers__interrupt_controller.a(intc_exti_stm32.c.obj)
 .z_devstate    0x000000002000006c        0x4 drivers/clock_control/libdrivers__clock_control.a(clock_stm32_ll_common.c.obj)
 .z_devstate    0x0000000020000070        0x4 drivers/counter/libdrivers__counter.a(counter_ll_stm32_rtc.c.obj)
 .z_devstate    0x0000000020000074       0x24 drivers/gpio/libdrivers__gpio.a(gpio_stm32.c.obj)
 .z_devstate    0x0000000020000098       0x10 drivers/pwm/libdrivers__pwm.a(pwm_stm32.c.obj)
 .z_devstate    0x00000000200000a8        0xc drivers/serial/libdrivers__serial.a(uart_stm32.c.obj)
 *(SORT_BY_ALIGNMENT(.z_devstate.*))
                0x00000000200000b4                __device_states_end = .

initshell       0x00000000200000b4        0x0 load address 0x0000000008007e84
                0x00000000200000b4                __shell_module_start = .
 *(SORT_BY_ALIGNMENT(.shell_module_*))
                0x00000000200000b4                __shell_module_end = .
                0x00000000200000b4                __shell_cmd_start = .
 *(SORT_BY_ALIGNMENT(.shell_cmd_*))
                0x00000000200000b4                __shell_cmd_end = .

log_dynamic_sections
                0x00000000200000b4        0x0 load address 0x0000000008007e84
                0x00000000200000b4                __log_dynamic_start = .
 *(SORT_BY_NAME(SORT_BY_ALIGNMENT(.log_dynamic_*)))
                0x00000000200000b4                __log_dynamic_end = .

_static_thread_data_area
                0x00000000200000b4        0x0 load address 0x0000000008007e84
                0x00000000200000b4                __static_thread_data_list_start = .
 *(SORT_BY_NAME(SORT_BY_ALIGNMENT(.__static_thread_data.static.*)))
                0x00000000200000b4                __static_thread_data_list_end = .

k_timer_area    0x00000000200000b4        0x0 load address 0x0000000008007e84
                0x00000000200000b4                _k_timer_list_start = .
 *(SORT_BY_NAME(SORT_BY_ALIGNMENT(._k_timer.static.*)))
                0x00000000200000b4                _k_timer_list_end = .

k_mem_slab_area
                0x00000000200000b4        0x0 load address 0x0000000008007e84
                0x00000000200000b4                _k_mem_slab_list_start = .
 *(SORT_BY_NAME(SORT_BY_ALIGNMENT(._k_mem_slab.static.*)))
                0x00000000200000b4                _k_mem_slab_list_end = .

k_mem_pool_area
                0x00000000200000b4        0x0 load address 0x0000000008007e84
                0x00000000200000b4                _k_mem_pool_list_start = .
 *(SORT_BY_NAME(SORT_BY_ALIGNMENT(._k_mem_pool.static.*)))
                0x00000000200000b4                _k_mem_pool_list_end = .

k_heap_area     0x00000000200000b4        0x0 load address 0x0000000008007e84
                0x00000000200000b4                _k_heap_list_start = .
 *(SORT_BY_NAME(SORT_BY_ALIGNMENT(._k_heap.static.*)))
                0x00000000200000b4                _k_heap_list_end = .

k_mutex_area    0x00000000200000b4       0x14 load address 0x0000000008007e84
                0x00000000200000b4                _k_mutex_list_start = .
 *(SORT_BY_NAME(SORT_BY_ALIGNMENT(._k_mutex.static.*)))
 ._k_mutex.static.control_lock
                0x00000000200000b4       0x14 ../app/libapp.a(main.c.obj)
                0x00000000200000c8                _k_mutex_list_end = .

k_stack_area    0x00000000200000c8        0x0 load address 0x0000000008007e98
                0x00000000200000c8                _k_stack_list_start = .
 *(SORT_BY_NAME(SORT_BY_ALIGNMENT(._k_stack.static.*)))
                0x00000000200000c8                _k_stack_list_end = .

k_msgq_area     0x00000000200000c8        0x0 load address 0x0000000008007e98
                0x00000000200000c8                _k_msgq_list_start = .
 *(SORT_BY_NAME(SORT_BY_ALIGNMENT(._k_msgq.static.*)))
                0x00000000200000c8                _k_msgq_list_end = .

k_mbox_area     0x00000000200000c8        0x0 load address 0x0000000008007e98
                0x00000000200000c8                _k_mbox_list_start = .
 *(SORT_BY_NAME(SORT_BY_ALIGNMENT(._k_mbox.static.*)))
                0x00000000200000c8                _k_mbox_list_end = .

k_pipe_area     0x00000000200000c8        0x0 load address 0x0000000008007e98
                0x00000000200000c8                _k_pipe_list_start = .
 *(SORT_BY_NAME(SORT_BY_ALIGNMENT(._k_pipe.static.*)))
                0x00000000200000c8                _k_pipe_list_end = .

k_sem_area      0x00000000200000c8        0x0 load address 0x0000000008007e98
                0x00000000200000c8                _k_sem_list_start = .
 *(SORT_BY_NAME(SORT_BY_ALIGNMENT(._k_sem.static.*)))
                0x00000000200000c8                _k_sem_list_end = .

k_event_area    0x00000000200000c8        0x0 load address 0x0000000008007e98
                0x00000000200000c8                _k_event_list_start = .
 *(SORT_BY_NAME(SORT_BY_ALIGNMENT(._k_event.static.*)))
                0x00000000200000c8                _k_event_list_end = .

k_queue_area    0x00000000200000c8        0x0 load address 0x0000000008007e98
                0x00000000200000c8                _k_queue_list_start = .
 *(SORT_BY_NAME(SORT_BY_ALIGNMENT(._k_queue.static.*)))
                0x00000000200000c8                _k_queue_list_end = .

k_condvar_area  0x00000000200000c8        0x0 load address 0x0000000008007e98
                0x00000000200000c8                _k_condvar_list_start = .
 *(SORT_BY_NAME(SORT_BY_ALIGNMENT(._k_condvar.static.*)))
                0x00000000200000c8                _k_condvar_list_end = .

_net_buf_pool_area
                0x00000000200000c8        0x0 load address 0x0000000008007e98
                0x00000000200000c8                _net_buf_pool_list = .
 *(SORT_BY_NAME(SORT_BY_ALIGNMENT(._net_buf_pool.static.*)))
                0x00000000200000c8                __data_region_end = .

bss             0x00000000200000c8      0x58a
                0x00000000200000c8                . = ALIGN (0x4)
                0x00000000200000c8                __bss_start = .
                0x00000000200000c8                __kernel_ram_start = .
 *(SORT_BY_ALIGNMENT(.bss))
 *(SORT_BY_ALIGNMENT(.bss.*))
 .bss.ps2_thread_data
                0x00000000200000c8       0xd8 ../app/libapp.a(main.c.obj)
 .bss.motor_thread_data
                0x00000000200001a0       0xd8 ../app/libapp.a(main.c.obj)
 .bss.z_idle_threads
                0x0000000020000278       0xd8 kernel/libkernel.a(init.c.obj)
                0x0000000020000278                z_idle_threads
 .bss.z_main_thread
                0x0000000020000350       0xd8 kernel/libkernel.a(init.c.obj)
                0x0000000020000350                z_main_thread
 .bss.curr_tick