Archive member included to satisfy reference by file (symbol)

../app/libapp.a(main.c.obj)   (--whole-archive)
../app/libapp.a(zephyr_motor.c.obj)
                              (--whole-archive)
../app/libapp.a(zephyr_encoder.c.obj)
                              (--whole-archive)
../app/libapp.a(zephyr_accelmotor.c.obj)
                              (--whole-archive)
../app/libapp.a(zephyr_ps2.c.obj)
                              (--whole-archive)
libzephyr.a(cbprintf.c.obj)   (--whole-archive)
libzephyr.a(cbprintf_packaged.c.obj)
                              (--whole-archive)
libzephyr.a(crc32c_sw.c.obj)  (--whole-archive)
libzephyr.a(crc32_sw.c.obj)   (--whole-archive)
libzephyr.a(crc16_sw.c.obj)   (--whole-archive)
libzephyr.a(crc8_sw.c.obj)    (--whole-archive)
libzephyr.a(crc7_sw.c.obj)    (--whole-archive)
libzephyr.a(dec.c.obj)        (--whole-archive)
libzephyr.a(fdtable.c.obj)    (--whole-archive)
libzephyr.a(hex.c.obj)        (--whole-archive)
libzephyr.a(notify.c.obj)     (--whole-archive)
libzephyr.a(printk.c.obj)     (--whole-archive)
libzephyr.a(onoff.c.obj)      (--whole-archive)
libzephyr.a(rb.c.obj)         (--whole-archive)
libzephyr.a(sem.c.obj)        (--whole-archive)
libzephyr.a(thread_entry.c.obj)
                              (--whole-archive)
libzephyr.a(timeutil.c.obj)   (--whole-archive)
libzephyr.a(heap.c.obj)       (--whole-archive)
libzephyr.a(heap-validate.c.obj)
                              (--whole-archive)
libzephyr.a(bitarray.c.obj)   (--whole-archive)
libzephyr.a(multi_heap.c.obj)
                              (--whole-archive)
libzephyr.a(cbprintf_complete.c.obj)
                              (--whole-archive)
libzephyr.a(assert.c.obj)     (--whole-archive)
libzephyr.a(mpsc_pbuf.c.obj)  (--whole-archive)
libzephyr.a(configs.c.obj)    (--whole-archive)
libzephyr.a(soc.c.obj)        (--whole-archive)
libzephyr.a(stm32cube_hal.c.obj)
                              (--whole-archive)
libzephyr.a(soc_config.c.obj)
                              (--whole-archive)
libzephyr.a(log_list.c.obj)   (--whole-archive)
libzephyr.a(log_core.c.obj)   (--whole-archive)
libzephyr.a(log_mgmt.c.obj)   (--whole-archive)
libzephyr.a(log_msg.c.obj)    (--whole-archive)
libzephyr.a(log_output.c.obj)
                              (--whole-archive)
libzephyr.a(log_msg2.c.obj)   (--whole-archive)
libzephyr.a(log_backend_uart.c.obj)
                              (--whole-archive)
libzephyr.a(tracing_none.c.obj)
                              (--whole-archive)
arch/common/libarch__common.a(sw_isr_common.c.obj)
                              (--whole-archive)
arch/arch/arm/core/aarch32/libarch__arm__core__aarch32.a(cpu_idle.S.obj)
                              (--whole-archive)
arch/arch/arm/core/aarch32/libarch__arm__core__aarch32.a(fatal.c.obj)
                              (--whole-archive)
arch/arch/arm/core/aarch32/libarch__arm__core__aarch32.a(irq_manage.c.obj)
                              (--whole-archive)
arch/arch/arm/core/aarch32/libarch__arm__core__aarch32.a(nmi.c.obj)
                              (--whole-archive)
arch/arch/arm/core/aarch32/libarch__arm__core__aarch32.a(nmi_on_reset.S.obj)
                              (--whole-archive)
arch/arch/arm/core/aarch32/libarch__arm__core__aarch32.a(prep_c.c.obj)
                              (--whole-archive)
arch/arch/arm/core/aarch32/libarch__arm__core__aarch32.a(swap.c.obj)
                              (--whole-archive)
arch/arch/arm/core/aarch32/libarch__arm__core__aarch32.a(swap_helper.S.obj)
                              (--whole-archive)
arch/arch/arm/core/aarch32/libarch__arm__core__aarch32.a(thread.c.obj)
                              (--whole-archive)
arch/arch/arm/core/aarch32/libarch__arm__core__aarch32.a(isr_wrapper.S.obj)
                              (--whole-archive)
arch/arch/arm/core/aarch32/cortex_m/libarch__arm__core__aarch32__cortex_m.a(exc_exit.S.obj)
                              (--whole-archive)
arch/arch/arm/core/aarch32/cortex_m/libarch__arm__core__aarch32__cortex_m.a(fault.c.obj)
                              (--whole-archive)
arch/arch/arm/core/aarch32/cortex_m/libarch__arm__core__aarch32__cortex_m.a(fault_s.S.obj)
                              (--whole-archive)
arch/arch/arm/core/aarch32/cortex_m/libarch__arm__core__aarch32__cortex_m.a(fpu.c.obj)
                              (--whole-archive)
arch/arch/arm/core/aarch32/cortex_m/libarch__arm__core__aarch32__cortex_m.a(irq_init.c.obj)
                              (--whole-archive)
arch/arch/arm/core/aarch32/cortex_m/libarch__arm__core__aarch32__cortex_m.a(reset.S.obj)
                              (--whole-archive)
arch/arch/arm/core/aarch32/cortex_m/libarch__arm__core__aarch32__cortex_m.a(scb.c.obj)
                              (--whole-archive)
arch/arch/arm/core/aarch32/cortex_m/libarch__arm__core__aarch32__cortex_m.a(thread_abort.c.obj)
                              (--whole-archive)
[...]
Memory Configuration

Name             Origin             Length             Attributes
FLASH            0x0000000008000000 0x0000000000100000 xr
SRAM             0x0000000020000000 0x0000000000050000 xw
IDT_LIST         0x00000000fffff7ff 0x0000000000000800 xw
*default*        0x0000000000000000 0xffffffffffffffff

Linker script and memory map

LOAD CMakeFiles/zephyr_pre0.dir/misc/empty_file.c.obj
LOAD CMakeFiles/offsets.dir/arch/arm/core/offsets/offsets.c.obj
                0x0000000000000020                _region_min_align = 0x20

.rel.plt        0x0000000008000000        0x0
 *(SORT_BY_ALIGNMENT(.rel.plt))
                [!provide]                        PROVIDE (__rel_iplt_start = .)
 *(SORT_BY_ALIGNMENT(.rel.iplt))
 .rel.iplt      0x0000000008000000        0x0 ../app/libapp.a(main.c.obj)
                [!provide]                        PROVIDE (__rel_iplt_end = .)

.rela.plt       0x0000000000000000        0x0
 *(SORT_BY_ALIGNMENT(.rela.plt))
                [!provide]                        PROVIDE (__rela_iplt_start = .)
 *(SORT_BY_ALIGNMENT(.rela.iplt))
                [!provide]                        PROVIDE (__rela_iplt_end = .)

.rel.dyn
 *(SORT_BY_ALIGNMENT(.rel.*))

.rela.dyn
 *(SORT_BY_ALIGNMENT(.rela.*))

/DISCARD/
 *(SORT_BY_ALIGNMENT(.plt))

/DISCARD/
 *(SORT_BY_ALIGNMENT(.iplt))
                0x0000000008000000                __rom_region_start = 0x8000000

rom_start       0x0000000008000000      0x1ac
                0x0000000000000000                . = 0x0
                0x0000000000000000                . = ALIGN (0x4)
                0x0000000000000000                . = ALIGN (0x80)
                0x0000000000000000                . = ALIGN (0x200)
                0x0000000008000000                _vector_start = .
 *(SORT_BY_ALIGNMENT(.exc_vector_table))
 *(SORT_BY_ALIGNMENT(.exc_vector_table.*))
 .exc_vector_table._vector_table_section
                0x0000000008000000       0x40 arch/arch/arm/core/aarch32/cortex_m/libarch__arm__core__aarch32__cortex_m.a(vector_table.S.obj)
                0x0000000008000000                _vector_table
 *(SORT_BY_ALIGNMENT(.gnu.linkonce.irq_vector_table*))
 .gnu.linkonce.irq_vector_table
                0x0000000008000040      0x16c arch/common/libisr_tables.a(isr_tables.c.obj)
                0x0000000008000040                _irq_vector_table
 *(SORT_BY_ALIGNMENT(.vectors))
                0x00000000080001ac                _vector_end = .

text            0x00000000080001b0     0x6670
                0x00000000080001b0                __text_region_start = .
 *(SORT_BY_ALIGNMENT(.text))
 .text          0x00000000080001b0       0xa0 /home/test/zephyr-sdk-0.17.4/arm-zephyr-eabi/bin/../lib/gcc/arm-zephyr-eabi/12.2.0/thumb/v7e-m+fp/hard/libgcc.a(_aeabi_ldivmod.o)
                0x00000000080001b0                __aeabi_ldivmod
 .text          0x0000000008000250       0x30 /home/test/zephyr-sdk-0.17.4/arm-zephyr-eabi/bin/../lib/gcc/arm-zephyr-eabi/12.2.0/thumb/v7e-m+fp/hard/libgcc.a(_aeabi_uldivmod.o)
                0x0000000008000250                __aeabi_uldivmod
 .text          0x0000000008000280        0x4 /home/test/zephyr-sdk-0.17.4/arm-zephyr-eabi/bin/../lib/gcc/arm-zephyr-eabi/12.2.0/thumb/v7e-m+fp/hard/libgcc.a(_dvmd_tls.o)
                0x0000000008000280                __aeabi_ldiv0
                0x0000000008000280                __aeabi_idiv0
 .text          0x0000000008000284      0x2a0 /home/test/zephyr-sdk-0.17.4/arm-zephyr-eabi/bin/../lib/gcc/arm-zephyr-eabi/12.2.0/thumb/v7e-m+fp/hard/libgcc.a(_udivmoddi4.o)
                0x0000000008000284                __udivmoddi4
 *(SORT_BY_ALIGNMENT(.text.*))
 *fill*         0x0000000008000524        0x4 
 .text.set_pwm  0x0000000008000528       0xb0 ../app/libapp.a(zephyr_motor.c.obj)
 .text.cbvprintf
                0x00000000080005d8      0xcd8 libzephyr.a(cbprintf_complete.c.obj)
                0x00000000080005d8                cbvprintf
 .text.ps2_thread
                0x00000000080012b0      0x14c ../app/libapp.a(main.c.obj)
                0x00000000080012b0                ps2_thread
 .text.motor_control_thread
                0x00000000080013fc       0x2c ../app/libapp.a(main.c.obj)
                0x00000000080013fc                motor_control_thread
 .text.main     0x0000000008001428      0x26c ../app/libapp.a(main.c.obj)
                0x0000000008001428                main
 .text.zephyr_motor_init
                0x0000000008001694       0xa8 ../app/libapp.a(zephyr_motor.c.obj)
                0x0000000008001694                zephyr_motor_init
 .text.cbvprintf_package
                0x000000000800173c      0x3f4 libzephyr.a(cbprintf_packaged.c.obj)
                0x000000000800173c                cbvprintf_package
 .text.char_out
                0x0000000008001b30       0x10 libzephyr.a(printk.c.obj)
 .text.__printk_hook_install
                0x0000000008001b40        0xc libzephyr.a(printk.c.obj)
                0x0000000008001b40                __printk_hook_install
 .text.vprintk  0x0000000008001b4c       0x1c libzephyr.a(printk.c.obj)
                0x0000000008001b4c                vprintk
 .text.timeutil_timegm64
                0x0000000008001b68       0xf0 libzephyr.a(timeutil.c.obj)
                0x0000000008001b68                timeutil_timegm64
 .text.stm32l4_init
                0x0000000008001c58       0x2c libzephyr.a(soc.c.obj)
 .text.msg_process
                0x0000000008001c84       0x34 libzephyr.a(log_core.c.obj)
 .text.log_format_func_t_get
                0x0000000008001cb8        0xc libzephyr.a(log_core.c.obj)
                0x0000000008001cb8                log_format_func_t_get
 .text.log_core_init
                0x0000000008001cc4       0x28 libzephyr.a(log_core.c.obj)
                0x0000000008001cc4                log_core_init
 .text.log_init
                0x0000000008001cec       0x58 libzephyr.a(log_core.c.obj)
                0x0000000008001cec                log_init
 .text.z_impl_log_panic
                0x0000000008001d44       0x40 libzephyr.a(log_core.c.obj)
                0x0000000008001d44                z_impl_log_panic
 .text.z_log_notify_backend_enabled
                0x0000000008001d84        0xc libzephyr.a(log_core.c.obj)
                0x0000000008001d84                z_log_notify_backend_enabled
 .text.z_log_dropped
                0x0000000008001d90       0x3c libzephyr.a(log_core.c.obj)
                0x0000000008001d90                z_log_dropped
 .text.z_log_msg2_commit
                0x0000000008001dcc       0x1c libzephyr.a(log_core.c.obj)
                0x0000000008001dcc                z_log_msg2_commit
 .text.log_source_name_get
                0x0000000008001de8       0x1c libzephyr.a(log_mgmt.c.obj)
                0x0000000008001de8                log_source_name_get
 .text.log_backend_enable
                0x0000000008001e04       0x1c libzephyr.a(log_mgmt.c.obj)
                0x0000000008001e04                log_backend_enable
 .text.print_formatted
                0x0000000008001e20       0x24 libzephyr.a(log_output.c.obj)
 .text.prefix_print
                0x0000000008001e44      0x13c libzephyr.a(log_output.c.obj)
 .text.newline_print
                0x0000000008001f80       0x1c libzephyr.a(log_output.c.obj)
 .text.hexdump_line_print
                0x0000000008001f9c       0xd8 libzephyr.a(log_output.c.obj)
 .text.postfix_print
                0x0000000008002074       0x28 libzephyr.a(log_output.c.obj)
 .text.log_output_msg2_process
                0x000000000800209c       0xdc libzephyr.a(log_output.c.obj)
                0x000000000800209c                log_output_msg2_process
 .text.log_output_timestamp_freq_set
                0x0000000008002178       0x2c libzephyr.a(log_output.c.obj)
                0x0000000008002178                log_output_timestamp_freq_set
 .text.z_impl_z_log_msg2_runtime_vcreate
                0x00000000080021a4       0x94 libzephyr.a(log_msg2.c.obj)
                0x00000000080021a4                z_impl_z_log_msg2_runtime_vcreate
 .text.char_out
                0x0000000008002238       0x24 libzephyr.a(log_backend_uart.c.obj)
 .text.format_set
                0x000000000800225c        0xc libzephyr.a(log_backend_uart.c.obj)
 .text.log_backend_uart_init
                0x0000000008002268       0x10 libzephyr.a(log_backend_uart.c.obj)
 .text.panic    0x0000000008002278       0x14 libzephyr.a(log_backend_uart.c.obj)
 .text.process  0x000000000800228c       0x24 libzephyr.a(log_backend_uart.c.obj)
 .text.z_arm_cpu_idle_init
                0x00000000080022b0        0xc arch/arch/arm/core/aarch32/libarch__arm__core__aarch32.a(cpu_idle.S.obj)
                0x00000000080022b0                z_arm_cpu_idle_init
 .text.arch_cpu_idle
                0x00000000080022bc       0x1c arch/arch/arm/core/aarch32/libarch__arm__core__aarch32.a(cpu_idle.S.obj)
                0x00000000080022bc                arch_cpu_idle
 .text.z_arm_fatal_error
                0x00000000080022d8      0x128 arch/arch/arm/core/aarch32/libarch__arm__core__aarch32.a(fatal.c.obj)
                0x00000000080022d8                z_arm_fatal_error
 .text.arch_irq_enable
                0x0000000008002400       0x1c arch/arch/arm/core/aarch32/libarch__arm__core__aarch32.a(irq_manage.c.obj)
                0x0000000008002400                arch_irq_enable
 .text.z_arm_irq_priority_set
                0x000000000800241c       0x30 arch/arch/arm/core/aarch32/libarch__arm__core__aarch32.a(irq_manage.c.obj)
                0x000000000800241c                z_arm_irq_priority_set
 .text.z_SysNmiOnReset
                0x000000000800244c        0x8 arch/arch/arm/core/aarch32/libarch__arm__core__aarch32.a(nmi_on_reset.S.obj)
                0x000000000800244c                z_SysNmiOnReset
 .text.z_arm_prep_c
                0x0000000008002454       0x5c arch/arch/arm/core/aarch32/libarch__arm__core__aarch32.a(prep_c.c.obj)
                0x0000000008002454                z_arm_prep_c
 .text.arch_swap
                0x00000000080024b0       0x38 arch/arch/arm/core/aarch32/libarch__arm__core__aarch32.a(swap.c.obj)
                0x00000000080024b0                arch_swap
 .text.z_arm_pendsv
                0x00000000080024e8       0x94 arch/arch/arm/core/aarch32/libarch__arm__core__aarch32.a(swap_helper.S.obj)
                0x00000000080024e8                z_arm_pendsv
 .text.z_arm_svc
                0x000000000800257c       0x20 arch/arch/arm/core/aarch32/libarch__arm__core__aarch32.a(swap_helper.S.obj)
                0x000000000800257c                z_arm_svc
 .text.arch_new_thread
                0x000000000800259c       0x60 arch/arch/arm/core/aarch32/libarch__arm__core__aarch32.a(thread.c.obj)
                0x000000000800259c                arch_new_thread
 .text.z_arm_mpu_stack_guard_and_fpu_adjust
                0x00000000080025fc       0x6c arch/arch/arm/core/aarch32/libarch__arm__core__aarch32.a(thread.c.obj)
                0x00000000080025fc                z_arm_mpu_stack_guard_and_fpu_adjust
 .text.z_check_thread_stack_fail
                0x0000000008002668       0x38 arch/arch/arm/core/aarch32/libarch__arm__core__aarch32.a(thread.c.obj)
                0x0000000008002668                z_check_thread_stack_fail
 .text.arch_switch_to_main_thread
                0x00000000080026a0       0x48 arch/arch/arm/core/aarch32/libarch__arm__core__aarch32.a(thread.c.obj)
                0x00000000080026a0                arch_switch_to_main_thread
 .text._isr_wrapper
                0x00000000080026e8       0x28 arch/arch/arm/core/aarch32/libarch__arm__core__aarch32.a(isr_wrapper.S.obj)
                0x00000000080026e8                _isr_wrapper
 .text._HandlerModeExit
                0x0000000008002710       0x1c arch/arch/arm/core/aarch32/cortex_m/libarch__arm__core__aarch32__cortex_m.a(exc_exit.S.obj)
                0x0000000008002710                z_arm_exc_exit
                0x0000000008002710                z_arm_int_exit
 .text.bus_fault.constprop.0
                0x000000000800272c      0x11c arch/arch/arm/core/aarch32/cortex_m/libarch__arm__core__aarch32__cortex_m.a(fault.c.obj)
 .text.usage_fault.constprop.0
                0x0000000008002848       0xf8 arch/arch/arm/core/aarch32/cortex_m/libarch__arm__core__aarch32__cortex_m.a(fault.c.obj)
 .text.mem_manage_fault
                0x0000000008002940      0x154 arch/arch/arm/core/aarch32/cortex_m/libarch__arm__core__aarch32__cortex_m.a(fault.c.obj)
 .text.z_arm_fault
                0x0000000008002a94      0x1dc arch/arch/arm/core/aarch32/cortex_m/libarch__arm__core__aarch32__cortex_m.a(fault.c.obj)
                0x0000000008002a94                z_arm_fault
 .text.z_arm_fault_init
                0x0000000008002c70       0x10 arch/arch/arm/core/aarch32/cortex_m/libarch__arm__core__aarch32__cortex_m.a(fault.c.obj)
                0x0000000008002c70                z_arm_fault_init
 .text.__fault  0x0000000008002c80       0x14 arch/arch/arm/core/aarch32/cortex_m/libarch__arm__core__aarch32__cortex_m.a(fault_s.S.obj)
                0x0000000008002c80                z_arm_bus_fault
                0x0000000008002c80                z_arm_usage_fault
                0x0000000008002c80                z_arm_mpu_fault
                0x0000000008002c80                z_arm_exc_spurious
                0x0000000008002c80                z_arm_debug_monitor
                0x0000000008002c80                z_arm_hard_fault
 .text.z_arm_interrupt_init
                0x0000000008002c94       0x18 arch/arch/arm/core/aarch32/cortex_m/libarch__arm__core__aarch32__cortex_m.a(irq_init.c.obj)
                0x0000000008002c94                z_arm_interrupt_init
 .text._reset_section
                0x0000000008002cac       0x2c arch/arch/arm/core/aarch32/cortex_m/libarch__arm__core__aarch32__cortex_m.a(reset.S.obj)
                0x0000000008002cac                z_arm_reset
                0x0000000008002cac                __start
 .text.z_impl_k_thread_abort
                0x0000000008002cd8       0x2c arch/arch/arm/core/aarch32/cortex_m/libarch__arm__core__aarch32__cortex_m.a(thread_abort.c.obj)
                0x0000000008002cd8                z_impl_k_thread_abort
 .text.z_arm_configure_static_mpu_regions
                0x0000000008002d04       0x18 arch/arch/arm/core/aarch32/mpu/libarch__arm__core__aarch32__mpu.a(arm_core_mpu.c.obj)
                0x0000000008002d04                z_arm_configure_static_mpu_regions
 .text.z_arm_configure_dynamic_mpu_regions
                0x0000000008002d1c       0x2c arch/arch/arm/core/aarch32/mpu/libarch__arm__core__aarch32__mpu.a(arm_core_mpu.c.obj)
                0x0000000008002d1c                z_arm_configure_dynamic_mpu_regions
 .text.mpu_configure_regions
                0x0000000008002d48       0xb4 arch/arch/arm/core/aarch32/mpu/libarch__arm__core__aarch32__mpu.a(arm_mpu.c.obj)
 .text.arm_core_mpu_enable
                0x0000000008002dfc       0x18 arch/arch/arm/core/aarch32/mpu/libarch__arm__core__aarch32__mpu.a(arm_mpu.c.obj)
                0x0000000008002dfc                arm_core_mpu_enable
 .text.arm_core_mpu_disable
                0x0000000008002e14       0x14 arch/arch/arm/core/aarch32/mpu/libarch__arm__core__aarch32__mpu.a(arm_mpu.c.obj)
                0x0000000008002e14                arm_core_mpu_disable
 .text.arm_core_mpu_configure_static_mpu_regions
                0x0000000008002e28       0x14 arch/arch/arm/core/aarch32/mpu/libarch__arm__core__aarch32__mpu.a(arm_mpu.c.obj)
                0x0000000008002e28                arm_core_mpu_configure_static_mpu_regions
 .text.arm_core_mpu_configure_dynamic_mpu_regions
                0x0000000008002e3c       0x30 arch/arch/arm/core/aarch32/mpu/libarch__arm__core__aarch32__mpu.a(arm_mpu.c.obj)
                0x0000000008002e3c                arm_core_mpu_configure_dynamic_mpu_regions
 .text.z_arm_mpu_init
                0x0000000008002e6c       0x60 arch/arch/arm/core/aarch32/mpu/libarch__arm__core__aarch32__mpu.a(arm_mpu.c.obj)
                0x0000000008002e6c                z_arm_mpu_init
 .text.__stdout_hook_install
                0x0000000008002ecc        0xc lib/libc/minimal/liblib__libc__minimal.a(stdout_console.c.obj)
                0x0000000008002ecc                __stdout_hook_install
 .text.gmtime_r
                0x0000000008002ed8      0x1d0 lib/libc/minimal/liblib__libc__minimal.a(gmtime.c.obj)
                0x0000000008002ed8                gmtime_r
 .text.__stm32_exti_isr.isra.0
                0x00000000080030a8       0x40 drivers/interrupt_controller/libdrivers__interrupt_controller.a(intc_exti_stm32.c.obj)
 .text.stm32_exti_enable
                0x00000000080030e8       0x1c drivers/interrupt_controller/libdrivers__interrupt_controller.a(intc_exti_stm32.c.obj)
                0x00000000080030e8                stm32_exti_enable
 .text.stm32_exti_disable
                0x0000000008003104       0x18 drivers/interrupt_controller/libdrivers__interrupt_controller.a(intc_exti_stm32.c.obj)
                0x0000000008003104                stm32_exti_disable
 .text.stm32_exti_trigger
                0x000000000800311c       0x60 drivers/interrupt_controller/libdrivers__interrupt_controller.a(intc_exti_stm32.c.obj)
                0x000000000800311c                stm32_exti_trigger
 .text.stm32_exti_set_callback
                0x000000000800317c       0x24 drivers/interrupt_controller/libdrivers__interrupt_controller.a(intc_exti_stm32.c.obj)
                0x000000000800317c                stm32_exti_set_callback
 .text.stm32_exti_unset_callback
                0x00000000080031a0       0x14 drivers/interrupt_controller/libdrivers__interrupt_controller.a(intc_exti_stm32.c.obj)
                0x00000000080031a0                stm32_exti_unset_callback
 .text.LL_RCC_HSI_IsReady
                0x00000000080031b4       0x10 drivers/clock_control/libdrivers__clock_control.a(clock_stm32_ll_common.c.obj)
 .text.stm32_clock_control_get_subsys_rate
                0x00000000080031c4       0x6c drivers/clock_control/libdrivers__clock_control.a(clock_stm32_ll_common.c.obj)
 .text.stm32_clock_control_init
                0x0000000008003230       0xf8 drivers/clock_control/libdrivers__clock_control.a(clock_stm32_ll_common.c.obj)
                0x0000000008003230                stm32_clock_control_init
 .text.config_pll_sysclock
                0x0000000008003328       0x24 drivers/clock_control/libdrivers__clock_control.a(clock_stm32l4_l5_wb_wl.c.obj)
                0x0000000008003328                config_pll_sysclock
 .text.config_enable_default_clocks
                0x000000000800334c       0x20 drivers/clock_control/libdrivers__clock_control.a(clock_stm32l4_l5_wb_wl.c.obj)
                0x000000000800334c                config_enable_default_clocks
 .text.rtc_stm32_stop
                0x000000000800336c       0x18 drivers/counter/libdrivers__counter.a(counter_ll_stm32_rtc.c.obj)
 .text.rtc_stm32_get_pending_int
                0x0000000008003384       0x10 drivers/counter/libdrivers__counter.a(counter_ll_stm32_rtc.c.obj)
 .text.z_log_msg2_runtime_create.constprop.0
                0x0000000008003394       0x24 drivers/counter/libdrivers__counter.a(counter_ll_stm32_rtc.c.obj)
 .text.rtc_stm32_read
                0x00000000080033b8       0xdc drivers/counter/libdrivers__counter.a(counter_ll_stm32_rtc.c.obj)
 .text.rtc_stm32_isr
                0x0000000008003494       0x5c drivers/counter/libdrivers__counter.a(counter_ll_stm32_rtc.c.obj)
                0x0000000008003494                rtc_stm32_isr
 .text.rtc_stm32_init
                0x00000000080034f0      0x108 drivers/counter/libdrivers__counter.a(counter_ll_stm32_rtc.c.obj)
 .text.rtc_stm32_start
                0x00000000080035f8       0x18 drivers/counter/libdrivers__counter.a(counter_ll_stm32_rtc.c.obj)
 .text.rtc_stm32_cancel_alarm
                0x0000000008003610       0x34 drivers/counter/libdrivers__counter.a(counter_ll_stm32_rtc.c.obj)
 .text.rtc_stm32_set_alarm
                0x0000000008003644      0x104 drivers/counter/libdrivers__counter.a(counter_ll_stm32_rtc.c.obj)
 .text.uart_console_init
                0x0000000008003748       0x30 drivers/console/libdrivers__console.a(uart_console.c.obj)
 .text.console_out
                0x0000000008003778       0x28 drivers/console/libdrivers__console.a(uart_console.c.obj)
 .text.clock_control_on.constprop.0
                0x00000000080037a0       0x28 drivers/gpio/libdrivers__gpio.a(gpio_stm32.c.obj)
 .text.gpio_stm32_init
                0x00000000080037c8       0x24 drivers/gpio/libdrivers__gpio.a(gpio_stm32.c.obj)
 .text.gpio_stm32_pin_interrupt_configure
                0x00000000080037ec       0xfc drivers/gpio/libdrivers__gpio.a(gpio_stm32.c.obj)
 .text.pwm_stm32_set_cycles
                0x00000000080038e8      0x224 drivers/pwm/libdrivers__pwm.a(pwm_stm32.c.obj)
 .text.pwm_stm32_init
                0x0000000008003b0c      0x138 drivers/pwm/libdrivers__pwm.a(pwm_stm32.c.obj)
 .text.uart_stm32_irq_err_enable
                0x0000000008003c44       0x60 drivers/serial/libdrivers__serial.a(uart_stm32.c.obj)
 .text.uart_stm32_irq_err_disable
                0x0000000008003ca4       0x60 drivers/serial/libdrivers__serial.a(uart_stm32.c.obj)
 .text.uart_stm32_set_baudrate
                0x0000000008003d04       0xc4 drivers/serial/libdrivers__serial.a(uart_stm32.c.obj)
 .text.uart_stm32_init
                0x0000000008003dc8      0x154 drivers/serial/libdrivers__serial.a(uart_stm32.c.obj)
 .text.uart_stm32_configure
                0x0000000008003f1c      0x1f0 drivers/serial/libdrivers__serial.a(uart_stm32.c.obj)
 .text.elapsed  0x000000000800410c       0x3c drivers/timer/libdrivers__timer.a(cortex_m_systick.c.obj)
 .text.sys_clock_driver_init
                0x0000000008004148       0x34 drivers/timer/libdrivers__timer.a(cortex_m_systick.c.obj)
 .text.sys_clock_isr
                0x000000000800417c       0x44 drivers/timer/libdrivers__timer.a(cortex_m_systick.c.obj)
                0x000000000800417c                sys_clock_isr
 .text.sys_clock_set_timeout
                0x00000000080041c0       0xe4 drivers/timer/libdrivers__timer.a(cortex_m_systick.c.obj)
                0x00000000080041c0                sys_clock_set_timeout
 .text.sys_clock_elapsed
                0x00000000080042a4       0x3c drivers/timer/libdrivers__timer.a(cortex_m_systick.c.obj)
                0x00000000080042a4                sys_clock_elapsed
 .text.sys_clock_cycle_get_32
                0x00000000080042e0       0x2c drivers/timer/libdrivers__timer.a(cortex_m_systick.c.obj)
                0x00000000080042e0                sys_clock_cycle_get_32
 .text.pinctrl_configure_pins
                0x000000000800430c       0x8c drivers/pinctrl/libdrivers__pinctrl.a(pinctrl_stm32.c.obj)
                0x000000000800430c                pinctrl_configure_pins
 .text.HAL_RCC_GetSysClockFreq
                0x0000000008004398       0x9c ../modules/stm32/stm32cube/lib..__modules__hal__stm32__stm32cube.a(stm32l4xx_hal_rcc.c.obj)
                0x0000000008004398                HAL_RCC_GetSysClockFreq
 .text.LL_RTC_DeInit
                0x0000000008004434       0x50 ../modules/stm32/stm32cube/lib..__modules__hal__stm32__stm32cube.a(stm32l4xx_ll_rtc.c.obj)
                0x0000000008004434                LL_RTC_DeInit
 .text.LL_TIM_Init
                0x0000000008004484       0xac ../modules/stm32/stm32cube/lib..__modules__hal__stm32__stm32cube.a(stm32l4xx_ll_tim.c.obj)
                0x0000000008004484                LL_TIM_Init
 .text.LL_TIM_OC_Init
                0x0000000008004530      0x304 ../modules/stm32/stm32cube/lib..__modules__hal__stm32__stm32cube.a(stm32l4xx_ll_tim.c.obj)
                0x0000000008004530                LL_TIM_OC_Init
 .text.LL_SetFlashLatency
                0x0000000008004834       0xa8 ../modules/stm32/stm32cube/lib..__modules__hal__stm32__stm32cube.a(stm32l4xx_ll_utils.c.obj)
                0x0000000008004834                LL_SetFlashLatency
 .text.z_sys_init_run_level
                0x00000000080048dc       0x40 kernel/libkernel.a(device.c.obj)
                0x00000000080048dc                z_sys_init_run_level
 .text.z_impl_z_errno
                0x000000000800491c        0xc kernel/libkernel.a(errno.c.obj)
                0x000000000800491c                z_impl_z_errno
 .text.k_sys_fatal_error_handler
                0x0000000008004928       0x2c kernel/libkernel.a(fatal.c.obj)
                0x0000000008004928                k_sys_fatal_error_handler
 .text.z_fatal_error
                0x0000000008004954       0xc8 kernel/libkernel.a(fatal.c.obj)
                0x0000000008004954                z_fatal_error
 .text.bg_thread_main
                0x0000000008004a1c       0x34 kernel/libkernel.a(init.c.obj)
 .text.z_bss_zero
                0x0000000008004a50       0x18 kernel/libkernel.a(init.c.obj)
                0x0000000008004a50                z_bss_zero
 .text.z_init_cpu
                0x0000000008004a68       0x70 kernel/libkernel.a(init.c.obj)
                0x0000000008004a68                z_init_cpu
 .text.z_cstart
                0x0000000008004ad8       0xd4 kernel/libkernel.a(init.c.obj)
                0x0000000008004ad8                z_cstart
 .text.init_mem_slab_module
                0x0000000008004bac       0x44 kernel/libkernel.a(mem_slab.c.obj)
 .text.z_thread_monitor_exit
                0x0000000008004bf0       0x3c kernel/libkernel.a(thread.c.obj)
                0x0000000008004bf0                z_thread_monitor_exit
 .text.z_setup_new_thread
                0x0000000008004c2c       0x98 kernel/libkernel.a(thread.c.obj)
                0x0000000008004c2c                z_setup_new_thread
 .text.z_impl_k_thread_create
                0x0000000008004cc4       0x58 kernel/libkernel.a(thread.c.obj)
                0x0000000008004cc4                z_impl_k_thread_create
 .text.z_init_static_threads
                0x0000000008004d1c       0x98 kernel/libkernel.a(thread.c.obj)
                0x0000000008004d1c                z_init_static_threads
 .text.z_impl_k_mutex_lock
                0x0000000008004db4       0xf0 kernel/libkernel.a(mutex.c.obj)
                0x0000000008004db4                z_impl_k_mutex_lock
 .text.z_impl_k_mutex_unlock
                0x0000000008004ea4       0x7c kernel/libkernel.a(mutex.c.obj)
                0x0000000008004ea4                z_impl_k_mutex_unlock
 .text.z_reset_time_slice
                0x0000000008004f20       0x28 kernel/libkernel.a(sched.c.obj)
                0x0000000008004f20                z_reset_time_slice
 .text.update_cache
                0x0000000008004f48       0x3c kernel/libkernel.a(sched.c.obj)
 .text.move_thread_to_end_of_prio_q
                0x0000000008004f84       0x74 kernel/libkernel.a(sched.c.obj)
 .text.ready_thread
                0x0000000008004ff8       0x68 kernel/libkernel.a(sched.c.obj)
 .text.unready_thread
                0x0000000008005060       0x30 kernel/libkernel.a(sched.c.obj)
 .text.pend     0x0000000008005090       0x4c kernel/libkernel.a(sched.c.obj)
 .text.k_sched_time_slice_set
                0x00000000080050dc       0x4c kernel/libkernel.a(sched.c.obj)
                0x00000000080050dc                k_sched_time_slice_set
 .text.z_time_slice
                0x0000000008005128       0x84 kernel/libkernel.a(sched.c.obj)
                0x0000000008005128                z_time_slice
 .text.z_pend_curr
                0x00000000080051ac       0x28 kernel/libkernel.a(sched.c.obj)
                0x00000000080051ac                z_pend_curr
 .text.z_set_prio
                0x00000000080051d4       0x8c kernel/libkernel.a(sched.c.obj)
                0x00000000080051d4                z_set_prio
 .text.z_reschedule
                0x0000000008005260       0x24 kernel/libkernel.a(sched.c.obj)
                0x0000000008005260                z_reschedule
 .text.z_sched_start
                0x0000000008005284       0x3c kernel/libkernel.a(sched.c.obj)
                0x0000000008005284                z_sched_start
 .text.z_impl_k_thread_suspend
                0x00000000080052c0       0x64 kernel/libkernel.a(sched.c.obj)
                0x00000000080052c0                z_impl_k_thread_suspend
 .text.k_sched_lock
                0x0000000008005324       0x28 kernel/libkernel.a(sched.c.obj)
                0x0000000008005324                k_sched_lock
 .text.k_sched_unlock
                0x000000000800534c       0x38 kernel/libkernel.a(sched.c.obj)
                0x000000000800534c                k_sched_unlock
 .text.z_sched_init
                0x0000000008005384       0x18 kernel/libkernel.a(sched.c.obj)
                0x0000000008005384                z_sched_init
 .text.z_impl_k_yield
                0x000000000800539c       0x7c kernel/libkernel.a(sched.c.obj)
                0x000000000800539c                z_impl_k_yield
 .text.z_tick_sleep
                0x0000000008005418       0x88 kernel/libkernel.a(sched.c.obj)
 .text.z_impl_k_sleep
                0x00000000080054a0       0x30 kernel/libkernel.a(sched.c.obj)
                0x00000000080054a0                z_impl_k_sleep
 .text.z_impl_z_current_get
                0x00000000080054d0        0xc kernel/libkernel.a(sched.c.obj)
                0x00000000080054d0                z_impl_z_current_get
 .text.z_thread_abort
                0x00000000080054dc       0xc8 kernel/libkernel.a(sched.c.obj)
                0x00000000080054dc                z_thread_abort
 .text.z_data_copy
                0x00000000080055a4       0x34 kernel/libkernel.a(xip.c.obj)
                0x00000000080055a4                z_data_copy
 .text.elapsed  0x00000000080055d8       0x14 kernel/libkernel.a(timeout.c.obj)
 .text.next_timeout
                0x00000000080055ec       0x50 kernel/libkernel.a(timeout.c.obj)
 .text.remove_timeout
                0x000000000800563c       0x34 kernel/libkernel.a(timeout.c.obj)
 .text.z_add_timeout
                0x0000000008005670       0xfc kernel/libkernel.a(timeout.c.obj)
                0x0000000008005670                z_add_timeout
 .text.sys_clock_announce
                0x000000000800576c       0xb8 kernel/libkernel.a(timeout.c.obj)
                0x000000000800576c                sys_clock_announce
 .text.sys_clock_tick_get
                0x0000000008005824       0x30 kernel/libkernel.a(timeout.c.obj)
                0x0000000008005824                sys_clock_tick_get
 .text.z_impl_k_busy_wait
                0x0000000008005854       0x30 kernel/libkernel.a(timeout.c.obj)
                0x0000000008005854                z_impl_k_busy_wait
 .text.boot_banner
                0x0000000008005884       0x18 kernel/libkernel.a(banner.c.obj)
                0x0000000008005884                boot_banner
 .text._OffsetAbsSyms
                0x000000000800589c        0x2 CMakeFiles/offsets.dir/arch/arm/core/offsets/offsets.c.obj
                0x000000000800589c                _OffsetAbsSyms
 .text.device_is_ready
                0x000000000800589e        0x4 ../app/libapp.a(main.c.obj)
 .text.z_log_msg2_runtime_create.constprop.0
                0x00000000080058a2       0x1e ../app/libapp.a(main.c.obj)
 .text.z_log_msg2_runtime_create.constprop.0
                0x00000000080058c0       0x1e ../app/libapp.a(zephyr_motor.c.obj)
 .text.z_impl_gpio_pin_configure.constprop.0.isra.0
                0x00000000080058de       0x1e ../app/libapp.a(zephyr_motor.c.obj)
 .text.gpio_pin_set.isra.0
                0x00000000080058fc       0x20 ../app/libapp.a(zephyr_motor.c.obj)
 .text.set_pins.constprop.0
                0x000000000800591c       0x1c ../app/libapp.a(zephyr_motor.c.obj)
 .text.zephyr_motor_run
                0x0000000008005938       0xba ../app/libapp.a(zephyr_motor.c.obj)
                0x0000000008005938                zephyr_motor_run
 .text.zephyr_motor_set_speed
                0x00000000080059f2       0x14 ../app/libapp.a(zephyr_motor.c.obj)
                0x00000000080059f2                zephyr_motor_set_speed
 .text.zephyr_motor_set_min_duty
                0x0000000008005a06        0x4 ../app/libapp.a(zephyr_motor.c.obj)
                0x0000000008005a06                zephyr_motor_set_min_duty
 .text.zephyr_motor_set_max_duty
                0x0000000008005a0a        0x4 ../app/libapp.a(zephyr_motor.c.obj)
                0x0000000008005a0a                zephyr_motor_set_max_duty
 .text.cbpprintf_external
                0x0000000008005a0e       0x5a libzephyr.a(cbprintf_packaged.c.obj)
                0x0000000008005a0e                cbpprintf_external
 .text.arch_printk_char_out
                0x0000000008005a68        0x4 libzephyr.a(printk.c.obj)
                0x0000000008005a68                arch_printk_char_out
 .text.printk   0x0000000008005a6c       0x1a libzephyr.a(printk.c.obj)
                0x0000000008005a6c                printk
 .text.z_thread_entry
                0x0000000008005a86       0x14 libzephyr.a(thread_entry.c.obj)
                0x0000000008005a86                z_thread_entry
 .text.timeutil_timegm
                0x0000000008005a9a       0x18 libzephyr.a(timeutil.c.obj)
                0x0000000008005a9a                timeutil_timegm
 .text._ldiv5   0x0000000008005ab2       0x30 libzephyr.a(cbprintf_complete.c.obj)
 .text._get_digit
                0x0000000008005ae2       0x2e libzephyr.a(cbprintf_complete.c.obj)
 .text.encode_uint
                0x0000000008005b10       0x8c libzephyr.a(cbprintf_complete.c.obj)
 .text.outs     0x0000000008005b9c       0x2e libzephyr.a(cbprintf_complete.c.obj)
 .text._ConfigAbsSyms
                0x0000000008005bca        0x2 libzephyr.a(configs.c.obj)
                0x0000000008005bca                _ConfigAbsSyms
 .text.st_stm32_common_config
                0x0000000008005bcc        0x4 libzephyr.a(soc_config.c.obj)
 .text.default_lf_get_timestamp
                0x0000000008005bd0       0x10 libzephyr.a(log_core.c.obj)
 .text.dummy_timestamp
                0x0000000008005be0        0x4 libzephyr.a(log_core.c.obj)
 .text.enable_logger
                0x0000000008005be4        0xa libzephyr.a(log_core.c.obj)
 .text.z_log_get_tag
                0x0000000008005bee        0x4 libzephyr.a(log_core.c.obj)
                0x0000000008005bee                z_log_get_tag
 .text.out_func
                0x0000000008005bf2       0x1c libzephyr.a(log_output.c.obj)
 .text.cr_out_func
                0x0000000008005c0e       0x1a libzephyr.a(log_output.c.obj)
 .text.buffer_write
                0x0000000008005c28       0x1a libzephyr.a(log_output.c.obj)
 .text.log_output_flush
                0x0000000008005c42       0x1a libzephyr.a(log_output.c.obj)
                0x0000000008005c42                log_output_flush
 .text.z_log_msg2_finalize
                0x0000000008005c5c       0x34 libzephyr.a(log_msg2.c.obj)
                0x0000000008005c5c                z_log_msg2_finalize
 .text.z_log_msg2_runtime_create.constprop.0
                0x0000000008005c90       0x20 arch/arch/arm/core/aarch32/libarch__arm__core__aarch32.a(fatal.c.obj)
 .text.z_do_kernel_oops
                0x0000000008005cb0        0x8 arch/arch/arm/core/aarch32/libarch__arm__core__aarch32.a(fatal.c.obj)
                0x0000000008005cb0                z_do_kernel_oops
 .text.z_irq_spurious
                0x0000000008005cb8        0x8 arch/arch/arm/core/aarch32/libarch__arm__core__aarch32.a(irq_manage.c.obj)
                0x0000000008005cb8                z_irq_spurious
 .text.z_arm_nmi
                0x0000000008005cc0        0xe arch/arch/arm/core/aarch32/libarch__arm__core__aarch32.a(nmi.c.obj)
                0x0000000008005cc0                z_arm_nmi
 .text.z_log_msg2_runtime_create.constprop.0
                0x0000000008005cce       0x20 arch/arch/arm/core/aarch32/cortex_m/libarch__arm__core__aarch32__cortex_m.a(fault.c.obj)
 .text.z_log_msg2_runtime_create.constprop.0
                0x0000000008005cee       0x20 arch/arch/arm/core/aarch32/mpu/libarch__arm__core__aarch32__mpu.a(arm_mpu.c.obj)
 .text.strlen   0x0000000008005d0e        0xe lib/libc/minimal/liblib__libc__minimal.a(string.c.obj)
                0x0000000008005d0e                strlen
 .text.strnlen  0x0000000008005d1c       0x12 lib/libc/minimal/liblib__libc__minimal.a(string.c.obj)
                0x0000000008005d1c                strnlen
 .text.memcpy   0x0000000008005d2e       0x16 lib/libc/minimal/liblib__libc__minimal.a(string.c.obj)
                0x0000000008005d2e                memcpy
 .text.memset   0x0000000008005d44       0x12 lib/libc/minimal/liblib__libc__minimal.a(string.c.obj)
                0x0000000008005d44                memset
 .text._stdout_hook_default
                0x0000000008005d56        0x6 lib/libc/minimal/liblib__libc__minimal.a(stdout_console.c.obj)
 .text.stm32_exti_init
                0x0000000008005d5c       0x4c drivers/interrupt_controller/libdrivers__interrupt_controller.a(intc_exti_stm32.c.obj)
 .text.__stm32_exti_isr_15_10
                0x0000000008005da8        0xa drivers/interrupt_controller/libdrivers__interrupt_controller.a(intc_exti_stm32.c.obj)
 .text.__stm32_exti_isr_9_5
                0x0000000008005db2        0xa drivers/interrupt_controller/libdrivers__interrupt_controller.a(intc_exti_stm32.c.obj)
 .text.__stm32_exti_isr_4
                0x0000000008005dbc        0xa drivers/interrupt_controller/libdrivers__interrupt_controller.a(intc_exti_stm32.c.obj)
 .text.__stm32_exti_isr_3
                0x0000000008005dc6        0xa drivers/interrupt_controller/libdrivers__interrupt_controller.a(intc_exti_stm32.c.obj)
 .text.__stm32_exti_isr_2
                0x0000000008005dd0        0xa drivers/interrupt_controller/libdrivers__interrupt_controller.a(intc_exti_stm32.c.obj)
 .text.__stm32_exti_isr_1
                0x0000000008005dda        0xa drivers/interrupt_controller/libdrivers__interrupt_controller.a(intc_exti_stm32.c.obj)
 .text.__stm32_exti_isr_0
                0x0000000008005de4        0xa drivers/interrupt_controller/libdrivers__interrupt_controller.a(intc_exti_stm32.c.obj)
 .text.stm32_clock_control_on
                0x0000000008005dee       0x16 drivers/clock_control/libdrivers__clock_control.a(clock_stm32_ll_common.c.obj)
 .text.stm32_clock_control_off
                0x0000000008005e04       0x24 drivers/clock_control/libdrivers__clock_control.a(clock_stm32_ll_common.c.obj)
 .text.stm32_clock_control_configure
                0x0000000008005e28       0x32 drivers/clock_control/libdrivers__clock_control.a(clock_stm32_ll_common.c.obj)
 .text.get_pllout_frequency
                0x0000000008005e5a        0x4 drivers/clock_control/libdrivers__clock_control.a(clock_stm32l4_l5_wb_wl.c.obj)
                0x0000000008005e5a                get_pllout_frequency
 .text.z_impl_counter_get_frequency
                0x0000000008005e5e        0xe drivers/counter/libdrivers__counter.a(counter_ll_stm32_rtc.c.obj)
 .text.rtc_stm32_get_top_value
                0x0000000008005e6c        0x6 drivers/counter/libdrivers__counter.a(counter_ll_stm32_rtc.c.obj)
 .text.rtc_stm32_set_top_value
                0x0000000008005e72       0x20 drivers/counter/libdrivers__counter.a(counter_ll_stm32_rtc.c.obj)
 .text.rtc_stm32_get_value
                0x0000000008005e92        0xe drivers/counter/libdrivers__counter.a(counter_ll_stm32_rtc.c.obj)
 .text.gpio_stm32_port_get_raw
                0x0000000008005ea0        0xc drivers/gpio/libdrivers__gpio.a(gpio_stm32.c.obj)
 .text.gpio_stm32_port_set_masked_raw
                0x0000000008005eac       0x12 drivers/gpio/libdrivers__gpio.a(gpio_stm32.c.obj)
 .text.gpio_stm32_port_set_bits_raw
                0x0000000008005ebe        0xa drivers/gpio/libdrivers__gpio.a(gpio_stm32.c.obj)
 .text.gpio_stm32_port_clear_bits_raw
                0x0000000008005ec8        0xa drivers/gpio/libdrivers__gpio.a(gpio_stm32.c.obj)
 .text.gpio_stm32_port_toggle_bits
                0x0000000008005ed2        0xe drivers/gpio/libdrivers__gpio.a(gpio_stm32.c.obj)
 .text.gpio_stm32_manage_callback
                0x0000000008005ee0       0x54 drivers/gpio/libdrivers__gpio.a(gpio_stm32.c.obj)
 .text.gpio_stm32_configure_raw.isra.0
                0x0000000008005f34      0x106 drivers/gpio/libdrivers__gpio.a(gpio_stm32.c.obj)
 .text.gpio_stm32_config
                0x000000000800603a       0x72 drivers/gpio/libdrivers__gpio.a(gpio_stm32.c.obj)
 .text.gpio_stm32_isr
                0x00000000080060ac       0x2e drivers/gpio/libdrivers__gpio.a(gpio_stm32.c.obj)
 .text.gpio_stm32_configure
                0x00000000080060da       0x28 drivers/gpio/libdrivers__gpio.a(gpio_stm32.c.obj)
                0x00000000080060da                gpio_stm32_configure
 .text.LL_TIM_OC_SetCompareCH1
                0x0000000008006102        0x4 drivers/pwm/libdrivers__pwm.a(pwm_stm32.c.obj)
 .text.LL_TIM_OC_SetCompareCH2
                0x0000000008006106        0x4 drivers/pwm/libdrivers__pwm.a(pwm_stm32.c.obj)
 .text.LL_TIM_OC_SetCompareCH3
                0x000000000800610a        0x4 drivers/pwm/libdrivers__pwm.a(pwm_stm32.c.obj)
 .text.LL_TIM_OC_SetCompareCH4
                0x000000000800610e        0x4 drivers/pwm/libdrivers__pwm.a(pwm_stm32.c.obj)
 .text.LL_TIM_OC_SetCompareCH5
                0x0000000008006112        0x6 drivers/pwm/libdrivers__pwm.a(pwm_stm32.c.obj)
 .text.LL_TIM_OC_SetCompareCH6
                0x0000000008006118        0x4 drivers/pwm/libdrivers__pwm.a(pwm_stm32.c.obj)
 .text.pwm_stm32_get_cycles_per_sec
                0x000000000800611c       0x16 drivers/pwm/libdrivers__pwm.a(pwm_stm32.c.obj)
 .text.z_log_msg2_runtime_create.constprop.0
                0x0000000008006132       0x20 drivers/pwm/libdrivers__pwm.a(pwm_stm32.c.obj)
 .text.uart_stm32_poll_in
                0x0000000008006152       0x20 drivers/serial/libdrivers__serial.a(uart_stm32.c.obj)
 .text.uart_stm32_irq_tx_enable
                0x0000000008006172       0x16 drivers/serial/libdrivers__serial.a(uart_stm32.c.obj)
 .text.uart_stm32_irq_tx_disable
                0x0000000008006188       0x16 drivers/serial/libdrivers__serial.a(uart_stm32.c.obj)
 .text.uart_stm32_irq_rx_enable
                0x000000000800619e       0x16 drivers/serial/libdrivers__serial.a(uart_stm32.c.obj)
 .text.uart_stm32_irq_rx_disable
                0x00000000080061b4       0x16 drivers/serial/libdrivers__serial.a(uart_stm32.c.obj)
 .text.uart_stm32_irq_update
                0x00000000080061ca        0x4 drivers/serial/libdrivers__serial.a(uart_stm32.c.obj)
 .text.uart_stm32_irq_callback_set
                0x00000000080061ce        0x8 drivers/serial/libdrivers__serial.a(uart_stm32.c.obj)
 .text.uart_stm32_isr
                0x00000000080061d6        0xc drivers/serial/libdrivers__serial.a(uart_stm32.c.obj)
 .text.uart_stm32_irq_config_func_0
                0x00000000080061e2       0x16 drivers/serial/libdrivers__serial.a(uart_stm32.c.obj)
 .text.uart_stm32_irq_config_func_1
                0x00000000080061f8       0x16 drivers/serial/libdrivers__serial.a(uart_stm32.c.obj)
 .text.uart_stm32_irq_config_func_2
                0x000000000800620e       0x16 drivers/serial/libdrivers__serial.a(uart_stm32.c.obj)
 .text.z_log_msg2_runtime_create.constprop.0
                0x0000000008006224       0x1e drivers/serial/libdrivers__serial.a(uart_stm32.c.obj)
 .text.uart_stm32_irq_tx_complete
                0x0000000008006242        0xc drivers/serial/libdrivers__serial.a(uart_stm32.c.obj)
 .text.uart_stm32_config_get
                0x000000000800624e       0x92 drivers/serial/libdrivers__serial.a(uart_stm32.c.obj)
 .text.uart_stm32_irq_tx_ready
                0x00000000080062e0       0x14 drivers/serial/libdrivers__serial.a(uart_stm32.c.obj)
 .text.uart_stm32_fifo_fill
                0x00000000080062f4       0x48 drivers/serial/libdrivers__serial.a(uart_stm32.c.obj)
 .text.uart_stm32_poll_out
                0x000000000800633c       0x3a drivers/serial/libdrivers__serial.a(uart_stm32.c.obj)
 .text.uart_stm32_irq_is_pending
                0x0000000008006376       0x24 drivers/serial/libdrivers__serial.a(uart_stm32.c.obj)
 .text.uart_stm32_irq_rx_ready
                0x000000000800639a        0xc drivers/serial/libdrivers__serial.a(uart_stm32.c.obj)
 .text.uart_stm32_fifo_read
                0x00000000080063a6       0x2a drivers/serial/libdrivers__serial.a(uart_stm32.c.obj)
 .text.uart_stm32_err_check
                0x00000000080063d0       0x4c drivers/serial/libdrivers__serial.a(uart_stm32.c.obj)
 .text.pinctrl_lookup_state
                0x000000000800641c       0x30 drivers/pinctrl/libdrivers__pinctrl.a(common.c.obj)
                0x000000000800641c                pinctrl_lookup_state
 .text.LL_RTC_ALMA_Init
                0x000000000800644c       0xe4 ../modules/stm32/stm32cube/lib..__modules__hal__stm32__stm32cube.a(stm32l4xx_ll_rtc.c.obj)
                0x000000000800644c                LL_RTC_ALMA_Init
 .text.LL_RTC_EnterInitMode
                0x0000000008006530       0x4e ../modules/stm32/stm32cube/lib..__modules__hal__stm32__stm32cube.a(stm32l4xx_ll_rtc.c.obj)
                0x0000000008006530                LL_RTC_EnterInitMode
 .text.LL_RTC_Init
                0x000000000800657e       0x4e ../modules/stm32/stm32cube/lib..__modules__hal__stm32__stm32cube.a(stm32l4xx_ll_rtc.c.obj)
                0x000000000800657e                LL_RTC_Init
 .text.LL_TIM_StructInit
                0x00000000080065cc       0x12 ../modules/stm32/stm32cube/lib..__modules__hal__stm32__stm32cube.a(stm32l4xx_ll_tim.c.obj)
                0x00000000080065cc                LL_TIM_StructInit
 .text.LL_TIM_OC_StructInit
                0x00000000080065de       0x14 ../modules/stm32/stm32cube/lib..__modules__hal__stm32__stm32cube.a(stm32l4xx_ll_tim.c.obj)
                0x00000000080065de                LL_TIM_OC_StructInit
 .text.z_device_state_init
                0x00000000080065f2        0x2 kernel/libkernel.a(device.c.obj)
                0x00000000080065f2                z_device_state_init
 .text.z_device_is_ready
                0x00000000080065f4       0x14 kernel/libkernel.a(device.c.obj)
                0x00000000080065f4                z_device_is_ready
 .text.z_log_msg2_runtime_create.constprop.0
                0x0000000008006608       0x20 kernel/libkernel.a(fatal.c.obj)
 .text.arch_system_halt
                0x0000000008006628       0x12 kernel/libkernel.a(fatal.c.obj)
                0x0000000008006628                arch_system_halt
 .text.z_early_memset
                0x000000000800663a        0x4 kernel/libkernel.a(init.c.obj)
                0x000000000800663a                z_early_memset
 .text.z_early_memcpy
                0x000000000800663e        0x4 kernel/libkernel.a(init.c.obj)
                0x000000000800663e                z_early_memcpy
 .text.z_impl_k_thread_name_set
                0x0000000008006642        0x6 kernel/libkernel.a(thread.c.obj)
                0x0000000008006642                z_impl_k_thread_name_set
 .text.k_thread_name_get
                0x0000000008006648        0x4 kernel/libkernel.a(thread.c.obj)
                0x0000000008006648                k_thread_name_get
 .text.idle     0x000000000800664c       0x18 kernel/libkernel.a(idle.c.obj)
                0x000000000800664c                idle
 .text.adjust_owner_prio.isra.0
                0x0000000008006664       0x10 kernel/libkernel.a(mutex.c.obj)
 .text.sys_dlist_remove
                0x0000000008006674       0x10 kernel/libkernel.a(sched.c.obj)
 .text.unpend_thread_no_timeout
                0x0000000008006684       0x14 kernel/libkernel.a(sched.c.obj)
 .text.z_thread_timeout
                0x0000000008006698       0x44 kernel/libkernel.a(sched.c.obj)
                0x0000000008006698                z_thread_timeout
 .text.add_to_waitq_locked
                0x00000000080066dc       0x50 kernel/libkernel.a(sched.c.obj)
 .text.z_ready_thread
                0x000000000800672c       0x20 kernel/libkernel.a(sched.c.obj)
                0x000000000800672c                z_ready_thread
 .text.z_unpend_first_thread
                0x000000000800674c       0x38 kernel/libkernel.a(sched.c.obj)
                0x000000000800674c                z_unpend_first_thread
 .text.z_reschedule_irqlock
                0x0000000008006784       0x18 kernel/libkernel.a(sched.c.obj)
                0x0000000008006784                z_reschedule_irqlock
 .text.z_reschedule_unlocked
                0x000000000800679c       0x14 kernel/libkernel.a(sched.c.obj)
 .text.z_abort_timeout
                0x00000000080067b0       0x2c kernel/libkernel.a(timeout.c.obj)
                0x00000000080067b0                z_abort_timeout
 .text.z_set_timeout_expiry
                0x00000000080067dc       0x38 kernel/libkernel.a(timeout.c.obj)
                0x00000000080067dc                z_set_timeout_expiry
 .text.sys_clock_tick_get_32
                0x0000000008006814        0x8 kernel/libkernel.a(timeout.c.obj)
                0x0000000008006814                sys_clock_tick_get_32
 .text.z_impl_k_uptime_ticks
                0x000000000800681c        0x4 kernel/libkernel.a(timeout.c.obj)
                0x000000000800681c                z_impl_k_uptime_ticks
 *(SORT_BY_ALIGNMENT(.TEXT.*))
 *(SORT_BY_ALIGNMENT(.gnu.linkonce.t.*))
 *(SORT_BY_ALIGNMENT(.glue_7t))
 .glue_7t       0x0000000008006820        0x0 linker stubs
 *(SORT_BY_ALIGNMENT(.glue_7))
 .glue_7        0x0000000008006820        0x0 linker stubs
 *(SORT_BY_ALIGNMENT(.vfp11_veneer))
 .vfp11_veneer  0x0000000008006820        0x0 linker stubs
 *(SORT_BY_ALIGNMENT(.v4_bx))
 .v4_bx         0x0000000008006820        0x0 linker stubs
                0x0000000008006820                __text_region_end = .

.ARM.exidx      0x0000000008006820        0x8
                0x0000000008006820                __exidx_start = .
 *(SORT_BY_ALIGNMENT(.ARM.exidx*) SORT_BY_ALIGNMENT(gnu.linkonce.armexidx.*))
 .ARM.exidx     0x0000000008006820        0x8 /home/test/zephyr-sdk-0.17.4/arm-zephyr-eabi/bin/../lib/gcc/arm-zephyr-eabi/12.2.0/thumb/v7e-m+fp/hard/libgcc.a(_udivmoddi4.o)
                0x0000000008006828                __exidx_end = .
                0x0000000008006828                __rodata_region_start = .

initlevel       0x0000000008006828       0xc8
                0x0000000008006828                __init_start = .
                0x0000000008006828                __init_PRE_KERNEL_1_start = .
 *(SORT_BY_NAME(SORT_BY_ALIGNMENT(.z_init_PRE_KERNEL_1[0-9]_*)))
 .z_init_PRE_KERNEL_10_
                0x0000000008006828        0x8 libzephyr.a(soc.c.obj)
 .z_init_PRE_KERNEL_11_
                0x0000000008006830        0x8 libzephyr.a(soc_config.c.obj)
 .z_init_PRE_KERNEL_11_
                0x0000000008006838        0x8 drivers/clock_control/libdrivers__clock_control.a(clock_stm32_ll_common.c.obj)
 *(SORT_BY_NAME(SORT_BY_ALIGNMENT(.z_init_PRE_KERNEL_1[1-9][0-9]_*)))
 .z_init_PRE_KERNEL_130_
                0x0000000008006840        0x8 kernel/libkernel.a(mem_slab.c.obj)
 .z_init_PRE_KERNEL_140_
                0x0000000008006848        0x8 drivers/interrupt_controller/libdrivers__interrupt_controller.a(intc_exti_stm32.c.obj)
 .z_init_PRE_KERNEL_140_
                0x0000000008006850       0x48 drivers/gpio/libdrivers__gpio.a(gpio_stm32.c.obj)
 .z_init_PRE_KERNEL_150_
                0x0000000008006898        0x8 drivers/counter/libdrivers__counter.a(counter_ll_stm32_rtc.c.obj)
 .z_init_PRE_KERNEL_155_
                0x00000000080068a0       0x18 drivers/serial/libdrivers__serial.a(uart_stm32.c.obj)
 .z_init_PRE_KERNEL_160_
                0x00000000080068b8        0x8 drivers/console/libdrivers__console.a(uart_console.c.obj)
                0x00000000080068c0                __init_PRE_KERNEL_2_start = .
 *(SORT_BY_NAME(SORT_BY_ALIGNMENT(.z_init_PRE_KERNEL_2[0-9]_*)))
 .z_init_PRE_KERNEL_20_
                0x00000000080068c0        0x8 drivers/timer/libdrivers__timer.a(cortex_m_systick.c.obj)
 *(SORT_BY_NAME(SORT_BY_ALIGNMENT(.z_init_PRE_KERNEL_2[1-9][0-9]_*)))
                0x00000000080068c8                __init_POST_KERNEL_start = .
 *(SORT_BY_NAME(SORT_BY_ALIGNMENT(.z_init_POST_KERNEL[0-9]_*)))
 .z_init_POST_KERNEL0_
                0x00000000080068c8        0x8 libzephyr.a(log_core.c.obj)
 *(SORT_BY_NAME(SORT_BY_ALIGNMENT(.z_init_POST_KERNEL[1-9][0-9]_*)))
 .z_init_POST_KERNEL50_
                0x00000000080068d0       0x20 drivers/pwm/libdrivers__pwm.a(pwm_stm32.c.obj)
                0x00000000080068f0                __init_APPLICATION_start = .
 *(SORT_BY_NAME(SORT_BY_ALIGNMENT(.z_init_APPLICATION[0-9]_*)))
 *(SORT_BY_NAME(SORT_BY_ALIGNMENT(.z_init_APPLICATION[1-9][0-9]_*)))
                0x00000000080068f0                __init_SMP_start = .
 *(SORT_BY_NAME(SORT_BY_ALIGNMENT(.z_init_SMP[0-9]_*)))
 *(SORT_BY_NAME(SORT_BY_ALIGNMENT(.z_init_SMP[1-9][0-9]_*)))
                0x00000000080068f0                __init_end = .

devices         0x00000000080068f0      0x1c8
                0x00000000080068f0                __device_start = .
                0x00000000080068f0                __device_PRE_KERNEL_1_start = .
 *(SORT_BY_NAME(SORT_BY_ALIGNMENT(.z_device_PRE_KERNEL_1[0-9]_*)))
 .z_device_PRE_KERNEL_11_
                0x00000000080068f0       0x18 drivers/clock_control/libdrivers__clock_control.a(clock_stm32_ll_common.c.obj)
                0x00000000080068f0                __device_dts_ord_17
 *(SORT_BY_NAME(SORT_BY_ALIGNMENT(.z_device_PRE_KERNEL_1[1-9][0-9]_*)))
 .z_device_PRE_KERNEL_140_
                0x0000000008006908       0x18 drivers/interrupt_controller/libdrivers__interrupt_controller.a(intc_exti_stm32.c.obj)
                0x0000000008006908                __device_dts_ord_44
 .z_device_PRE_KERNEL_140_
                0x0000000008006920       0xd8 drivers/gpio/libdrivers__gpio.a(gpio_stm32.c.obj)
                0x0000000008006920                __device_dts_ord_83
                0x0000000008006938                __device_dts_ord_82
                0x0000000008006950                __device_dts_ord_81
                0x0000000008006968                __device_dts_ord_80
                0x0000000008006980                __device_dts_ord_79
                0x0000000008006998                __device_dts_ord_65
                0x00000000080069b0                __device_dts_ord_18
                0x00000000080069c8                __device_dts_ord_22
                0x00000000080069e0                __device_dts_ord_78
 .z_device_PRE_KERNEL_150_
                0x00000000080069f8       0x18 drivers/counter/libdrivers__counter.a(counter_ll_stm32_rtc.c.obj)
                0x00000000080069f8                __device_dts_ord_49
 .z_device_PRE_KERNEL_155_
                0x0000000008006a10       0x48 drivers/serial/libdrivers__serial.a(uart_stm32.c.obj)
                0x0000000008006a10                __device_dts_ord_56
                0x0000000008006a28                __device_dts_ord_61
                0x0000000008006a40                __device_dts_ord_53
                0x0000000008006a58                __device_PRE_KERNEL_2_start = .
 *(SORT_BY_NAME(SORT_BY_ALIGNMENT(.z_device_PRE_KERNEL_2[0-9]_*)))
 *(SORT_BY_NAME(SORT_BY_ALIGNMENT(.z_device_PRE_KERNEL_2[1-9][0-9]_*)))
                0x0000000008006a58                __device_POST_KERNEL_start = .
 *(SORT_BY_NAME(SORT_BY_ALIGNMENT(.z_device_POST_KERNEL[0-9]_*)))
 *(SORT_BY_NAME(SORT_BY_ALIGNMENT(.z_device_POST_KERNEL[1-9][0-9]_*)))
 .z_device_POST_KERNEL50_
                0x0000000008006a58       0x60 drivers/pwm/libdrivers__pwm.a(pwm_stm32.c.obj)
                0x0000000008006a58                __device_dts_ord_104
                0x0000000008006a70                __device_dts_ord_29
                0x0000000008006a88                __device_dts_ord_86
                0x0000000008006aa0                __device_dts_ord_97
                0x0000000008006ab8                __device_APPLICATION_start = .
 *(SORT_BY_NAME(SORT_BY_ALIGNMENT(.z_device_APPLICATION[0-9]_*)))
 *(SORT_BY_NAME(SORT_BY_ALIGNMENT(.z_device_APPLICATION[1-9][0-9]_*)))
                0x0000000008006ab8                __device_SMP_start = .
 *(SORT_BY_NAME(SORT_BY_ALIGNMENT(.z_device_SMP[0-9]_*)))
 *(SORT_BY_NAME(SORT_BY_ALIGNMENT(.z_device_SMP[1-9][0-9]_*)))
                0x0000000008006ab8                __device_end = .

sw_isr_table    0x0000000008006ab8      0x2d8
                0x0000000008006ab8                . = ALIGN (0x0)
 *(SORT_BY_ALIGNMENT(.gnu.linkonce.sw_isr_table*))
 .gnu.linkonce.sw_isr_table
                0x0000000008006ab8      0x2d8 arch/common/libisr_tables.a(isr_tables.c.obj)
                0x0000000008006ab8                _sw_isr_table

initlevel_error
                0x0000000008006828        0x0
 *(SORT_BY_NAME(SORT_BY_ALIGNMENT(.z_init_[_A-Z0-9]*)))
                0x0000000000000001                ASSERT ((SIZEOF (initlevel_error) == 0x0), Undefined initialization levels used.)

app_shmem_regions
                0x0000000008006d90        0x0
                0x0000000008006d90                __app_shmem_regions_start = .
 *(SORT_BY_NAME(SORT_BY_ALIGNMENT(.app_regions.*)))
                0x0000000008006d90                __app_shmem_regions_end = .

k_p4wq_initparam_area
                0x0000000008006d90        0x0
                0x0000000008006d90                _k_p4wq_initparam_list_start = .
 *(SORT_BY_NAME(SORT_BY_ALIGNMENT(._k_p4wq_initparam.static.*)))
                0x0000000008006d90                _k_p4wq_initparam_list_end = .

device_handles  0x0000000008006d90      0x140
                0x0000000008006d90                __device_handles_start = .
 *(SORT_BY_NAME(SORT_BY_ALIGNMENT(.__device_handles_pass1*)))
 .__device_handles_pass1
                0x0000000008006d90        0x8 drivers/interrupt_controller/libdrivers__interrupt_controller.a(intc_exti_stm32.c.obj)
                0x0000000008006d90                __devicehdl_DT_N_S_soc_S_interrupt_controller_40010400
 .__device_handles_pass1
                0x0000000008006d98       0x6a drivers/clock_control/libdrivers__clock_control.a(clock_stm32_ll_common.c.obj)
                0x0000000008006d98                __devicehdl_DT_N_S_soc_S_rcc_40021000
 .__device_handles_pass1
                0x0000000008006e02        0xc drivers/counter/libdrivers__counter.a(counter_ll_stm32_rtc.c.obj)
                0x0000000008006e02                __devicehdl_DT_N_S_soc_S_rtc_40002800
 .__device_handles_pass1
                0x0000000008006e0e       0x64 drivers/gpio/libdrivers__gpio.a(gpio_stm32.c.obj)
                0x0000000008006e0e                __devicehdl_DT_N_S_soc_S_pin_controller_48000000_S_gpio_48002000
                0x0000000008006e18                __devicehdl_DT_N_S_soc_S_pin_controller_48000000_S_gpio_48001c00
                0x0000000008006e22                __devicehdl_DT_N_S_soc_S_pin_controller_48000000_S_gpio_48001800
                0x0000000008006e2c                __devicehdl_DT_N_S_soc_S_pin_controller_48000000_S_gpio_48001400
                0x0000000008006e36                __devicehdl_DT_N_S_soc_S_pin_controller_48000000_S_gpio_48001000
                0x0000000008006e40                __devicehdl_DT_N_S_soc_S_pin_controller_48000000_S_gpio_48000c00
                0x0000000008006e4c                __devicehdl_DT_N_S_soc_S_pin_controller_48000000_S_gpio_48000800
                0x0000000008006e5a                __devicehdl_DT_N_S_soc_S_pin_controller_48000000_S_gpio_48000400
                0x0000000008006e68                __devicehdl_DT_N_S_soc_S_pin_controller_48000000_S_gpio_48000000
 .__device_handles_pass1
                0x0000000008006e72       0x2e drivers/pwm/libdrivers__pwm.a(pwm_stm32.c.obj)
                0x0000000008006e72                __devicehdl_DT_N_S_soc_S_timers_40014800_S_pwm
                0x0000000008006e7c                __devicehdl_DT_N_S_soc_S_timers_40014000_S_pwm
                0x0000000008006e88                __devicehdl_DT_N_S_soc_S_timers_40000000_S_pwm
                0x0000000008006e92                __devicehdl_DT_N_S_soc_S_timers_40012c00_S_pwm
 .__device_handles_pass1
                0x0000000008006ea0       0x30 drivers/serial/libdrivers__serial.a(uart_stm32.c.obj)
                0x0000000008006ea0                __devicehdl_DT_N_S_soc_S_serial_40004800
                0x0000000008006eb0                __devicehdl_DT_N_S_soc_S_serial_40008000
                0x0000000008006ec0                __devicehdl_DT_N_S_soc_S_serial_40004400
                0x0000000008006ed0                __device_handles_end = .

ztest           0x0000000008006ed0        0x0
                0x0000000008006ed0                _ztest_suite_node_list_start = .
 *(SORT_BY_NAME(SORT_BY_ALIGNMENT(._ztest_suite_node.static.*)))
                0x0000000008006ed0                _ztest_suite_node_list_end = .
                0x0000000008006ed0                _ztest_unit_test_list_start = .
 *(SORT_BY_NAME(SORT_BY_ALIGNMENT(._ztest_unit_test.static.*)))
                0x0000000008006ed0                _ztest_unit_test_list_end = .
                0x0000000008006ed0                _ztest_test_rule_list_start = .
 *(SORT_BY_NAME(SORT_BY_ALIGNMENT(._ztest_test_rule.static.*)))
                0x0000000008006ed0                _ztest_test_rule_list_end = .

bt_l2cap_fixed_chan_area
                0x0000000008006ed0        0x0
                0x0000000008006ed0                _bt_l2cap_fixed_chan_list_start = .
 *(SORT_BY_NAME(SORT_BY_ALIGNMENT(._bt_l2cap_fixed_chan.static.*)))
                0x0000000008006ed0                _bt_l2cap_fixed_chan_list_end = .

bt_gatt_service_static_area
                0x0000000008006ed0        0x0
                0x0000000008006ed0                _bt_gatt_service_static_list_start = .
 *(SORT_BY_NAME(SORT_BY_ALIGNMENT(._bt_gatt_service_static.static.*)))
                0x0000000008006ed0                _bt_gatt_service_static_list_end = .

log_strings_sections
                0x0000000008006ed0        0x0
                0x0000000008006ed0                __log_strings_start = .
 *(SORT_BY_NAME(SORT_BY_ALIGNMENT(.log_strings*)))
                0x0000000008006ed0                __log_strings_end = .

log_const_sections
                0x0000000008006ed0       0x68
                0x0000000008006ed0                __log_const_start = .
 *(SORT_BY_NAME(SORT_BY_ALIGNMENT(.log_const_*)))
 .log_const_accelmotor
                0x0000000008006ed0        0x8 ../app/libapp.a(zephyr_accelmotor.c.obj)
                0x0000000008006ed0                log_const_accelmotor
 .log_const_counter_rtc_stm32
                0x0000000008006ed8        0x8 drivers/counter/libdrivers__counter.a(counter_ll_stm32_rtc.c.obj)
                0x0000000008006ed8                log_const_counter_rtc_stm32
 .log_const_encoder
                0x0000000008006ee0        0x8 ../app/libapp.a(zephyr_encoder.c.obj)
                0x0000000008006ee0                log_const_encoder
 .log_const_log
                0x0000000008006ee8        0x8 libzephyr.a(log_core.c.obj)
                0x0000000008006ee8                log_const_log
 .log_const_log_uart
                0x0000000008006ef0        0x8 libzephyr.a(log_backend_uart.c.obj)
                0x0000000008006ef0                log_const_log_uart
 .log_const_main
                0x0000000008006ef8        0x8 ../app/libapp.a(main.c.obj)
                0x0000000008006ef8                log_const_main
 .log_const_motor
                0x0000000008006f00        0x8 ../app/libapp.a(zephyr_motor.c.obj)
                0x0000000008006f00                log_const_motor
 .log_const_mpu
                0x0000000008006f08        0x8 arch/arch/arm/core/aarch32/mpu/libarch__arm__core__aarch32__mpu.a(arm_core_mpu.c.obj)
                0x0000000008006f08                log_const_mpu
 .log_const_os  0x0000000008006f10        0x8 kernel/libkernel.a(init.c.obj)
                0x0000000008006f10                log_const_os
 .log_const_ps2
                0x0000000008006f18        0x8 ../app/libapp.a(zephyr_ps2.c.obj)
                0x0000000008006f18                log_const_ps2
 .log_const_pwm_stm32
                0x0000000008006f20        0x8 drivers/pwm/libdrivers__pwm.a(pwm_stm32.c.obj)
                0x0000000008006f20                log_const_pwm_stm32
 .log_const_soc
                0x0000000008006f28        0x8 libzephyr.a(soc.c.obj)
                0x0000000008006f28                log_const_soc
 .log_const_uart_stm32
                0x0000000008006f30        0x8 drivers/serial/libdrivers__serial.a(uart_stm32.c.obj)
                0x0000000008006f30                log_const_uart_stm32
                0x0000000008006f38                __log_const_end = .

log_backends_sections
                0x0000000008006f38       0x10
                0x0000000008006f38                __log_backends_start = .
 *(SORT_BY_ALIGNMENT(._log_backend.*))
 ._log_backend.static.log_backend_uart
                0x0000000008006f38       0x10 libzephyr.a(log_backend_uart.c.obj)
                0x0000000008006f48                __log_backends_end = .

tracing_backend_area
                0x0000000008006f48        0x0
                0x0000000008006f48                _tracing_backend_list_start = .
 *(SORT_BY_NAME(SORT_BY_ALIGNMENT(._tracing_backend.static.*)))
                0x0000000008006f48                _tracing_backend_list_end = .

zephyr_dbg_info
 *(SORT_BY_ALIGNMENT(.dbg_thread_info))

shell_area      0x0000000008006f48        0x0
                0x0000000008006f48                _shell_list_start = .
 *(SORT_BY_NAME(SORT_BY_ALIGNMENT(._shell.static.*)))
                0x0000000008006f48                _shell_list_end = .

shell_root_cmds_sections
                0x0000000008006f48        0x0
                0x0000000008006f48                __shell_root_cmds_start = .
 *(SORT_BY_NAME(SORT_BY_ALIGNMENT(.shell_root_cmd_*)))
                0x0000000008006f48                __shell_root_cmds_end = .

shell_subcmds_sections
                0x0000000008006f48        0x0
                0x0000000008006f48                __shell_subcmds_start = .
 *(SORT_BY_NAME(SORT_BY_ALIGNMENT(.shell_subcmd_*)))
                0x0000000008006f48                __shell_subcmds_end = .

shell_dynamic_subcmds_sections
                0x0000000008006f48        0x0
                0x0000000008006f48                __shell_dynamic_subcmds_start = .
 *(SORT_BY_NAME(SORT_BY_ALIGNMENT(.shell_dynamic_subcmd_*)))
                0x0000000008006f48                __shell_dynamic_subcmds_end = .

font_entry_sections
                0x0000000008006f48        0x0
                0x0000000008006f48                __font_entry_start = .
 *(SORT_BY_NAME(SORT_BY_ALIGNMENT(._cfb_font.*)))
                0x0000000008006f48                __font_entry_end = .

rodata          0x0000000008006f48      0xf40
 *(SORT_BY_ALIGNMENT(.rodata))
 .rodata        0x0000000008006f48        0x8 drivers/gpio/libdrivers__gpio.a(gpio_stm32.c.obj)
 *(SORT_BY_ALIGNMENT(.rodata.*))
 .rodata.format_table
                0x0000000008006f50        0xc libzephyr.a(log_core.c.obj)
 .rodata.colors
                0x0000000008006f5c       0x14 libzephyr.a(log_output.c.obj)
 .rodata.severity
                0x0000000008006f70       0x14 libzephyr.a(log_output.c.obj)
 .rodata.log_backend_uart_api
                0x0000000008006f84       0x20 libzephyr.a(log_backend_uart.c.obj)
                0x0000000008006f84                log_backend_uart_api
 .rodata.log_output_uart
                0x0000000008006fa4       0x10 libzephyr.a(log_backend_uart.c.obj)
 .rodata.static_regions
                0x0000000008006fb4        0xc arch/arch/arm/core/aarch32/mpu/libarch__arm__core__aarch32__mpu.a(arm_core_mpu.c.obj)
 .rodata.mpu_config
                0x0000000008006fc0        0x8 soc/arm/common/cortex_m/libsoc__arm__common__cortex_m.a(arm_mpu_regions.c.obj)
                0x0000000008006fc0                mpu_config
 .rodata.mpu_regions
                0x0000000008006fc8       0x18 soc/arm/common/cortex_m/libsoc__arm__common__cortex_m.a(arm_mpu_regions.c.obj)
 .rodata.rtc_stm32_driver_api
                0x0000000008006fe0       0x2c drivers/counter/libdrivers__counter.a(counter_ll_stm32_rtc.c.obj)
 .rodata.rtc_config
                0x000000000800700c       0x20 drivers/counter/libdrivers__counter.a(counter_ll_stm32_rtc.c.obj)
 .rodata.gpio_stm32_cfg_i
                0x000000000800702c       0x14 drivers/gpio/libdrivers__gpio.a(gpio_stm32.c.obj)
 .rodata.gpio_stm32_cfg_h
                0x0000000008007040       0x14 drivers/gpio/libdrivers__gpio.a(gpio_stm32.c.obj)
 .rodata.gpio_stm32_cfg_g
                0x0000000008007054       0x14 drivers/gpio/libdrivers__gpio.a(gpio_stm32.c.obj)
 .rodata.gpio_stm32_cfg_f
                0x0000000008007068       0x14 drivers/gpio/libdrivers__gpio.a(gpio_stm32.c.obj)
 .rodata.gpio_stm32_cfg_e
                0x000000000800707c       0x14 drivers/gpio/libdrivers__gpio.a(gpio_stm32.c.obj)
 .rodata.gpio_stm32_cfg_d
                0x0000000008007090       0x14 drivers/gpio/libdrivers__gpio.a(gpio_stm32.c.obj)
 .rodata.gpio_stm32_cfg_c
                0x00000000080070a4       0x14 drivers/gpio/libdrivers__gpio.a(gpio_stm32.c.obj)
 .rodata.gpio_stm32_cfg_b
                0x00000000080070b8       0x14 drivers/gpio/libdrivers__gpio.a(gpio_stm32.c.obj)
 .rodata.gpio_stm32_cfg_a
                0x00000000080070cc       0x14 drivers/gpio/libdrivers__gpio.a(gpio_stm32.c.obj)
 .rodata.gpio_stm32_driver
                0x00000000080070e0       0x24 drivers/gpio/libdrivers__gpio.a(gpio_stm32.c.obj)
 .rodata.pwm_stm32_config_3
                0x0000000008007104       0x18 drivers/pwm/libdrivers__pwm.a(pwm_stm32.c.obj)
 .rodata.__pinctrl_dev_config__device_dts_ord_104
                0x000000000800711c        0x8 drivers/pwm/libdrivers__pwm.a(pwm_stm32.c.obj)
 .rodata.__pinctrl_states__device_dts_ord_104
                0x0000000008007124        0x8 drivers/pwm/libdrivers__pwm.a(pwm_stm32.c.obj)
 .rodata.__pinctrl_state_pins_0__device_dts_ord_104
                0x000000000800712c        0x8 drivers/pwm/libdrivers__pwm.a(pwm_stm32.c.obj)
 .rodata.pwm_stm32_config_2
                0x0000000008007134       0x18 drivers/pwm/libdrivers__pwm.a(pwm_stm32.c.obj)
 .rodata.__pinctrl_dev_config__device_dts_ord_29
                0x000000000800714c        0x8 drivers/pwm/libdrivers__pwm.a(pwm_stm32.c.obj)
 .rodata.__pinctrl_states__device_dts_ord_29
                0x0000000008007154        0x8 drivers/pwm/libdrivers__pwm.a(pwm_stm32.c.obj)
 .rodata.__pinctrl_state_pins_0__device_dts_ord_29
                0x000000000800715c        0x8 drivers/pwm/libdrivers__pwm.a(pwm_stm32.c.obj)
 .rodata.pwm_stm32_config_1
                0x0000000008007164       0x18 drivers/pwm/libdrivers__pwm.a(pwm_stm32.c.obj)
 .rodata.__pinctrl_dev_config__device_dts_ord_86
                0x000000000800717c        0x8 drivers/pwm/libdrivers__pwm.a(pwm_stm32.c.obj)
 .rodata.__pinctrl_states__device_dts_ord_86
                0x0000000008007184        0x8 drivers/pwm/libdrivers__pwm.a(pwm_stm32.c.obj)
 .rodata.__pinctrl_state_pins_0__device_dts_ord_86
                0x000000000800718c        0x8 drivers/pwm/libdrivers__pwm.a(pwm_stm32.c.obj)
 .rodata.pwm_stm32_config_0
                0x0000000008007194       0x18 drivers/pwm/libdrivers__pwm.a(pwm_stm32.c.obj)
 .rodata.__pinctrl_dev_config__device_dts_ord_97
                0x00000000080071ac        0x8 drivers/pwm/libdrivers__pwm.a(pwm_stm32.c.obj)
 .rodata.__pinctrl_states__device_dts_ord_97
                0x00000000080071b4        0x8 drivers/pwm/libdrivers__pwm.a(pwm_stm32.c.obj)
 .rodata.__pinctrl_state_pins_0__device_dts_ord_97
                0x00000000080071bc       0x18 drivers/pwm/libdrivers__pwm.a(pwm_stm32.c.obj)
 .rodata.pwm_stm32_driver_api
                0x00000000080071d4        0x8 drivers/pwm/libdrivers__pwm.a(pwm_stm32.c.obj)
 .rodata.set_timer_compare
                0x00000000080071dc       0x18 drivers/pwm/libdrivers__pwm.a(pwm_stm32.c.obj)
 .rodata.ch2ll_n
                0x00000000080071f4        0xc drivers/pwm/libdrivers__pwm.a(pwm_stm32.c.obj)
 .rodata.ch2ll  0x0000000008007200       0x18 drivers/pwm/libdrivers__pwm.a(pwm_stm32.c.obj)
 .rodata.uart_stm32_cfg_2
                0x0000000008007218       0x20 drivers/serial/libdrivers__serial.a(uart_stm32.c.obj)
 .rodata.pclken_2
                0x0000000008007238        0x8 drivers/serial/libdrivers__serial.a(uart_stm32.c.obj)
 .rodata.__pinctrl_dev_config__device_dts_ord_56
                0x0000000008007240        0x8 drivers/serial/libdrivers__serial.a(uart_stm32.c.obj)
 .rodata.__pinctrl_states__device_dts_ord_56
                0x0000000008007248        0x8 drivers/serial/libdrivers__serial.a(uart_stm32.c.obj)
 .rodata.__pinctrl_state_pins_0__device_dts_ord_56
                0x0000000008007250       0x10 drivers/serial/libdrivers__serial.a(uart_stm32.c.obj)
 .rodata.uart_stm32_cfg_1
                0x0000000008007260       0x20 drivers/serial/libdrivers__serial.a(uart_stm32.c.obj)
 .rodata.pclken_1
                0x0000000008007280        0x8 drivers/serial/libdrivers__serial.a(uart_stm32.c.obj)
 .rodata.__pinctrl_dev_config__device_dts_ord_61
                0x0000000008007288        0x8 drivers/serial/libdrivers__serial.a(uart_stm32.c.obj)
 .rodata.__pinctrl_states__device_dts_ord_61
                0x0000000008007290        0x8 drivers/serial/libdrivers__serial.a(uart_stm32.c.obj)
 .rodata.__pinctrl_state_pins_0__device_dts_ord_61
                0x0000000008007298       0x10 drivers/serial/libdrivers__serial.a(uart_stm32.c.obj)
 .rodata.uart_stm32_cfg_0
                0x00000000080072a8       0x20 drivers/serial/libdrivers__serial.a(uart_stm32.c.obj)
 .rodata.pclken_0
                0x00000000080072c8        0x8 drivers/serial/libdrivers__serial.a(uart_stm32.c.obj)
 .rodata.__pinctrl_dev_config__device_dts_ord_53
                0x00000000080072d0        0x8 drivers/serial/libdrivers__serial.a(uart_stm32.c.obj)
 .rodata.__pinctrl_states__device_dts_ord_53
                0x00000000080072d8        0x8 drivers/serial/libdrivers__serial.a(uart_stm32.c.obj)
 .rodata.__pinctrl_state_pins_0__device_dts_ord_53
                0x00000000080072e0       0x10 drivers/serial/libdrivers__serial.a(uart_stm32.c.obj)
 .rodata.uart_stm32_driver_api
                0x00000000080072f0       0x4c drivers/serial/libdrivers__serial.a(uart_stm32.c.obj)
 .rodata.gpio_ports
                0x000000000800733c       0x2c drivers/pinctrl/libdrivers__pinctrl.a(pinctrl_stm32.c.obj)
 .rodata.MSIRangeTable
                0x0000000008007368       0x30 ../modules/stm32/stm32cube/lib..__modules__hal__stm32__stm32cube.a(system_stm32l4xx.c.obj)
                0x0000000008007368                MSIRangeTable
 .rodata.levels.0
                0x0000000008007398       0x14 kernel/libkernel.a(device.c.obj)
 .rodata._k_neg_eagain
                0x00000000080073ac        0x4 kernel/libkernel.a(errno.c.obj)
                0x00000000080073ac                _k_neg_eagain
 .rodata.CSWTCH.16
                0x00000000080073b0       0x14 kernel/libkernel.a(fatal.c.obj)
 .rodata.CSWTCH.97
                0x00000000080073c4        0x6 drivers/serial/libdrivers__serial.a(uart_stm32.c.obj)
 .rodata.ps2_thread.str1.1
                0x00000000080073ca       0x47 ../app/libapp.a(main.c.obj)
 .rodata.motor_control_thread.str1.1
                0x0000000008007411       0x1d ../app/libapp.a(main.c.obj)
 .rodata.main.str1.1
                0x000000000800742e      0x140 ../app/libapp.a(main.c.obj)
 .rodata.str1.1
                0x000000000800756e        0x5 ../app/libapp.a(main.c.obj)
 .rodata.zephyr_motor_init.str1.1
                0x0000000008007573       0x4f ../app/libapp.a(zephyr_motor.c.obj)
 .rodata.str1.1
                0x00000000080075c2       0x4f ../app/libapp.a(zephyr_motor.c.obj)
                                          0x6 (size before relaxing)
 .rodata.str1.1
                0x00000000080075c2        0x8 ../app/libapp.a(zephyr_encoder.c.obj)
 .rodata.str1.1
                0x00000000080075ca        0xb ../app/libapp.a(zephyr_accelmotor.c.obj)
 .rodata.str1.1
                0x00000000080075d5        0x4 ../app/libapp.a(zephyr_ps2.c.obj)
 .rodata.cbvprintf.str1.1
                0x00000000080075d9        0x6 libzephyr.a(cbprintf_complete.c.obj)
 .rodata.str1.1
                0x00000000080075df        0x4 libzephyr.a(soc.c.obj)
 .rodata.str1.1
                0x00000000080075e3        0x4 libzephyr.a(log_core.c.obj)
 .rodata.prefix_print.str1.1
                0x00000000080075e7       0x40 libzephyr.a(log_output.c.obj)
 .rodata.newline_print.str1.1
                0x0000000008007627        0x3 libzephyr.a(log_output.c.obj)
                                          0x5 (size before relaxing)
 .rodata.hexdump_line_print.str1.1
                0x000000000800762a        0xf libzephyr.a(log_output.c.obj)
                                         0x11 (size before relaxing)
 .rodata.str1.1
                0x0000000008007639       0x20 libzephyr.a(log_output.c.obj)
 .rodata.str1.1
                0x0000000008007659       0x1a libzephyr.a(log_backend_uart.c.obj)
 .rodata.z_arm_fatal_error.str1.1
                0x0000000008007673       0xed arch/arch/arm/core/aarch32/libarch__arm__core__aarch32.a(fatal.c.obj)
 .rodata.bus_fault.constprop.0.str1.1
                0x0000000008007760       0xca arch/arch/arm/core/aarch32/cortex_m/libarch__arm__core__aarch32__cortex_m.a(fault.c.obj)
 .rodata.usage_fault.constprop.0.str1.1
                0x000000000800782a       0xcd arch/arch/arm/core/aarch32/cortex_m/libarch__arm__core__aarch32__cortex_m.a(fault.c.obj)
 .rodata.mem_manage_fault.str1.1
                0x00000000080078f7       0x96 arch/arch/arm/core/aarch32/cortex_m/libarch__arm__core__aarch32__cortex_m.a(fault.c.obj)
 .rodata.z_arm_fault.str1.1
                0x000000000800798d      0x111 arch/arch/arm/core/aarch32/cortex_m/libarch__arm__core__aarch32__cortex_m.a(fault.c.obj)
 .rodata.str1.1
                0x0000000008007a9e        0x4 arch/arch/arm/core/aarch32/mpu/libarch__arm__core__aarch32__mpu.a(arm_core_mpu.c.obj)
 .rodata.mpu_configure_regions.str1.1
                0x0000000008007aa2       0x49 arch/arch/arm/core/aarch32/mpu/libarch__arm__core__aarch32__mpu.a(arm_mpu.c.obj)
 .rodata.str1.1
                0x0000000008007aeb        0xf soc/arm/common/cortex_m/libsoc__arm__common__cortex_m.a(arm_mpu_regions.c.obj)
 .rodata.str1.1
                0x0000000008007afa       0x1e drivers/interrupt_controller/libdrivers__interrupt_controller.a(intc_exti_stm32.c.obj)
 .rodata.exti_irq_table
                0x0000000008007b18       0x10 drivers/interrupt_controller/libdrivers__interrupt_controller.a(intc_exti_stm32.c.obj)
                0x0000000008007b18                exti_irq_table
 .rodata.str1.1
                0x0000000008007b28        0xd drivers/clock_control/libdrivers__clock_control.a(clock_stm32_ll_common.c.obj)
 .rodata.z_log_msg2_runtime_create.constprop.0.str1.1
                0x0000000008007b35       0x11 drivers/counter/libdrivers__counter.a(counter_ll_stm32_rtc.c.obj)
 .rodata.str1.1
                0x0000000008007b46       0x18 drivers/counter/libdrivers__counter.a(counter_ll_stm32_rtc.c.obj)
 .rodata.str1.1
                0x0000000008007b5e       0x36 drivers/gpio/libdrivers__gpio.a(gpio_stm32.c.obj)
 .rodata.pwm_stm32_set_cycles.str1.1
                0x0000000008007b94       0x66 drivers/pwm/libdrivers__pwm.a(pwm_stm32.c.obj)
 .rodata.pwm_stm32_init.str1.1
                0x0000000008007bfa       0x7b drivers/pwm/libdrivers__pwm.a(pwm_stm32.c.obj)
 .rodata.str1.1
                0x0000000008007c75       0x24 drivers/pwm/libdrivers__pwm.a(pwm_stm32.c.obj)
 .rodata.SHIFT_TAB_CCxP
                0x0000000008007c99        0x9 drivers/pwm/libdrivers__pwm.a(pwm_stm32.c.obj)
 .rodata.SHIFT_TAB_OCxx
                0x0000000008007ca2        0x9 drivers/pwm/libdrivers__pwm.a(pwm_stm32.c.obj)
 .rodata.OFFSET_TAB_CCMRx
                0x0000000008007cab        0x9 drivers/pwm/libdrivers__pwm.a(pwm_stm32.c.obj)
 .rodata.uart_stm32_set_baudrate.str1.1
                0x0000000008007cb4       0x45 drivers/serial/libdrivers__serial.a(uart_stm32.c.obj)
 .rodata.uart_stm32_init.str1.1
                0x0000000008007cf9       0x52 drivers/serial/libdrivers__serial.a(uart_stm32.c.obj)
 .rodata.str1.1
                0x0000000008007d4b       0x22 drivers/serial/libdrivers__serial.a(uart_stm32.c.obj)
 .rodata.AHBPrescTable
                0x0000000008007d6d       0x10 ../modules/stm32/stm32cube/lib..__modules__hal__stm32__stm32cube.a(system_stm32l4xx.c.obj)
                0x0000000008007d6d                AHBPrescTable
 .rodata.k_sys_fatal_error_handler.str1.1
                0x0000000008007d7d        0xf kernel/libkernel.a(fatal.c.obj)
 .rodata.z_fatal_error.str1.1
                0x0000000008007d8c       0x77 kernel/libkernel.a(fatal.c.obj)
 .rodata.str1.1
                0x0000000008007e03       0x4a kernel/libkernel.a(fatal.c.obj)
 .rodata.z_cstart.str1.1
                0x0000000008007e4d        0x5 kernel/libkernel.a(init.c.obj)
 .rodata.str1.1
                0x0000000008007e4d        0x3 kernel/libkernel.a(init.c.obj)
 .rodata.boot_banner.str1.1
                0x0000000008007e50       0x35 kernel/libkernel.a(banner.c.obj)
                                         0x36 (size before relaxing)
 *(SORT_BY_ALIGNMENT(.gnu.linkonce.r.*))
                0x0000000008007e88                . = ALIGN (0x4)
 *fill*         0x0000000008007e85        0x3 
                0x0000000008007e88                __rodata_region_end = .
                0x0000000008007ea0                . = ALIGN (_region_min_align)
                0x0000000008008000                . = ALIGN ((0x1 << ((__rodata_region_end - __rom_region_start) <= 0x4)?0x2:((__rodata_region_end - __rom_region_start) <= 0x8)?0x3:((__rodata_region_end - __rom_region_start) <= 0x10)?0x4:((__rodata_region_end - __rom_region_start) <= 0x20)?0x5:((__rodata_region_end - __rom_region_start) <= 0x40)?0x6:((__rodata_region_end - __rom_region_start) <= 0x80)?0x7:((__rodata_region_end - __rom_region_start) <= 0x100)?0x8:((__rodata_region_end - __rom_region_start) <= 0x200)?0x9:((__rodata_region_end - __rom_region_start) <= 0x400)?0xa:((__rodata_region_end - __rom_region_start) <= 0x800)?0xb:((__rodata_region_end - __rom_region_start) <= 0x1000)?0xc:((__rodata_region_end - __rom_region_start) <= 0x2000)?0xd:((__rodata_region_end - __rom_region_start) <= 0x4000)?0xe:((__rodata_region_end - __rom_region_start) <= 0x8000)?0xf:((__rodata_region_end - __rom_region_start) <= 0x10000)?0x10:((__rodata_region_end - __rom_region_start) <= 0x20000)?0x11:((__rodata_region_end - __rom_region_start) <= 0x40000)?0x12:((__rodata_region_end - __rom_region_start) <= 0x80000)?0x13:((__rodata_region_end - __rom_region_start) <= 0x100000)?0x14:((__rodata_region_end - __rom_region_start) <= 0x200000)?0x15:((__rodata_region_end - __rom_region_start) <= 0x400000)?0x16:((__rodata_region_end - __rom_region_start) <= 0x800000)?0x17:((__rodata_region_end - __rom_region_start) <= 0x1000000)?0x18:((__rodata_region_end - __rom_region_start) <= 0x2000000)?0x19:((__rodata_region_end - __rom_region_start) <= 0x4000000)?0x1a:((__rodata_region_end - __rom_region_start) <= 0x8000000)?0x1b:((__rodata_region_end - __rom_region_start) <= 0x10000000)?0x1c:((__rodata_region_end - __rom_region_start) <= 0x20000000)?0x1d:((__rodata_region_end - __rom_region_start) <= 0x40000000)?0x1e:((__rodata_region_end - __rom_region_start) <= 0x80000000)?0x1f:0x20))
                0x0000000008008000                __rom_region_end = .

/DISCARD/
 *(SORT_BY_ALIGNMENT(.got.plt))
 *(SORT_BY_ALIGNMENT(.igot.plt))
 *(SORT_BY_ALIGNMENT(.got))
 *(SORT_BY_ALIGNMENT(.igot))
                0x0000000020000000                . = 0x20000000
                0x0000000020000000                . = ALIGN (_region_min_align)
                0x0000000020000000                _image_ram_start = .

.ramfunc        0x0000000020000000        0x0 load address 0x0000000008007e88
                0x0000000020000000                . = ALIGN (_region_min_align)
                0x0000000020000000                . = ALIGN ((0x1 << (__ramfunc_size <= 0x4)?0x2:(__ramfunc_size <= 0x8)?0x3:(__ramfunc_size <= 0x10)?0x4:(__ramfunc_size <= 0x20)?0x5:(__ramfunc_size <= 0x40)?0x6:(__ramfunc_size <= 0x80)?0x7:(__ramfunc_size <= 0x100)?0x8:(__ramfunc_size <= 0x200)?0x9:(__ramfunc_size <= 0x400)?0xa:(__ramfunc_size <= 0x800)?0xb:(__ramfunc_size <= 0x1000)?0xc:(__ramfunc_size <= 0x2000)?0xd:(__ramfunc_size <= 0x4000)?0xe:(__ramfunc_size <= 0x8000)?0xf:(__ramfunc_size <= 0x10000)?0x10:(__ramfunc_size <= 0x20000)?0x11:(__ramfunc_size <= 0x40000)?0x12:(__ramfunc_size <= 0x80000)?0x13:(__ramfunc_size <= 0x100000)?0x14:(__ramfunc_size <= 0x200000)?0x15:(__ramfunc_size <= 0x400000)?0x16:(__ramfunc_size <= 0x800000)?0x17:(__ramfunc_size <= 0x1000000)?0x18:(__ramfunc_size <= 0x2000000)?0x19:(__ramfunc_size <= 0x4000000)?0x1a:(__ramfunc_size <= 0x8000000)?0x1b:(__ramfunc_size <= 0x10000000)?0x1c:(__ramfunc_size <= 0x20000000)?0x1d:(__ramfunc_size <= 0x40000000)?0x1e:(__ramfunc_size <= 0x80000000)?0x1f:0x20))
                0x0000000020000000                __ramfunc_start = .
 *(SORT_BY_ALIGNMENT(.ramfunc))
 *(SORT_BY_ALIGNMENT(.ramfunc.*))
                0x0000000020000000                . = ALIGN (_region_min_align)
                0x0000000020000000                . = ALIGN ((0x1 << (__ramfunc_size <= 0x4)?0x2:(__ramfunc_size <= 0x8)?0x3:(__ramfunc_size <= 0x10)?0x4:(__ramfunc_size <= 0x20)?0x5:(__ramfunc_size <= 0x40)?0x6:(__ramfunc_size <= 0x80)?0x7:(__ramfunc_size <= 0x100)?0x8:(__ramfunc_size <= 0x200)?0x9:(__ramfunc_size <= 0x400)?0xa:(__ramfunc_size <= 0x800)?0xb:(__ramfunc_size <= 0x1000)?0xc:(__ramfunc_size <= 0x2000)?0xd:(__ramfunc_size <= 0x4000)?0xe:(__ramfunc_size <= 0x8000)?0xf:(__ramfunc_size <= 0x10000)?0x10:(__ramfunc_size <= 0x20000)?0x11:(__ramfunc_size <= 0x40000)?0x12:(__ramfunc_size <= 0x80000)?0x13:(__ramfunc_size <= 0x100000)?0x14:(__ramfunc_size <= 0x200000)?0x15:(__ramfunc_size <= 0x400000)?0x16:(__ramfunc_size <= 0x800000)?0x17:(__ramfunc_size <= 0x1000000)?0x18:(__ramfunc_size <= 0x2000000)?0x19:(__ramfunc_size <= 0x4000000)?0x1a:(__ramfunc_size <= 0x8000000)?0x1b:(__ramfunc_size <= 0x10000000)?0x1c:(__ramfunc_size <= 0x20000000)?0x1d:(__ramfunc_size <= 0x40000000)?0x1e:(__ramfunc_size <= 0x80000000)?0x1f:0x20))
                0x0000000020000000                __ramfunc_end = .
                0x0000000000000000                __ramfunc_size = (__ramfunc_end - __ramfunc_start)
                0x0000000008007e88                __ramfunc_load_start = LOADADDR (.ramfunc)

datas           0x0000000020000000       0x68 load address 0x0000000008007e88
                0x0000000020000000                __data_region_start = .
                0x0000000020000000                __data_start = .
 *(SORT_BY_ALIGNMENT(.data))
 *(SORT_BY_ALIGNMENT(.data.*))
 .data.last_phase.0
                0x0000000020000000        0x4 ../app/libapp.a(main.c.obj)
 .data._char_out
                0x0000000020000004        0x4 libzephyr.a(printk.c.obj)
                0x0000000020000004                _char_out
 .data.timestamp_func
                0x0000000020000008        0x4 libzephyr.a(log_core.c.obj)
 .data._stdout_hook
                0x000000002000000c        0x4 lib/libc/minimal/liblib__libc__minimal.a(stdout_console.c.obj)
 .data.stm32_clock_control_api
                0x0000000020000010       0x1c drivers/clock_control/libdrivers__clock_control.a(clock_stm32_ll_common.c.obj)
 .data.uart_stm32_data_2
                0x000000002000002c       0x10 drivers/serial/libdrivers__serial.a(uart_stm32.c.obj)
 .data.uart_stm32_data_1
                0x000000002000003c       0x10 drivers/serial/libdrivers__serial.a(uart_stm32.c.obj)
 .data.uart_stm32_data_0
                0x000000002000004c       0x10 drivers/serial/libdrivers__serial.a(uart_stm32.c.obj)
 .data.SystemCoreClock
                0x000000002000005c        0x4 ../modules/stm32/stm32cube/lib..__modules__hal__stm32__stm32cube.a(system_stm32l4xx.c.obj)
                0x000000002000005c                SystemCoreClock
 .data.timeout_list
                0x0000000020000060        0x8 kernel/libkernel.a(timeout.c.obj)
 *(SORT_BY_ALIGNMENT(.kernel.*))
                0x0000000020000068                __data_end = .
                0x0000000000000068                __data_size = (__data_end - __data_start)
                0x0000000008007e88                __data_load_start = LOADADDR (datas)
                0x0000000008007e88                __data_region_load_start = LOADADDR (datas)

device_states   0x0000000020000068       0x4c load address 0x0000000008007ef0
                0x0000000020000068                __device_states_start = .
 *(SORT_BY_ALIGNMENT(.z_devstate))
 .z_devstate    0x0000000020000068        0x4 drivers/interrupt_controller/libdrivers__interrupt_controller.a(intc_exti_stm32.c.obj)
 .z_devstate    0x000000002000006c        0x4 drivers/clock_control/libdrivers__clock_control.a(clock_stm32_ll_common.c.obj)
 .z_devstate    0x0000000020000070        0x4 drivers/counter/libdrivers__counter.a(counter_ll_stm32_rtc.c.obj)
 .z_devstate    0x0000000020000074       0x24 drivers/gpio/libdrivers__gpio.a(gpio_stm32.c.obj)
 .z_devstate    0x0000000020000098       0x10 drivers/pwm/libdrivers__pwm.a(pwm_stm32.c.obj)
 .z_devstate    0x00000000200000a8        0xc drivers/serial/libdrivers__serial.a(uart_stm32.c.obj)
 *(SORT_BY_ALIGNMENT(.z_devstate.*))
                0x00000000200000b4                __device_states_end = .

initshell       0x00000000200000b4        0x0 load address 0x0000000008007f3c
                0x00000000200000b4                __shell_module_start = .
 *(SORT_BY_ALIGNMENT(.shell_module_*))
                0x00000000200000b4                __shell_module_end = .
                0x00000000200000b4                __shell_cmd_start = .
 *(SORT_BY_ALIGNMENT(.shell_cmd_*))
                0x00000000200000b4                __shell_cmd_end = .

log_dynamic_sections
                0x00000000200000b4        0x0 load address 0x0000000008007f3c
                0x00000000200000b4                __log_dynamic_start = .
 *(SORT_BY_NAME(SORT_BY_ALIGNMENT(.log_dynamic_*)))
                0x00000000200000b4                __log_dynamic_end = .

_static_thread_data_area
                0x00000000200000b4        0x0 load address 0x0000000008007f3c
                0x00000000200000b4                __static_thread_data_list_start = .
 *(SORT_BY_NAME(SORT_BY_ALIGNMENT(.__static_thread_data.static.*)))
                0x00000000200000b4                __static_thread_data_list_end = .

k_timer_area    0x00000000200000b4        0x0 load address 0x0000000008007f3c
                0x00000000200000b4                _k_timer_list_start = .
 *(SORT_BY_NAME(SORT_BY_ALIGNMENT(._k_timer.static.*)))
                0x00000000200000b4                _k_timer_list_end = .

k_mem_slab_area
                0x00000000200000b4        0x0 load address 0x0000000008007f3c
                0x00000000200000b4                _k_mem_slab_list_start = .
 *(SORT_BY_NAME(SORT_BY_ALIGNMENT(._k_mem_slab.static.*)))
                0x00000000200000b4                _k_mem_slab_list_end = .

k_mem_pool_area
                0x00000000200000b4        0x0 load address 0x0000000008007f3c
                0x00000000200000b4                _k_mem_pool_list_start = .
 *(SORT_BY_NAME(SORT_BY_ALIGNMENT(._k_mem_pool.static.*)))
                0x00000000200000b4                _k_mem_pool_list_end = .

k_heap_area     0x00000000200000b4        0x0 load address 0x0000000008007f3c
                0x00000000200000b4                _k_heap_list_start = .
 *(SORT_BY_NAME(SORT_BY_ALIGNMENT(._k_heap.static.*)))
                0x00000000200000b4                _k_heap_list_end = .

k_mutex_area    0x00000000200000b4       0x14 load address 0x0000000008007f3c
                0x00000000200000b4                _k_mutex_list_start = .
 *(SORT_BY_NAME(SORT_BY_ALIGNMENT(._k_mutex.static.*)))
 ._k_mutex.static.control_lock
                0x00000000200000b4       0x14 ../app/libapp.a(main.c.obj)
                0x00000000200000c8                _k_mutex_list_end = .

k_stack_area    0x00000000200000c8        0x0 load address 0x0000000008007f50
                0x00000000200000c8                _k_stack_list_start = .
 *(SORT_BY_NAME(SORT_BY_ALIGNMENT(._k_stack.static.*)))
                0x00000000200000c8                _k_stack_list_end = .

k_msgq_area     0x00000000200000c8        0x0 load address 0x0000000008007f50
                0x00000000200000c8                _k_msgq_list_start = .
 *(SORT_BY_NAME(SORT_BY_ALIGNMENT(._k_msgq.static.*)))
                0x00000000200000c8                _k_msgq_list_end = .

k_mbox_area     0x00000000200000c8        0x0 load address 0x0000000008007f50
                0x00000000200000c8                _k_mbox_list_start = .
 *(SORT_BY_NAME(SORT_BY_ALIGNMENT(._k_mbox.static.*)))
                0x00000000200000c8                _k_mbox_list_end = .

k_pipe_area     0x00000000200000c8        0x0 load address 0x0000000008007f50
                0x00000000200000c8                _k_pipe_list_start = .
 *(SORT_BY_NAME(SORT_BY_ALIGNMENT(._k_pipe.static.*)))
                0x00000000200000c8                _k_pipe_list_end = .

k_sem_area      0x00000000200000c8        0x0 load address 0x0000000008007f50
                0x00000000200000c8                _k_sem_list_start = .
 *(SORT_BY_NAME(SORT_BY_ALIGNMENT(._k_sem.static.*)))
                0x00000000200000c8                _k_sem_list_end = .

k_event_area    0x00000000200000c8        0x0 load address 0x0000000008007f50
                0x00000000200000c8                _k_event_list_start = .
 *(SORT_BY_NAME(SORT_BY_ALIGNMENT(._k_event.static.*)))
                0x00000000200000c8                _k_event_list_end = .

k_queue_area    0x00000000200000c8        0x0 load address 0x0000000008007f50
                0x00000000200000c8                _k_queue_list_start = .
 *(SORT_BY_NAME(SORT_BY_ALIGNMENT(._k_queue.static.*)))
                0x00000000200000c8                _k_queue_list_end = .

k_condvar_area  0x00000000200000c8        0x0 load address 0x0000000008007f50
                0x00000000200000c8                _k_condvar_list_start = .
 *(SORT_BY_NAME(SORT_BY_ALIGNMENT(._k_condvar.static.*)))
                0x00000000200000c8                _k_condvar_list_end = .

_net_buf_pool_area
                0x00000000200000c8        0x0 load address 0x0000000008007f50
                0x00000000200000c8                _net_buf_pool_list = .
 *(SORT_BY_NAME(SORT_BY_ALIGNMENT(._net_buf_pool.static.*)))
                0x00000000200000c8                __data_region_end = .

bss             0x00000000200000c8      0x59a